Archive member included because of file (symbol)

/opt/cc3200/eclipse//../CC3200-Linux-SDK/lib/libdriver.a(i2c.o)
                              ./i2c_if.o (I2CMasterInitExpClk)
/opt/cc3200/eclipse//../CC3200-Linux-SDK/lib/libdriver.a(interrupt.o)
                              ./main.o (IntMasterEnable)
/opt/cc3200/eclipse//../CC3200-Linux-SDK/lib/libdriver.a(pin.o)
                              ./pinmux.o (PinTypeUART)
/opt/cc3200/eclipse//../CC3200-Linux-SDK/lib/libdriver.a(prcm.o)
                              ./i2c_if.o (PRCMPeripheralClkEnable)
/opt/cc3200/eclipse//../CC3200-Linux-SDK/lib/libdriver.a(uart.o)
                              ./uart_if.o (UARTConfigSetExpClk)
/opt/cc3200/eclipse//../CC3200-Linux-SDK/lib/libdriver.a(utils.o)
                              /opt/cc3200/eclipse//../CC3200-Linux-SDK/lib/libdriver.a(prcm.o) (UtilsDelay)
/opt/cc3200/eclipse//../CC3200-Linux-SDK/lib/libdriver.a(cpu.o)
                              /opt/cc3200/eclipse//../CC3200-Linux-SDK/lib/libdriver.a(interrupt.o) (CPUcpsid)
/opt/cc3200/eclipse//../CC3200-Linux-SDK/lib/libdriver.a(flash.o)
                              /opt/cc3200/eclipse//../CC3200-Linux-SDK/lib/libdriver.a(prcm.o) (FlashDisable)
/usr/bin/../lib/gcc/arm-none-eabi/4.9.3/armv7e-m/libgcc.a(_aeabi_uldivmod.o)
                              /opt/cc3200/eclipse//../CC3200-Linux-SDK/lib/libdriver.a(prcm.o) (__aeabi_uldivmod)
/usr/bin/../lib/gcc/arm-none-eabi/4.9.3/armv7e-m/libgcc.a(bpabi.o)
                              /usr/bin/../lib/gcc/arm-none-eabi/4.9.3/armv7e-m/libgcc.a(_aeabi_uldivmod.o) (__gnu_uldivmod_helper)
/usr/bin/../lib/gcc/arm-none-eabi/4.9.3/armv7e-m/libgcc.a(_dvmd_tls.o)
                              /usr/bin/../lib/gcc/arm-none-eabi/4.9.3/armv7e-m/libgcc.a(_aeabi_uldivmod.o) (__aeabi_ldiv0)
/usr/bin/../lib/gcc/arm-none-eabi/4.9.3/armv7e-m/libgcc.a(_divdi3.o)
                              /usr/bin/../lib/gcc/arm-none-eabi/4.9.3/armv7e-m/libgcc.a(bpabi.o) (__divdi3)
/usr/bin/../lib/gcc/arm-none-eabi/4.9.3/armv7e-m/libgcc.a(_udivdi3.o)
                              /usr/bin/../lib/gcc/arm-none-eabi/4.9.3/armv7e-m/libgcc.a(bpabi.o) (__udivdi3)
/usr/bin/../lib/gcc/arm-none-eabi/4.9.3/../../../../arm-none-eabi/lib/armv7e-m/libg.a(lib_a-exit.o)
                              /usr/bin/../lib/gcc/arm-none-eabi/4.9.3/../../../../arm-none-eabi/lib/armv7e-m/crt0.o (exit)
/usr/bin/../lib/gcc/arm-none-eabi/4.9.3/../../../../arm-none-eabi/lib/armv7e-m/libg.a(lib_a-impure.o)
                              /usr/bin/../lib/gcc/arm-none-eabi/4.9.3/../../../../arm-none-eabi/lib/armv7e-m/libg.a(lib_a-exit.o) (_global_impure_ptr)
/usr/bin/../lib/gcc/arm-none-eabi/4.9.3/../../../../arm-none-eabi/lib/armv7e-m/libg.a(lib_a-init.o)
                              /usr/bin/../lib/gcc/arm-none-eabi/4.9.3/../../../../arm-none-eabi/lib/armv7e-m/crt0.o (__libc_init_array)
/usr/bin/../lib/gcc/arm-none-eabi/4.9.3/../../../../arm-none-eabi/lib/armv7e-m/libg.a(lib_a-malloc.o)
                              ./uart_if.o (malloc)
/usr/bin/../lib/gcc/arm-none-eabi/4.9.3/../../../../arm-none-eabi/lib/armv7e-m/libg.a(lib_a-mallocr.o)
                              /usr/bin/../lib/gcc/arm-none-eabi/4.9.3/../../../../arm-none-eabi/lib/armv7e-m/libg.a(lib_a-malloc.o) (_malloc_r)
/usr/bin/../lib/gcc/arm-none-eabi/4.9.3/../../../../arm-none-eabi/lib/armv7e-m/libg.a(lib_a-memmove.o)
                              ./uart_if.o (memmove)
/usr/bin/../lib/gcc/arm-none-eabi/4.9.3/../../../../arm-none-eabi/lib/armv7e-m/libg.a(lib_a-memset.o)
                              /usr/bin/../lib/gcc/arm-none-eabi/4.9.3/../../../../arm-none-eabi/lib/armv7e-m/crt0.o (memset)
/usr/bin/../lib/gcc/arm-none-eabi/4.9.3/../../../../arm-none-eabi/lib/armv7e-m/libg.a(lib_a-mlock.o)
                              /usr/bin/../lib/gcc/arm-none-eabi/4.9.3/../../../../arm-none-eabi/lib/armv7e-m/libg.a(lib_a-mallocr.o) (__malloc_lock)
/usr/bin/../lib/gcc/arm-none-eabi/4.9.3/../../../../arm-none-eabi/lib/armv7e-m/libg.a(lib_a-realloc.o)
                              ./uart_if.o (realloc)
/usr/bin/../lib/gcc/arm-none-eabi/4.9.3/../../../../arm-none-eabi/lib/armv7e-m/libg.a(lib_a-reallocr.o)
                              /usr/bin/../lib/gcc/arm-none-eabi/4.9.3/../../../../arm-none-eabi/lib/armv7e-m/libg.a(lib_a-realloc.o) (_realloc_r)
/usr/bin/../lib/gcc/arm-none-eabi/4.9.3/../../../../arm-none-eabi/lib/armv7e-m/libg.a(lib_a-sbrkr.o)
                              /usr/bin/../lib/gcc/arm-none-eabi/4.9.3/../../../../arm-none-eabi/lib/armv7e-m/libg.a(lib_a-mallocr.o) (_sbrk_r)
/usr/bin/../lib/gcc/arm-none-eabi/4.9.3/../../../../arm-none-eabi/lib/armv7e-m/libg.a(lib_a-strcmp.o)
                              ./main.o (strcmp)
/usr/bin/../lib/gcc/arm-none-eabi/4.9.3/../../../../arm-none-eabi/lib/armv7e-m/libg.a(lib_a-strlen.o)
                              ./uart_if.o (strlen)
/usr/bin/../lib/gcc/arm-none-eabi/4.9.3/../../../../arm-none-eabi/lib/armv7e-m/libg.a(lib_a-strtok.o)
                              ./main.o (strtok)
[...]
Memory Configuration

Name             Origin             Length             Attributes
SRAM             0x0000000020004000 0x000000000003c000 xrw
*default*        0x0000000000000000 0xffffffffffffffff

Linker script and memory map

LOAD /usr/bin/../lib/gcc/arm-none-eabi/4.9.3/armv7e-m/crti.o
LOAD /usr/bin/../lib/gcc/arm-none-eabi/4.9.3/armv7e-m/crtbegin.o
LOAD /usr/bin/../lib/gcc/arm-none-eabi/4.9.3/../../../../arm-none-eabi/lib/armv7e-m/crt0.o
LOAD ./i2c_if.o
LOAD ./main.o
LOAD ./pinmux.o
LOAD ./startup_gcc.o
LOAD ./uart_if.o
LOAD /opt/cc3200/eclipse//../CC3200-Linux-SDK/lib/libdriver.a
START GROUP
LOAD /usr/bin/../lib/gcc/arm-none-eabi/4.9.3/armv7e-m/libgcc.a
LOAD /usr/bin/../lib/gcc/arm-none-eabi/4.9.3/../../../../arm-none-eabi/lib/armv7e-m/libg.a
LOAD /usr/bin/../lib/gcc/arm-none-eabi/4.9.3/../../../../arm-none-eabi/lib/armv7e-m/libc.a
END GROUP
LOAD /usr/bin/../lib/gcc/arm-none-eabi/4.9.3/armv7e-m/crtend.o
LOAD /usr/bin/../lib/gcc/arm-none-eabi/4.9.3/armv7e-m/crtn.o
                0x0000000000010000                HEAP_SIZE = 0x10000

.text           0x0000000020004000     0x6e50
                0x0000000020004000                _text = .
 *(.intvecs)
 .intvecs       0x0000000020004000      0x400 ./startup_gcc.o
                0x0000000020004000                g_pfnVectors
 *(.text*)
 .text.I2CTransact
                0x0000000020004400       0xb0 ./i2c_if.o
 .text.I2C_IF_Write
                0x00000000200044b0       0xc0 ./i2c_if.o
                0x00000000200044b0                I2C_IF_Write
 .text.I2C_IF_Read
                0x0000000020004570       0xc8 ./i2c_if.o
                0x0000000020004570                I2C_IF_Read
 .text.I2C_IF_Open
                0x0000000020004638       0x58 ./i2c_if.o
                0x0000000020004638                I2C_IF_Open
 .text.DisplayPrompt
                0x0000000020004690       0x10 ./main.o
                0x0000000020004690                DisplayPrompt
 .text.DisplayUsage
                0x00000000200046a0       0xc4 ./main.o
                0x00000000200046a0                DisplayUsage
 .text.DisplayBuffer
                0x0000000020004764       0x68 ./main.o
                0x0000000020004764                DisplayBuffer
 .text.DisplayBanner
                0x00000000200047cc       0x3c ./main.o
 .text.ProcessReadCommand
                0x0000000020004808       0xcc ./main.o
                0x0000000020004808                ProcessReadCommand
 .text.ProcessReadRegCommand
                0x00000000200048d4      0x11c ./main.o
                0x00000000200048d4                ProcessReadRegCommand
 .text.ProcessWriteRegCommand
                0x00000000200049f0      0x164 ./main.o
                0x00000000200049f0                ProcessWriteRegCommand
 .text.ProcessWriteCommand
                0x0000000020004b54      0x148 ./main.o
                0x0000000020004b54                ProcessWriteCommand
 .text.ParseNProcessCmd
                0x0000000020004c9c       0xac ./main.o
                0x0000000020004c9c                ParseNProcessCmd
 .text.BoardInit
                0x0000000020004d48       0x20 ./main.o
 .text.main     0x0000000020004d68       0x80 ./main.o
                0x0000000020004d68                main
 .text.PinMuxConfig
                0x0000000020004de8       0x38 ./pinmux.o
                0x0000000020004de8                PinMuxConfig
 .text.ResetISR
                0x0000000020004e20       0x58 ./startup_gcc.o
                0x0000000020004e20                ResetISR
 .text.NmiSR    0x0000000020004e78        0x8 ./startup_gcc.o
 .text.FaultISR
                0x0000000020004e80        0x8 ./startup_gcc.o
 .text.BusFaultHandler
                0x0000000020004e88        0x8 ./startup_gcc.o
 .text.IntDefaultHandler
                0x0000000020004e90        0x8 ./startup_gcc.o
 .text._sbrk    0x0000000020004e98       0x54 ./startup_gcc.o
                0x0000000020004e98                _sbrk
 .text.InitTerm
                0x0000000020004eec       0x2c ./uart_if.o
                0x0000000020004eec                InitTerm
 .text.Message  0x0000000020004f18       0x34 ./uart_if.o
                0x0000000020004f18                Message
 .text.GetCmd   0x0000000020004f4c       0xc0 ./uart_if.o
                0x0000000020004f4c                GetCmd
 .text.Report   0x000000002000500c       0x9c ./uart_if.o
                0x000000002000500c                Report
 .text.I2CMasterEnable
                0x00000000200050a8        0xa /opt/cc3200/eclipse//../CC3200-Linux-SDK/lib/libdriver.a(i2c.o)
                0x00000000200050a8                I2CMasterEnable
 *fill*         0x00000000200050b2        0x2 
 .text.I2CMasterInitExpClk
                0x00000000200050b4       0x54 /opt/cc3200/eclipse//../CC3200-Linux-SDK/lib/libdriver.a(i2c.o)
                0x00000000200050b4                I2CMasterInitExpClk
 .text.I2CMasterIntStatusEx
                0x0000000020005108        0xa /opt/cc3200/eclipse//../CC3200-Linux-SDK/lib/libdriver.a(i2c.o)
                0x0000000020005108                I2CMasterIntStatusEx
 .text.I2CMasterIntClearEx
                0x0000000020005112        0x4 /opt/cc3200/eclipse//../CC3200-Linux-SDK/lib/libdriver.a(i2c.o)
                0x0000000020005112                I2CMasterIntClearEx
 .text.I2CMasterSlaveAddrSet
                0x0000000020005116        0x8 /opt/cc3200/eclipse//../CC3200-Linux-SDK/lib/libdriver.a(i2c.o)
                0x0000000020005116                I2CMasterSlaveAddrSet
 .text.I2CMasterControl
                0x000000002000511e        0x4 /opt/cc3200/eclipse//../CC3200-Linux-SDK/lib/libdriver.a(i2c.o)
                0x000000002000511e                I2CMasterControl
 .text.I2CMasterErr
                0x0000000020005122       0x16 /opt/cc3200/eclipse//../CC3200-Linux-SDK/lib/libdriver.a(i2c.o)
                0x0000000020005122                I2CMasterErr
 .text.I2CMasterDataPut
                0x0000000020005138        0x4 /opt/cc3200/eclipse//../CC3200-Linux-SDK/lib/libdriver.a(i2c.o)
                0x0000000020005138                I2CMasterDataPut
 .text.I2CMasterDataGet
                0x000000002000513c        0x4 /opt/cc3200/eclipse//../CC3200-Linux-SDK/lib/libdriver.a(i2c.o)
                0x000000002000513c                I2CMasterDataGet
 .text.I2CMasterTimeoutSet
                0x0000000020005140        0x4 /opt/cc3200/eclipse//../CC3200-Linux-SDK/lib/libdriver.a(i2c.o)
                0x0000000020005140                I2CMasterTimeoutSet
 .text.IntMasterEnable
                0x0000000020005144        0xa /opt/cc3200/eclipse//../CC3200-Linux-SDK/lib/libdriver.a(interrupt.o)
                0x0000000020005144                IntMasterEnable
 *fill*         0x000000002000514e        0x2 
 .text.IntVTableBaseSet
                0x0000000020005150        0xc /opt/cc3200/eclipse//../CC3200-Linux-SDK/lib/libdriver.a(interrupt.o)
                0x0000000020005150                IntVTableBaseSet
 .text.IntEnable
                0x000000002000515c       0x64 /opt/cc3200/eclipse//../CC3200-Linux-SDK/lib/libdriver.a(interrupt.o)
                0x000000002000515c                IntEnable
 .text.PinModeSet
                0x00000000200051c0       0x28 /opt/cc3200/eclipse//../CC3200-Linux-SDK/lib/libdriver.a(pin.o)
                0x00000000200051c0                PinModeSet
 .text.PinConfigSet
                0x00000000200051e8       0x5c /opt/cc3200/eclipse//../CC3200-Linux-SDK/lib/libdriver.a(pin.o)
                0x00000000200051e8                PinConfigSet
 .text.PinTypeUART
                0x0000000020005244       0x16 /opt/cc3200/eclipse//../CC3200-Linux-SDK/lib/libdriver.a(pin.o)
                0x0000000020005244                PinTypeUART
 .text.PinTypeI2C
                0x000000002000525a       0x18 /opt/cc3200/eclipse//../CC3200-Linux-SDK/lib/libdriver.a(pin.o)
                0x000000002000525a                PinTypeI2C
 *fill*         0x0000000020005272        0x2 
 .text.PRCMSysResetCauseGet
                0x0000000020005274       0x2c /opt/cc3200/eclipse//../CC3200-Linux-SDK/lib/libdriver.a(prcm.o)
                0x0000000020005274                PRCMSysResetCauseGet
 .text.PRCMPeripheralClkEnable
                0x00000000200052a0       0x2c /opt/cc3200/eclipse//../CC3200-Linux-SDK/lib/libdriver.a(prcm.o)
                0x00000000200052a0                PRCMPeripheralClkEnable
 .text.PRCMPeripheralClkDisable
                0x00000000200052cc       0x1c /opt/cc3200/eclipse//../CC3200-Linux-SDK/lib/libdriver.a(prcm.o)
                0x00000000200052cc                PRCMPeripheralClkDisable
 .text.PRCMPeripheralClockGet
                0x00000000200052e8       0x48 /opt/cc3200/eclipse//../CC3200-Linux-SDK/lib/libdriver.a(prcm.o)
                0x00000000200052e8                PRCMPeripheralClockGet
 .text.PRCMPeripheralReset
                0x0000000020005330       0x40 /opt/cc3200/eclipse//../CC3200-Linux-SDK/lib/libdriver.a(prcm.o)
                0x0000000020005330                PRCMPeripheralReset
 .text.PRCMCC3200MCUInit
                0x0000000020005370      0x120 /opt/cc3200/eclipse//../CC3200-Linux-SDK/lib/libdriver.a(prcm.o)
                0x0000000020005370                PRCMCC3200MCUInit
 .text.UARTEnable
                0x0000000020005490       0x16 /opt/cc3200/eclipse//../CC3200-Linux-SDK/lib/libdriver.a(uart.o)
                0x0000000020005490                UARTEnable
 .text.UARTDisable
                0x00000000200054a6       0x1c /opt/cc3200/eclipse//../CC3200-Linux-SDK/lib/libdriver.a(uart.o)
                0x00000000200054a6                UARTDisable
 .text.UARTConfigSetExpClk
                0x00000000200054c2       0x48 /opt/cc3200/eclipse//../CC3200-Linux-SDK/lib/libdriver.a(uart.o)
                0x00000000200054c2                UARTConfigSetExpClk
 .text.UARTCharsAvail
                0x000000002000550a        0xc /opt/cc3200/eclipse//../CC3200-Linux-SDK/lib/libdriver.a(uart.o)
                0x000000002000550a                UARTCharsAvail
 .text.UARTCharGetNonBlocking
                0x0000000020005516        0xe /opt/cc3200/eclipse//../CC3200-Linux-SDK/lib/libdriver.a(uart.o)
                0x0000000020005516                UARTCharGetNonBlocking
 .text.UARTCharPut
                0x0000000020005524        0xa /opt/cc3200/eclipse//../CC3200-Linux-SDK/lib/libdriver.a(uart.o)
                0x0000000020005524                UARTCharPut
 .text.UtilsDelay
                0x000000002000552e        0x8 /opt/cc3200/eclipse//../CC3200-Linux-SDK/lib/libdriver.a(utils.o)
                0x000000002000552e                UtilsDelay
 .text.CPUcpsie
                0x0000000020005536       0x10 /opt/cc3200/eclipse//../CC3200-Linux-SDK/lib/libdriver.a(cpu.o)
                0x0000000020005536                CPUcpsie
 *fill*         0x0000000020005546        0x2 
 .text          0x0000000020005548       0x30 /usr/bin/../lib/gcc/arm-none-eabi/4.9.3/armv7e-m/libgcc.a(_aeabi_uldivmod.o)
                0x0000000020005548                __aeabi_uldivmod
 .text          0x0000000020005578       0x60 /usr/bin/../lib/gcc/arm-none-eabi/4.9.3/armv7e-m/libgcc.a(bpabi.o)
                0x0000000020005578                __gnu_ldivmod_helper
                0x00000000200055a8                __gnu_uldivmod_helper
 .text          0x00000000200055d8        0x4 /usr/bin/../lib/gcc/arm-none-eabi/4.9.3/armv7e-m/libgcc.a(_dvmd_tls.o)
                0x00000000200055d8                __aeabi_ldiv0
                0x00000000200055d8                __aeabi_idiv0
 .text          0x00000000200055dc      0x29c /usr/bin/../lib/gcc/arm-none-eabi/4.9.3/armv7e-m/libgcc.a(_divdi3.o)
                0x00000000200055dc                __divdi3
 .text          0x0000000020005878      0x26c /usr/bin/../lib/gcc/arm-none-eabi/4.9.3/armv7e-m/libgcc.a(_udivdi3.o)
                0x0000000020005878                __udivdi3
 .text.malloc   0x0000000020005ae4       0x10 /usr/bin/../lib/gcc/arm-none-eabi/4.9.3/../../../../arm-none-eabi/lib/armv7e-m/libg.a(lib_a-malloc.o)
                0x0000000020005ae4                malloc
 .text.free     0x0000000020005af4       0x10 /usr/bin/../lib/gcc/arm-none-eabi/4.9.3/../../../../arm-none-eabi/lib/armv7e-m/libg.a(lib_a-malloc.o)
                0x0000000020005af4                free
 .text._malloc_r
                0x0000000020005b04      0x524 /usr/bin/../lib/gcc/arm-none-eabi/4.9.3/../../../../arm-none-eabi/lib/armv7e-m/libg.a(lib_a-mallocr.o)
                0x0000000020005b04                _malloc_r
 .text.memmove  0x0000000020006028       0xc8 /usr/bin/../lib/gcc/arm-none-eabi/4.9.3/../../../../arm-none-eabi/lib/armv7e-m/libg.a(lib_a-memmove.o)
                0x0000000020006028                memmove
 .text.memset   0x00000000200060f0       0x9c /usr/bin/../lib/gcc/arm-none-eabi/4.9.3/../../../../arm-none-eabi/lib/armv7e-m/libg.a(lib_a-memset.o)
                0x00000000200060f0                memset
 .text.__malloc_lock
                0x000000002000618c        0x4 /usr/bin/../lib/gcc/arm-none-eabi/4.9.3/../../../../arm-none-eabi/lib/armv7e-m/libg.a(lib_a-mlock.o)
                0x000000002000618c                __malloc_lock
 .text.__malloc_unlock
                0x0000000020006190        0x4 /usr/bin/../lib/gcc/arm-none-eabi/4.9.3/../../../../arm-none-eabi/lib/armv7e-m/libg.a(lib_a-mlock.o)
                0x0000000020006190                __malloc_unlock
 .text.realloc  0x0000000020006194       0x10 /usr/bin/../lib/gcc/arm-none-eabi/4.9.3/../../../../arm-none-eabi/lib/armv7e-m/libg.a(lib_a-realloc.o)
                0x0000000020006194                realloc
 .text._realloc_r
                0x00000000200061a4      0x3ec /usr/bin/../lib/gcc/arm-none-eabi/4.9.3/../../../../arm-none-eabi/lib/armv7e-m/libg.a(lib_a-reallocr.o)
                0x00000000200061a4                _realloc_r
 .text._sbrk_r  0x0000000020006590       0x24 /usr/bin/../lib/gcc/arm-none-eabi/4.9.3/../../../../arm-none-eabi/lib/armv7e-m/libg.a(lib_a-sbrkr.o)
                0x0000000020006590                _sbrk_r
 *fill*         0x00000000200065b4        0xc 
 .text          0x00000000200065c0      0x2dc /usr/bin/../lib/gcc/arm-none-eabi/4.9.3/../../../../arm-none-eabi/lib/armv7e-m/libg.a(lib_a-strcmp.o)
                0x00000000200065c8                strcmp
 .text.strlen   0x000000002000689c       0x5c /usr/bin/../lib/gcc/arm-none-eabi/4.9.3/../../../../arm-none-eabi/lib/armv7e-m/libg.a(lib_a-strlen.o)
                0x000000002000689c                strlen
 .text.strtok   0x00000000200068f8       0x10 /usr/bin/../lib/gcc/arm-none-eabi/4.9.3/../../../../arm-none-eabi/lib/armv7e-m/libg.a(lib_a-strtok.o)
                0x00000000200068f8                strtok
 .text.__strtok_r
                0x0000000020006908       0x64 /usr/bin/../lib/gcc/arm-none-eabi/4.9.3/../../../../arm-none-eabi/lib/armv7e-m/libg.a(lib_a-strtok_r.o)
                0x0000000020006908                __strtok_r
 .text._strtoul_r
                0x000000002000696c      0x128 /usr/bin/../lib/gcc/arm-none-eabi/4.9.3/../../../../arm-none-eabi/lib/armv7e-m/libg.a(lib_a-strtoul.o)
                0x000000002000696c                _strtoul_r
 .text.strtoul  0x0000000020006a94       0x18 /usr/bin/../lib/gcc/arm-none-eabi/4.9.3/../../../../arm-none-eabi/lib/armv7e-m/libg.a(lib_a-strtoul.o)
                0x0000000020006a94                strtoul
 .text._vsnprintf_r
                0x0000000020006aac       0x74 /usr/bin/../lib/gcc/arm-none-eabi/4.9.3/../../../../arm-none-eabi/lib/armv7e-m/libg.a(lib_a-vsnprintf.o)
                0x0000000020006aac                _vsnprintf_r
 .text.vsnprintf
                0x0000000020006b20       0x20 /usr/bin/../lib/gcc/arm-none-eabi/4.9.3/../../../../arm-none-eabi/lib/armv7e-m/libg.a(lib_a-vsnprintf.o)
                0x0000000020006b20                vsnprintf
 .text._malloc_trim_r
                0x0000000020006b40       0x9c /usr/bin/../lib/gcc/arm-none-eabi/4.9.3/../../../../arm-none-eabi/lib/armv7e-m/libg.a(lib_a-freer.o)
                0x0000000020006b40                _malloc_trim_r
 .text._free_r  0x0000000020006bdc      0x1b0 /usr/bin/../lib/gcc/arm-none-eabi/4.9.3/../../../../arm-none-eabi/lib/armv7e-m/libg.a(lib_a-freer.o)
                0x0000000020006bdc                _free_r
 .text._svfprintf_r
                0x0000000020006d8c     0x1494 /usr/bin/../lib/gcc/arm-none-eabi/4.9.3/../../../../arm-none-eabi/lib/armv7e-m/libg.a(lib_a-svfprintf.o)
                0x0000000020006d8c                _svfprintf_r
 .text.quorem   0x0000000020008220      0x12c /usr/bin/../lib/gcc/arm-none-eabi/4.9.3/../../../../arm-none-eabi/lib/armv7e-m/libg.a(lib_a-dtoa.o)
 *fill*         0x000000002000834c        0x4 
 .text._dtoa_r  0x0000000020008350      0xe94 /usr/bin/../lib/gcc/arm-none-eabi/4.9.3/../../../../arm-none-eabi/lib/armv7e-m/libg.a(lib_a-dtoa.o)
                0x0000000020008350                _dtoa_r
 .text._localeconv_r
                0x00000000200091e4        0x8 /usr/bin/../lib/gcc/arm-none-eabi/4.9.3/../../../../arm-none-eabi/lib/armv7e-m/libg.a(lib_a-locale.o)
                0x00000000200091e4                _localeconv_r
 .text.memchr   0x00000000200091ec       0x94 /usr/bin/../lib/gcc/arm-none-eabi/4.9.3/../../../../arm-none-eabi/lib/armv7e-m/libg.a(lib_a-memchr.o)
                0x00000000200091ec                memchr
 .text          0x0000000020009280      0x134 /usr/bin/../lib/gcc/arm-none-eabi/4.9.3/../../../../arm-none-eabi/lib/armv7e-m/libg.a(lib_a-memcpy.o)
                0x0000000020009280                memcpy
 .text._Balloc  0x00000000200093b4       0x4c /usr/bin/../lib/gcc/arm-none-eabi/4.9.3/../../../../arm-none-eabi/lib/armv7e-m/libg.a(lib_a-mprec.o)
                0x00000000200093b4                _Balloc
 .text._Bfree   0x0000000020009400       0x14 /usr/bin/../lib/gcc/arm-none-eabi/4.9.3/../../../../arm-none-eabi/lib/armv7e-m/libg.a(lib_a-mprec.o)
                0x0000000020009400                _Bfree
 .text.__multadd
                0x0000000020009414       0x84 /usr/bin/../lib/gcc/arm-none-eabi/4.9.3/../../../../arm-none-eabi/lib/armv7e-m/libg.a(lib_a-mprec.o)
                0x0000000020009414                __multadd
 .text.__hi0bits
                0x0000000020009498       0x40 /usr/bin/../lib/gcc/arm-none-eabi/4.9.3/../../../../arm-none-eabi/lib/armv7e-m/libg.a(lib_a-mprec.o)
                0x0000000020009498                __hi0bits
 .text.__lo0bits
                0x00000000200094d8       0x5c /usr/bin/../lib/gcc/arm-none-eabi/4.9.3/../../../../arm-none-eabi/lib/armv7e-m/libg.a(lib_a-mprec.o)
                0x00000000200094d8                __lo0bits
 .text.__i2b    0x0000000020009534       0x14 /usr/bin/../lib/gcc/arm-none-eabi/4.9.3/../../../../arm-none-eabi/lib/armv7e-m/libg.a(lib_a-mprec.o)
                0x0000000020009534                __i2b
 .text.__multiply
                0x0000000020009548      0x134 /usr/bin/../lib/gcc/arm-none-eabi/4.9.3/../../../../arm-none-eabi/lib/armv7e-m/libg.a(lib_a-mprec.o)
                0x0000000020009548                __multiply
 .text.__pow5mult
                0x000000002000967c       0xa0 /usr/bin/../lib/gcc/arm-none-eabi/4.9.3/../../../../arm-none-eabi/lib/armv7e-m/libg.a(lib_a-mprec.o)
                0x000000002000967c                __pow5mult
 .text.__lshift
                0x000000002000971c       0xac /usr/bin/../lib/gcc/arm-none-eabi/4.9.3/../../../../arm-none-eabi/lib/armv7e-m/libg.a(lib_a-mprec.o)
                0x000000002000971c                __lshift
 .text.__mcmp   0x00000000200097c8       0x48 /usr/bin/../lib/gcc/arm-none-eabi/4.9.3/../../../../arm-none-eabi/lib/armv7e-m/libg.a(lib_a-mprec.o)
                0x00000000200097c8                __mcmp
 .text.__mdiff  0x0000000020009810       0xd4 /usr/bin/../lib/gcc/arm-none-eabi/4.9.3/../../../../arm-none-eabi/lib/armv7e-m/libg.a(lib_a-mprec.o)
                0x0000000020009810                __mdiff
 .text.__d2b    0x00000000200098e4       0xb8 /usr/bin/../lib/gcc/arm-none-eabi/4.9.3/../../../../arm-none-eabi/lib/armv7e-m/libg.a(lib_a-mprec.o)
                0x00000000200098e4                __d2b
 .text.__fpclassifyd
                0x000000002000999c       0x58 /usr/bin/../lib/gcc/arm-none-eabi/4.9.3/../../../../arm-none-eabi/lib/armv7e-m/libg.a(lib_a-s_fpclassify.o)
                0x000000002000999c                __fpclassifyd
 .text.__ssprint_r
                0x00000000200099f4      0x104 /usr/bin/../lib/gcc/arm-none-eabi/4.9.3/../../../../arm-none-eabi/lib/armv7e-m/libg.a(lib_a-svfiprintf.o)
                0x00000000200099f4                __ssprint_r
 .text._calloc_r
                0x0000000020009af8       0x60 /usr/bin/../lib/gcc/arm-none-eabi/4.9.3/../../../../arm-none-eabi/lib/armv7e-m/libg.a(lib_a-callocr.o)
                0x0000000020009af8                _calloc_r
 .text          0x0000000020009b58      0x370 /usr/bin/../lib/gcc/arm-none-eabi/4.9.3/armv7e-m/libgcc.a(_arm_addsubdf3.o)
                0x0000000020009b58                __aeabi_drsub
                0x0000000020009b60                __aeabi_dsub
                0x0000000020009b60                __subdf3
                0x0000000020009b64                __adddf3
                0x0000000020009b64                __aeabi_dadd
                0x0000000020009ddc                __aeabi_ui2d
                0x0000000020009ddc                __floatunsidf
                0x0000000020009dfc                __floatsidf
                0x0000000020009dfc                __aeabi_i2d
                0x0000000020009e20                __extendsfdf2
                0x0000000020009e20                __aeabi_f2d
                0x0000000020009e5c                __aeabi_ul2d
                0x0000000020009e5c                __floatundidf
                0x0000000020009e6c                __floatdidf
                0x0000000020009e6c                __aeabi_l2d
 .text          0x0000000020009ec8      0x424 /usr/bin/../lib/gcc/arm-none-eabi/4.9.3/armv7e-m/libgcc.a(_arm_muldivdf3.o)
                0x0000000020009ec8                __aeabi_dmul
                0x0000000020009ec8                __muldf3
                0x000000002000a11c                __aeabi_ddiv
                0x000000002000a11c                __divdf3
 .text          0x000000002000a2ec      0x110 /usr/bin/../lib/gcc/arm-none-eabi/4.9.3/armv7e-m/libgcc.a(_arm_cmpdf2.o)
                0x000000002000a2ec                __gtdf2
                0x000000002000a2ec                __gedf2
                0x000000002000a2f4                __ltdf2
                0x000000002000a2f4                __ledf2
                0x000000002000a2fc                __cmpdf2
                0x000000002000a2fc                __eqdf2
                0x000000002000a2fc                __nedf2
                0x000000002000a378                __aeabi_cdrcmple
                0x000000002000a388                __aeabi_cdcmple
                0x000000002000a388                __aeabi_cdcmpeq
                0x000000002000a398                __aeabi_dcmpeq
                0x000000002000a3ac                __aeabi_dcmplt
                0x000000002000a3c0                __aeabi_dcmple
                0x000000002000a3d4                __aeabi_dcmpge
                0x000000002000a3e8                __aeabi_dcmpgt
 .text          0x000000002000a3fc       0x50 /usr/bin/../lib/gcc/arm-none-eabi/4.9.3/armv7e-m/libgcc.a(_arm_fixdfsi.o)
                0x000000002000a3fc                __fixdfsi
                0x000000002000a3fc                __aeabi_d2iz
 *(.rodata*)
 .rodata        0x000000002000a44c      0x58a ./main.o
 *fill*         0x000000002000a9d6        0x2 
 .rodata        0x000000002000a9d8       0x2a ./uart_if.o
 *fill*         0x000000002000aa02        0x2 
 .rodata.g_pulEnRegs
                0x000000002000aa04       0x18 /opt/cc3200/eclipse//../CC3200-Linux-SDK/lib/libdriver.a(interrupt.o)
 .rodata.g_ulPinToPadMap
                0x000000002000aa1c      0x100 /opt/cc3200/eclipse//../CC3200-Linux-SDK/lib/libdriver.a(pin.o)
 .rodata.PRCM_PeriphRegsList
                0x000000002000ab1c       0xa8 /opt/cc3200/eclipse//../CC3200-Linux-SDK/lib/libdriver.a(prcm.o)
 .rodata.str1.4
                0x000000002000abc4        0x2 /usr/bin/../lib/gcc/arm-none-eabi/4.9.3/../../../../arm-none-eabi/lib/armv7e-m/libg.a(lib_a-impure.o)
 *fill*         0x000000002000abc6        0x2 
 .rodata._ctype_
                0x000000002000abc8      0x101 /usr/bin/../lib/gcc/arm-none-eabi/4.9.3/../../../../arm-none-eabi/lib/armv7e-m/libg.a(lib_a-ctype_.o)
                0x000000002000abc8                _ctype_
 *fill*         0x000000002000acc9        0x3 
 .rodata.zeroes.6911
                0x000000002000accc       0x10 /usr/bin/../lib/gcc/arm-none-eabi/4.9.3/../../../../arm-none-eabi/lib/armv7e-m/libg.a(lib_a-svfprintf.o)
 .rodata.blanks.6910
                0x000000002000acdc       0x10 /usr/bin/../lib/gcc/arm-none-eabi/4.9.3/../../../../arm-none-eabi/lib/armv7e-m/libg.a(lib_a-svfprintf.o)
 .rodata.str1.4
                0x000000002000acec       0x42 /usr/bin/../lib/gcc/arm-none-eabi/4.9.3/../../../../arm-none-eabi/lib/armv7e-m/libg.a(lib_a-svfprintf.o)
 *fill*         0x000000002000ad2e        0x2 
 .rodata.str1.4
                0x000000002000ad30       0x10 /usr/bin/../lib/gcc/arm-none-eabi/4.9.3/../../../../arm-none-eabi/lib/armv7e-m/libg.a(lib_a-dtoa.o)
                                         0x12 (size before relaxing)
 .rodata.str1.4
                0x000000002000ad40        0xc /usr/bin/../lib/gcc/arm-none-eabi/4.9.3/../../../../arm-none-eabi/lib/armv7e-m/libg.a(lib_a-locale.o)
                                         0x12 (size before relaxing)
 *fill*         0x000000002000ad4c        0x4 
 .rodata.__mprec_tens
                0x000000002000ad50       0xc8 /usr/bin/../lib/gcc/arm-none-eabi/4.9.3/../../../../arm-none-eabi/lib/armv7e-m/libg.a(lib_a-mprec.o)
                0x000000002000ad50                __mprec_tens
 .rodata.p05.5302
                0x000000002000ae18        0xc /usr/bin/../lib/gcc/arm-none-eabi/4.9.3/../../../../arm-none-eabi/lib/armv7e-m/libg.a(lib_a-mprec.o)
 *fill*         0x000000002000ae24        0x4 
 .rodata.__mprec_bigtens
                0x000000002000ae28       0x28 /usr/bin/../lib/gcc/arm-none-eabi/4.9.3/../../../../arm-none-eabi/lib/armv7e-m/libg.a(lib_a-mprec.o)
                0x000000002000ae28                __mprec_bigtens
 *(.ARM.extab* .gnu.linkonce.armextab.*)
                0x000000002000ae50                . = ALIGN (0x8)
                0x000000002000ae50                _etext = .

.glue_7         0x000000002000ae50        0x0
 .glue_7        0x0000000000000000        0x0 linker stubs

.glue_7t        0x000000002000ae50        0x0
 .glue_7t       0x0000000000000000        0x0 linker stubs

.vfp11_veneer   0x000000002000ae50        0x0
 .vfp11_veneer  0x0000000000000000        0x0 linker stubs

.v4_bx          0x000000002000ae50        0x0
 .v4_bx         0x0000000000000000        0x0 linker stubs

.iplt           0x000000002000ae50        0x0
 .iplt          0x0000000000000000        0x0 /usr/bin/../lib/gcc/arm-none-eabi/4.9.3/armv7e-m/crtbegin.o

.ARM            0x000000002000ae50        0x8
                0x000000002000ae50                __exidx_start = .
 *(.ARM.exidx*)
 .ARM.exidx     0x000000002000ae50        0x8 /usr/bin/../lib/gcc/arm-none-eabi/4.9.3/armv7e-m/libgcc.a(_divdi3.o)
 .ARM.exidx     0x000000002000ae58        0x0 /usr/bin/../lib/gcc/arm-none-eabi/4.9.3/armv7e-m/libgcc.a(_udivdi3.o)
                                          0x8 (size before relaxing)
                0x000000002000ae58                __exidx_end = .
                0x000000002000ae58                __init_data = .

.rel.dyn        0x000000002000ae58        0x0
 .rel.iplt      0x0000000000000000        0x0 /usr/bin/../lib/gcc/arm-none-eabi/4.9.3/armv7e-m/crtbegin.o

.data           0x000000002000ae58      0x878
                0x000000002000ae58                _data = .
 *(.data*)
 .data.impure_data
                0x000000002000ae58      0x428 /usr/bin/../lib/gcc/arm-none-eabi/4.9.3/../../../../arm-none-eabi/lib/armv7e-m/libg.a(lib_a-impure.o)
 .data._impure_ptr
                0x000000002000b280        0x4 /usr/bin/../lib/gcc/arm-none-eabi/4.9.3/../../../../arm-none-eabi/lib/armv7e-m/libg.a(lib_a-impure.o)
                0x000000002000b280                _impure_ptr
 .data.__malloc_av_
                0x000000002000b284      0x408 /usr/bin/../lib/gcc/arm-none-eabi/4.9.3/../../../../arm-none-eabi/lib/armv7e-m/libg.a(lib_a-mallocr.o)
                0x000000002000b284                __malloc_av_
 .data.__malloc_trim_threshold
                0x000000002000b68c        0x4 /usr/bin/../lib/gcc/arm-none-eabi/4.9.3/../../../../arm-none-eabi/lib/armv7e-m/libg.a(lib_a-mallocr.o)
                0x000000002000b68c                __malloc_trim_threshold
 .data.__malloc_sbrk_base
                0x000000002000b690        0x4 /usr/bin/../lib/gcc/arm-none-eabi/4.9.3/../../../../arm-none-eabi/lib/armv7e-m/libg.a(lib_a-mallocr.o)
                0x000000002000b690                __malloc_sbrk_base
 .data.__ctype_ptr__
                0x000000002000b694        0x4 /usr/bin/../lib/gcc/arm-none-eabi/4.9.3/../../../../arm-none-eabi/lib/armv7e-m/libg.a(lib_a-ctype_.o)
                0x000000002000b694                __ctype_ptr__
 .data.lconv    0x000000002000b698       0x38 /usr/bin/../lib/gcc/arm-none-eabi/4.9.3/../../../../arm-none-eabi/lib/armv7e-m/libg.a(lib_a-locale.o)
                0x000000002000b6d0                . = ALIGN (0x8)
                0x000000002000b6d0                _edata = .

.igot.plt       0x000000002000b6d0        0x0
 .igot.plt      0x0000000000000000        0x0 /usr/bin/../lib/gcc/arm-none-eabi/4.9.3/armv7e-m/crtbegin.o

.bss            0x000000002000b6d0     0x1040
                0x000000002000b6d0                _bss = .
 *(.bss*)
 .bss.heap_end  0x000000002000b6d0        0x4 ./startup_gcc.o
 .bss.pui32Stack
                0x000000002000b6d4     0x1000 ./startup_gcc.o
 .bss.__Errorlog
                0x000000002000c6d4        0x4 ./uart_if.o
 .bss.__malloc_max_total_mem
                0x000000002000c6d8        0x4 /usr/bin/../lib/gcc/arm-none-eabi/4.9.3/../../../../arm-none-eabi/lib/armv7e-m/libg.a(lib_a-mallocr.o)
                0x000000002000c6d8                __malloc_max_total_mem
 .bss.__malloc_max_sbrked_mem
                0x000000002000c6dc        0x4 /usr/bin/../lib/gcc/arm-none-eabi/4.9.3/../../../../arm-none-eabi/lib/armv7e-m/libg.a(lib_a-mallocr.o)
                0x000000002000c6dc                __malloc_max_sbrked_mem
 .bss.__malloc_top_pad
                0x000000002000c6e0        0x4 /usr/bin/../lib/gcc/arm-none-eabi/4.9.3/../../../../arm-none-eabi/lib/armv7e-m/libg.a(lib_a-mallocr.o)
                0x000000002000c6e0                __malloc_top_pad
 .bss.__malloc_current_mallinfo
                0x000000002000c6e4       0x28 /usr/bin/../lib/gcc/arm-none-eabi/4.9.3/../../../../arm-none-eabi/lib/armv7e-m/libg.a(lib_a-mallocr.o)
                0x000000002000c6e4                __malloc_current_mallinfo
 *(COMMON)
 COMMON         0x000000002000c70c        0x4 /usr/bin/../lib/gcc/arm-none-eabi/4.9.3/../../../../arm-none-eabi/lib/armv7e-m/libg.a(lib_a-reent.o)
                0x000000002000c70c                errno
                0x000000002000c710                _ebss = .

.heap           0x000000002000c710    0x10000
                0x000000002000c710                _heap = .
                0x000000002001c710                . = (. + HEAP_SIZE)
 *fill*         0x000000002000c710    0x10000 
                0x000000002001c710                . = ALIGN (0x8)
                0x000000002001c710                _eheap = .
OUTPUT(I2C.elf elf32-littlearm)

.debug_info     0x0000000000000000     0x4322
 .debug_info    0x0000000000000000      0x2d2 ./i2c_if.o
 .debug_info    0x00000000000002d2      0x43f ./main.o
 .debug_info    0x0000000000000711       0x49 ./pinmux.o
 .debug_info    0x000000000000075a      0x1eb ./startup_gcc.o
 .debug_info    0x0000000000000945      0x2b7 ./uart_if.o
 .debug_info    0x0000000000000bfc      0xccb /opt/cc3200/eclipse//../CC3200-Linux-SDK/lib/libdriver.a(i2c.o)
 .debug_info    0x00000000000018c7      0x3f0 /opt/cc3200/eclipse//../CC3200-Linux-SDK/lib/libdriver.a(interrupt.o)
 .debug_info    0x0000000000001cb7      0x5cc /opt/cc3200/eclipse//../CC3200-Linux-SDK/lib/libdriver.a(pin.o)
 .debug_info    0x0000000000002283     0x162c /opt/cc3200/eclipse//../CC3200-Linux-SDK/lib/libdriver.a(prcm.o)
 .debug_info    0x00000000000038af      0x92d /opt/cc3200/eclipse//../CC3200-Linux-SDK/lib/libdriver.a(uart.o)
 .debug_info    0x00000000000041dc       0x50 /opt/cc3200/eclipse//../CC3200-Linux-SDK/lib/libdriver.a(utils.o)
 .debug_info    0x000000000000422c       0xf6 /opt/cc3200/eclipse//../CC3200-Linux-SDK/lib/libdriver.a(cpu.o)

.debug_abbrev   0x0000000000000000      0xfc6
 .debug_abbrev  0x0000000000000000       0xee ./i2c_if.o
 .debug_abbrev  0x00000000000000ee      0x173 ./main.o
 .debug_abbrev  0x0000000000000261       0x3a ./pinmux.o
 .debug_abbrev  0x000000000000029b      0x124 ./startup_gcc.o
 .debug_abbrev  0x00000000000003bf      0x14a ./uart_if.o
 .debug_abbrev  0x0000000000000509      0x1e5 /opt/cc3200/eclipse//../CC3200-Linux-SDK/lib/libdriver.a(i2c.o)
 .debug_abbrev  0x00000000000006ee      0x191 /opt/cc3200/eclipse//../CC3200-Linux-SDK/lib/libdriver.a(interrupt.o)
 .debug_abbrev  0x000000000000087f      0x139 /opt/cc3200/eclipse//../CC3200-Linux-SDK/lib/libdriver.a(pin.o)
 .debug_abbrev  0x00000000000009b8      0x335 /opt/cc3200/eclipse//../CC3200-Linux-SDK/lib/libdriver.a(prcm.o)
 .debug_abbrev  0x0000000000000ced      0x1e1 /opt/cc3200/eclipse//../CC3200-Linux-SDK/lib/libdriver.a(uart.o)
 .debug_abbrev  0x0000000000000ece       0x48 /opt/cc3200/eclipse//../CC3200-Linux-SDK/lib/libdriver.a(utils.o)
 .debug_abbrev  0x0000000000000f16       0xb0 /opt/cc3200/eclipse//../CC3200-Linux-SDK/lib/libdriver.a(cpu.o)

.debug_aranges  0x0000000000000000      0x790
 .debug_aranges
                0x0000000000000000       0x48 ./i2c_if.o
 .debug_aranges
                0x0000000000000048       0x70 ./main.o
 .debug_aranges
                0x00000000000000b8       0x20 ./pinmux.o
 .debug_aranges
                0x00000000000000d8       0x48 ./startup_gcc.o
 .debug_aranges
                0x0000000000000120       0x50 ./uart_if.o
 .debug_aranges
                0x0000000000000170      0x1c0 /opt/cc3200/eclipse//../CC3200-Linux-SDK/lib/libdriver.a(i2c.o)
 .debug_aranges
                0x0000000000000330       0x98 /opt/cc3200/eclipse//../CC3200-Linux-SDK/lib/libdriver.a(interrupt.o)
 .debug_aranges
                0x00000000000003c8       0x90 /opt/cc3200/eclipse//../CC3200-Linux-SDK/lib/libdriver.a(pin.o)
 .debug_aranges
                0x0000000000000458      0x198 /opt/cc3200/eclipse//../CC3200-Linux-SDK/lib/libdriver.a(prcm.o)
 .debug_aranges
                0x00000000000005f0      0x138 /opt/cc3200/eclipse//../CC3200-Linux-SDK/lib/libdriver.a(uart.o)
 .debug_aranges
                0x0000000000000728       0x20 /opt/cc3200/eclipse//../CC3200-Linux-SDK/lib/libdriver.a(utils.o)
 .debug_aranges
                0x0000000000000748       0x48 /opt/cc3200/eclipse//../CC3200-Linux-SDK/lib/libdriver.a(cpu.o)

.debug_ranges   0x0000000000000000      0x9f0
 .debug_ranges  0x0000000000000000       0x38 ./i2c_if.o
 .debug_ranges  0x0000000000000038       0x60 ./main.o
 .debug_ranges  0x0000000000000098       0x10 ./pinmux.o
 .debug_ranges  0x00000000000000a8       0x38 ./startup_gcc.o
 .debug_ranges  0x00000000000000e0       0x40 ./uart_if.o
 .debug_ranges  0x0000000000000120      0x1b0 /opt/cc3200/eclipse//../CC3200-Linux-SDK/lib/libdriver.a(i2c.o)
 .debug_ranges  0x00000000000002d0       0x88 /opt/cc3200/eclipse//../CC3200-Linux-SDK/lib/libdriver.a(interrupt.o)
 .debug_ranges  0x0000000000000358       0x80 /opt/cc3200/eclipse//../CC3200-Linux-SDK/lib/libdriver.a(pin.o)
 .debug_ranges  0x00000000000003d8      0x478 /opt/cc3200/eclipse//../CC3200-Linux-SDK/lib/libdriver.a(prcm.o)
 .debug_ranges  0x0000000000000850      0x158 /opt/cc3200/eclipse//../CC3200-Linux-SDK/lib/libdriver.a(uart.o)
 .debug_ranges  0x00000000000009a8       0x10 /opt/cc3200/eclipse//../CC3200-Linux-SDK/lib/libdriver.a(utils.o)
 .debug_ranges  0x00000000000009b8       0x38 /opt/cc3200/eclipse//../CC3200-Linux-SDK/lib/libdriver.a(cpu.o)

.debug_macro    0x0000000000000000     0x5f70
 .debug_macro   0x0000000000000000      0x1a9 ./i2c_if.o
 .debug_macro   0x00000000000001a9      0x87a ./i2c_if.o
 .debug_macro   0x0000000000000a23       0x22 ./i2c_if.o
 .debug_macro   0x0000000000000a45       0x22 ./i2c_if.o
 .debug_macro   0x0000000000000a67       0x44 ./i2c_if.o
 .debug_macro   0x0000000000000aab       0x58 ./i2c_if.o
 .debug_macro   0x0000000000000b03       0x22 ./i2c_if.o
 .debug_macro   0x0000000000000b25      0x1df ./i2c_if.o
 .debug_macro   0x0000000000000d04       0x58 ./i2c_if.o
 .debug_macro   0x0000000000000d5c       0x35 ./i2c_if.o
 .debug_macro   0x0000000000000d91       0x9c ./i2c_if.o
 .debug_macro   0x0000000000000e2d       0x16 ./i2c_if.o
 .debug_macro   0x0000000000000e43      0x10e ./i2c_if.o
 .debug_macro   0x0000000000000f51       0x86 ./i2c_if.o
 .debug_macro   0x0000000000000fd7       0x52 ./i2c_if.o
 .debug_macro   0x0000000000001029       0x16 ./i2c_if.o
 .debug_macro   0x000000000000103f       0x43 ./i2c_if.o
 .debug_macro   0x0000000000001082      0x180 ./i2c_if.o
 .debug_macro   0x0000000000001202      0x27a ./i2c_if.o
 .debug_macro   0x000000000000147c       0x16 ./i2c_if.o
 .debug_macro   0x0000000000001492       0x29 ./i2c_if.o
 .debug_macro   0x00000000000014bb       0x2e ./i2c_if.o
 .debug_macro   0x00000000000014e9       0xe8 ./i2c_if.o
 .debug_macro   0x00000000000015d1      0x11e ./i2c_if.o
 .debug_macro   0x00000000000016ef      0x5d1 ./i2c_if.o
 .debug_macro   0x0000000000001cc0      0x2b2 ./i2c_if.o
 .debug_macro   0x0000000000001f72      0x1a7 ./i2c_if.o
 .debug_macro   0x0000000000002119       0x9a ./i2c_if.o
 .debug_macro   0x00000000000021b3      0x136 ./i2c_if.o
 .debug_macro   0x00000000000022e9      0xba7 ./i2c_if.o
 .debug_macro   0x0000000000002e90      0x1c6 ./i2c_if.o
 .debug_macro   0x0000000000003056       0x22 ./i2c_if.o
 .debug_macro   0x0000000000003078      0x214 ./main.o
 .debug_macro   0x000000000000328c       0x16 ./main.o
 .debug_macro   0x00000000000032a2       0x4a ./main.o
 .debug_macro   0x00000000000032ec       0x97 ./main.o
 .debug_macro   0x0000000000003383       0xf6 ./main.o
 .debug_macro   0x0000000000003479       0x10 ./main.o
 .debug_macro   0x0000000000003489       0x10 ./main.o
 .debug_macro   0x0000000000003499       0x22 ./main.o
 .debug_macro   0x00000000000034bb       0xbe ./main.o
 .debug_macro   0x0000000000003579       0x16 ./main.o
 .debug_macro   0x000000000000358f      0x197 ./main.o
 .debug_macro   0x0000000000003726       0x16 ./main.o
 .debug_macro   0x000000000000373c       0x35 ./main.o
 .debug_macro   0x0000000000003771       0x3a ./main.o
 .debug_macro   0x00000000000037ab      0x42b ./main.o
 .debug_macro   0x0000000000003bd6       0x40 ./main.o
 .debug_macro   0x0000000000003c16      0x13c ./main.o
 .debug_macro   0x0000000000003d52       0x28 ./main.o
 .debug_macro   0x0000000000003d7a       0x72 ./pinmux.o
 .debug_macro   0x0000000000003dec      0x35b ./pinmux.o
 .debug_macro   0x0000000000004147       0x9a ./pinmux.o
 .debug_macro   0x00000000000041e1       0x66 ./startup_gcc.o
 .debug_macro   0x0000000000004247     0x1afd ./startup_gcc.o
 .debug_macro   0x0000000000005d44      0x1b8 ./uart_if.o
 .debug_macro   0x0000000000005efc       0x58 ./uart_if.o
 .debug_macro   0x0000000000005f54       0x1c ./uart_if.o

.debug_line     0x0000000000000000     0x22fe
 .debug_line    0x0000000000000000      0x3d1 ./i2c_if.o
 .debug_line    0x00000000000003d1      0x515 ./main.o
 .debug_line    0x00000000000008e6      0x122 ./pinmux.o
 .debug_line    0x0000000000000a08      0x1e0 ./startup_gcc.o
 .debug_line    0x0000000000000be8      0x3cc ./uart_if.o
 .debug_line    0x0000000000000fb4      0x509 /opt/cc3200/eclipse//../CC3200-Linux-SDK/lib/libdriver.a(i2c.o)
 .debug_line    0x00000000000014bd      0x1bf /opt/cc3200/eclipse//../CC3200-Linux-SDK/lib/libdriver.a(interrupt.o)
 .debug_line    0x000000000000167c      0x186 /opt/cc3200/eclipse//../CC3200-Linux-SDK/lib/libdriver.a(pin.o)
 .debug_line    0x0000000000001802      0x6a2 /opt/cc3200/eclipse//../CC3200-Linux-SDK/lib/libdriver.a(prcm.o)
 .debug_line    0x0000000000001ea4      0x388 /opt/cc3200/eclipse//../CC3200-Linux-SDK/lib/libdriver.a(uart.o)
 .debug_line    0x000000000000222c       0x39 /opt/cc3200/eclipse//../CC3200-Linux-SDK/lib/libdriver.a(utils.o)
 .debug_line    0x0000000000002265       0x99 /opt/cc3200/eclipse//../CC3200-Linux-SDK/lib/libdriver.a(cpu.o)

.debug_str      0x0000000000000000    0x1939f
 .debug_str     0x0000000000000000     0xd74b ./i2c_if.o
                                       0xd93d (size before relaxing)
 .debug_str     0x000000000000d74b     0x36d1 ./main.o
                                       0xdb10 (size before relaxing)
 .debug_str     0x0000000000010e1c     0x1086 ./pinmux.o
                                       0x8f5b (size before relaxing)
 .debug_str     0x0000000000011ea2     0x6c8f ./startup_gcc.o
                                       0x9f06 (size before relaxing)
 .debug_str     0x0000000000018b31      0x1e2 ./uart_if.o
                                       0xba6d (size before relaxing)
 .debug_str     0x0000000000018d13      0x1da /opt/cc3200/eclipse//../CC3200-Linux-SDK/lib/libdriver.a(i2c.o)
                                        0x6ab (size before relaxing)
 .debug_str     0x0000000000018eed       0xec /opt/cc3200/eclipse//../CC3200-Linux-SDK/lib/libdriver.a(interrupt.o)
                                        0x2e6 (size before relaxing)
 .debug_str     0x0000000000018fd9       0x59 /opt/cc3200/eclipse//../CC3200-Linux-SDK/lib/libdriver.a(pin.o)
                                        0x21c (size before relaxing)
 .debug_str     0x0000000000019032      0x294 /opt/cc3200/eclipse//../CC3200-Linux-SDK/lib/libdriver.a(prcm.o)
                                        0x798 (size before relaxing)
 .debug_str     0x00000000000192c6       0xa5 /opt/cc3200/eclipse//../CC3200-Linux-SDK/lib/libdriver.a(uart.o)
                                        0x481 (size before relaxing)
 .debug_str     0x000000000001936b       0x10 /opt/cc3200/eclipse//../CC3200-Linux-SDK/lib/libdriver.a(utils.o)
                                         0xed (size before relaxing)
 .debug_str     0x000000000001937b       0x24 /opt/cc3200/eclipse//../CC3200-Linux-SDK/lib/libdriver.a(cpu.o)
                                        0x12b (size before relaxing)

.comment        0x0000000000000000       0x70
 .comment       0x0000000000000000       0x70 ./i2c_if.o
                                         0x71 (size before relaxing)
 .comment       0x0000000000000000       0x71 ./main.o
 .comment       0x0000000000000000       0x71 ./pinmux.o
 .comment       0x0000000000000000       0x71 ./startup_gcc.o
 .comment       0x0000000000000000       0x71 ./uart_if.o
 .comment       0x0000000000000000       0x71 /opt/cc3200/eclipse//../CC3200-Linux-SDK/lib/libdriver.a(i2c.o)
 .comment       0x0000000000000000       0x71 /opt/cc3200/eclipse//../CC3200-Linux-SDK/lib/libdriver.a(interrupt.o)
 .comment       0x0000000000000000       0x71 /opt/cc3200/eclipse//../CC3200-Linux-SDK/lib/libdriver.a(pin.o)
 .comment       0x0000000000000000       0x71 /opt/cc3200/eclipse//../CC3200-Linux-SDK/lib/libdriver.a(prcm.o)
 .comment       0x0000000000000000       0x71 /opt/cc3200/eclipse//../CC3200-Linux-SDK/lib/libdriver.a(uart.o)
 .comment       0x0000000000000000       0x71 /opt/cc3200/eclipse//../CC3200-Linux-SDK/lib/libdriver.a(utils.o)
 .comment       0x0000000000000000       0x71 /opt/cc3200/eclipse//../CC3200-Linux-SDK/lib/libdriver.a(cpu.o)

.ARM.attributes
                0x0000000000000000       0x2a
 .ARM.attributes
                0x0000000000000000       0x33 ./i2c_if.o
 .ARM.attributes
                0x0000000000000033       0x33 ./main.o
 .ARM.attributes
                0x0000000000000066       0x33 ./pinmux.o
 .ARM.attributes
                0x0000000000000099       0x33 ./startup_gcc.o
 .ARM.attributes
                0x00000000000000cc       0x33 ./uart_if.o
 .ARM.attributes
                0x00000000000000ff       0x33 /opt/cc3200/eclipse//../CC3200-Linux-SDK/lib/libdriver.a(i2c.o)
 .ARM.attributes
                0x0000000000000132       0x33 /opt/cc3200/eclipse//../CC3200-Linux-SDK/lib/libdriver.a(interrupt.o)
 .ARM.attributes
                0x0000000000000165       0x33 /opt/cc3200/eclipse//../CC3200-Linux-SDK/lib/libdriver.a(pin.o)
 .ARM.attributes
                0x0000000000000198       0x33 /opt/cc3200/eclipse//../CC3200-Linux-SDK/lib/libdriver.a(prcm.o)
 .ARM.attributes
                0x00000000000001cb       0x33 /opt/cc3200/eclipse//../CC3200-Linux-SDK/lib/libdriver.a(uart.o)
 .ARM.attributes
                0x00000000000001fe       0x33 /opt/cc3200/eclipse//../CC3200-Linux-SDK/lib/libdriver.a(utils.o)
 .ARM.attributes
                0x0000000000000231       0x33 /opt/cc3200/eclipse//../CC3200-Linux-SDK/lib/libdriver.a(cpu.o)
 .ARM.attributes
                0x0000000000000264       0x1e /usr/bin/../lib/gcc/arm-none-eabi/4.9.3/armv7e-m/libgcc.a(_aeabi_uldivmod.o)
 .ARM.attributes
                0x0000000000000282       0x2e /usr/bin/../lib/gcc/arm-none-eabi/4.9.3/armv7e-m/libgcc.a(bpabi.o)
 .ARM.attributes
                0x00000000000002b0       0x1e /usr/bin/../lib/gcc/arm-none-eabi/4.9.3/armv7e-m/libgcc.a(_dvmd_tls.o)
 .ARM.attributes
                0x00000000000002ce       0x2e /usr/bin/../lib/gcc/arm-none-eabi/4.9.3/armv7e-m/libgcc.a(_divdi3.o)
 .ARM.attributes
                0x00000000000002fc       0x2e /usr/bin/../lib/gcc/arm-none-eabi/4.9.3/armv7e-m/libgcc.a(_udivdi3.o)
 .ARM.attributes
                0x000000000000032a       0x2e /usr/bin/../lib/gcc/arm-none-eabi/4.9.3/../../../../arm-none-eabi/lib/armv7e-m/libg.a(lib_a-impure.o)
 .ARM.attributes
                0x0000000000000358       0x2e /usr/bin/../lib/gcc/arm-none-eabi/4.9.3/../../../../arm-none-eabi/lib/armv7e-m/libg.a(lib_a-malloc.o)
 .ARM.attributes
                0x0000000000000386       0x2e /usr/bin/../lib/gcc/arm-none-eabi/4.9.3/../../../../arm-none-eabi/lib/armv7e-m/libg.a(lib_a-mallocr.o)
 .ARM.attributes
                0x00000000000003b4       0x2e /usr/bin/../lib/gcc/arm-none-eabi/4.9.3/../../../../arm-none-eabi/lib/armv7e-m/libg.a(lib_a-memmove.o)
 .ARM.attributes
                0x00000000000003e2       0x2e /usr/bin/../lib/gcc/arm-none-eabi/4.9.3/../../../../arm-none-eabi/lib/armv7e-m/libg.a(lib_a-memset.o)
 .ARM.attributes
                0x0000000000000410       0x2e /usr/bin/../lib/gcc/arm-none-eabi/4.9.3/../../../../arm-none-eabi/lib/armv7e-m/libg.a(lib_a-mlock.o)
 .ARM.attributes
                0x000000000000043e       0x2e /usr/bin/../lib/gcc/arm-none-eabi/4.9.3/../../../../arm-none-eabi/lib/armv7e-m/libg.a(lib_a-realloc.o)
 .ARM.attributes
                0x000000000000046c       0x2e /usr/bin/../lib/gcc/arm-none-eabi/4.9.3/../../../../arm-none-eabi/lib/armv7e-m/libg.a(lib_a-reallocr.o)
 .ARM.attributes
                0x000000000000049a       0x2e /usr/bin/../lib/gcc/arm-none-eabi/4.9.3/../../../../arm-none-eabi/lib/armv7e-m/libg.a(lib_a-sbrkr.o)
 .ARM.attributes
                0x00000000000004c8       0x1c /usr/bin/../lib/gcc/arm-none-eabi/4.9.3/../../../../arm-none-eabi/lib/armv7e-m/libg.a(lib_a-strcmp.o)
 .ARM.attributes
                0x00000000000004e4       0x2e /usr/bin/../lib/gcc/arm-none-eabi/4.9.3/../../../../arm-none-eabi/lib/armv7e-m/libg.a(lib_a-strlen.o)
 .ARM.attributes
                0x0000000000000512       0x2e /usr/bin/../lib/gcc/arm-none-eabi/4.9.3/../../../../arm-none-eabi/lib/armv7e-m/libg.a(lib_a-strtok.o)
 .ARM.attributes
                0x0000000000000540       0x2e /usr/bin/../lib/gcc/arm-none-eabi/4.9.3/../../../../arm-none-eabi/lib/armv7e-m/libg.a(lib_a-strtok_r.o)
 .ARM.attributes
                0x000000000000056e       0x2e /usr/bin/../lib/gcc/arm-none-eabi/4.9.3/../../../../arm-none-eabi/lib/armv7e-m/libg.a(lib_a-strtoul.o)
 .ARM.attributes
                0x000000000000059c       0x2e /usr/bin/../lib/gcc/arm-none-eabi/4.9.3/../../../../arm-none-eabi/lib/armv7e-m/libg.a(lib_a-vsnprintf.o)
 .ARM.attributes
                0x00000000000005ca       0x2e /usr/bin/../lib/gcc/arm-none-eabi/4.9.3/../../../../arm-none-eabi/lib/armv7e-m/libg.a(lib_a-ctype_.o)
 .ARM.attributes
                0x00000000000005f8       0x2e /usr/bin/../lib/gcc/arm-none-eabi/4.9.3/../../../../arm-none-eabi/lib/armv7e-m/libg.a(lib_a-freer.o)
 .ARM.attributes
                0x0000000000000626       0x2e /usr/bin/../lib/gcc/arm-none-eabi/4.9.3/../../../../arm-none-eabi/lib/armv7e-m/libg.a(lib_a-reent.o)
 .ARM.attributes
                0x0000000000000654       0x2e /usr/bin/../lib/gcc/arm-none-eabi/4.9.3/../../../../arm-none-eabi/lib/armv7e-m/libg.a(lib_a-svfprintf.o)
 .ARM.attributes
                0x0000000000000682       0x2e /usr/bin/../lib/gcc/arm-none-eabi/4.9.3/../../../../arm-none-eabi/lib/armv7e-m/libg.a(lib_a-dtoa.o)
 .ARM.attributes
                0x00000000000006b0       0x2e /usr/bin/../lib/gcc/arm-none-eabi/4.9.3/../../../../arm-none-eabi/lib/armv7e-m/libg.a(lib_a-locale.o)
 .ARM.attributes
                0x00000000000006de       0x2e /usr/bin/../lib/gcc/arm-none-eabi/4.9.3/../../../../arm-none-eabi/lib/armv7e-m/libg.a(lib_a-memchr.o)
 .ARM.attributes
                0x000000000000070c       0x1c /usr/bin/../lib/gcc/arm-none-eabi/4.9.3/../../../../arm-none-eabi/lib/armv7e-m/libg.a(lib_a-memcpy.o)
 .ARM.attributes
                0x0000000000000728       0x2e /usr/bin/../lib/gcc/arm-none-eabi/4.9.3/../../../../arm-none-eabi/lib/armv7e-m/libg.a(lib_a-mprec.o)
 .ARM.attributes
                0x0000000000000756       0x2e /usr/bin/../lib/gcc/arm-none-eabi/4.9.3/../../../../arm-none-eabi/lib/armv7e-m/libg.a(lib_a-s_fpclassify.o)
 .ARM.attributes
                0x0000000000000784       0x2e /usr/bin/../lib/gcc/arm-none-eabi/4.9.3/../../../../arm-none-eabi/lib/armv7e-m/libg.a(lib_a-svfiprintf.o)
 .ARM.attributes
                0x00000000000007b2       0x2e /usr/bin/../lib/gcc/arm-none-eabi/4.9.3/../../../../arm-none-eabi/lib/armv7e-m/libg.a(lib_a-callocr.o)
 .ARM.attributes
                0x00000000000007e0       0x1e /usr/bin/../lib/gcc/arm-none-eabi/4.9.3/armv7e-m/libgcc.a(_arm_addsubdf3.o)
 .ARM.attributes
                0x00000000000007fe       0x1e /usr/bin/../lib/gcc/arm-none-eabi/4.9.3/armv7e-m/libgcc.a(_arm_muldivdf3.o)
 .ARM.attributes
                0x000000000000081c       0x1e /usr/bin/../lib/gcc/arm-none-eabi/4.9.3/armv7e-m/libgcc.a(_arm_cmpdf2.o)
 .ARM.attributes
                0x000000000000083a       0x1e /usr/bin/../lib/gcc/arm-none-eabi/4.9.3/armv7e-m/libgcc.a(_arm_fixdfsi.o)

.debug_frame    0x0000000000000000     0x1bfc
 .debug_frame   0x0000000000000000       0xe0 ./i2c_if.o
 .debug_frame   0x00000000000000e0      0x190 ./main.o
 .debug_frame   0x0000000000000270       0x2c ./pinmux.o
 .debug_frame   0x000000000000029c       0xbc ./startup_gcc.o
 .debug_frame   0x0000000000000358      0x12c ./uart_if.o
 .debug_frame   0x0000000000000484      0x390 /opt/cc3200/eclipse//../CC3200-Linux-SDK/lib/libdriver.a(i2c.o)
 .debug_frame   0x0000000000000814      0x128 /opt/cc3200/eclipse//../CC3200-Linux-SDK/lib/libdriver.a(interrupt.o)
 .debug_frame   0x000000000000093c      0x17c /opt/cc3200/eclipse//../CC3200-Linux-SDK/lib/libdriver.a(pin.o)
 .debug_frame   0x0000000000000ab8      0x4a0 /opt/cc3200/eclipse//../CC3200-Linux-SDK/lib/libdriver.a(prcm.o)
 .debug_frame   0x0000000000000f58      0x28c /opt/cc3200/eclipse//../CC3200-Linux-SDK/lib/libdriver.a(uart.o)
 .debug_frame   0x00000000000011e4       0x20 /opt/cc3200/eclipse//../CC3200-Linux-SDK/lib/libdriver.a(utils.o)
 .debug_frame   0x0000000000001204       0x70 /opt/cc3200/eclipse//../CC3200-Linux-SDK/lib/libdriver.a(cpu.o)
 .debug_frame   0x0000000000001274       0x28 /usr/bin/../lib/gcc/arm-none-eabi/4.9.3/armv7e-m/libgcc.a(_aeabi_uldivmod.o)
 .debug_frame   0x000000000000129c       0x50 /usr/bin/../lib/gcc/arm-none-eabi/4.9.3/armv7e-m/libgcc.a(bpabi.o)
 .debug_frame   0x00000000000012ec       0x34 /usr/bin/../lib/gcc/arm-none-eabi/4.9.3/armv7e-m/libgcc.a(_divdi3.o)
 .debug_frame   0x0000000000001320       0x30 /usr/bin/../lib/gcc/arm-none-eabi/4.9.3/armv7e-m/libgcc.a(_udivdi3.o)
 .debug_frame   0x0000000000001350       0x30 /usr/bin/../lib/gcc/arm-none-eabi/4.9.3/../../../../arm-none-eabi/lib/armv7e-m/libg.a(lib_a-malloc.o)
 .debug_frame   0x0000000000001380       0x58 /usr/bin/../lib/gcc/arm-none-eabi/4.9.3/../../../../arm-none-eabi/lib/armv7e-m/libg.a(lib_a-mallocr.o)
 .debug_frame   0x00000000000013d8       0x30 /usr/bin/../lib/gcc/arm-none-eabi/4.9.3/../../../../arm-none-eabi/lib/armv7e-m/libg.a(lib_a-memmove.o)
 .debug_frame   0x0000000000001408       0x34 /usr/bin/../lib/gcc/arm-none-eabi/4.9.3/../../../../arm-none-eabi/lib/armv7e-m/libg.a(lib_a-memset.o)
 .debug_frame   0x000000000000143c       0x30 /usr/bin/../lib/gcc/arm-none-eabi/4.9.3/../../../../arm-none-eabi/lib/armv7e-m/libg.a(lib_a-mlock.o)
 .debug_frame   0x000000000000146c       0x20 /usr/bin/../lib/gcc/arm-none-eabi/4.9.3/../../../../arm-none-eabi/lib/armv7e-m/libg.a(lib_a-realloc.o)
 .debug_frame   0x000000000000148c       0x60 /usr/bin/../lib/gcc/arm-none-eabi/4.9.3/../../../../arm-none-eabi/lib/armv7e-m/libg.a(lib_a-reallocr.o)
 .debug_frame   0x00000000000014ec       0x2c /usr/bin/../lib/gcc/arm-none-eabi/4.9.3/../../../../arm-none-eabi/lib/armv7e-m/libg.a(lib_a-sbrkr.o)
 .debug_frame   0x0000000000001518       0x20 /usr/bin/../lib/gcc/arm-none-eabi/4.9.3/../../../../arm-none-eabi/lib/armv7e-m/libg.a(lib_a-strlen.o)
 .debug_frame   0x0000000000001538       0x20 /usr/bin/../lib/gcc/arm-none-eabi/4.9.3/../../../../arm-none-eabi/lib/armv7e-m/libg.a(lib_a-strtok.o)
 .debug_frame   0x0000000000001558       0x48 /usr/bin/../lib/gcc/arm-none-eabi/4.9.3/../../../../arm-none-eabi/lib/armv7e-m/libg.a(lib_a-strtok_r.o)
 .debug_frame   0x00000000000015a0       0x54 /usr/bin/../lib/gcc/arm-none-eabi/4.9.3/../../../../arm-none-eabi/lib/armv7e-m/libg.a(lib_a-strtoul.o)
 .debug_frame   0x00000000000015f4       0x60 /usr/bin/../lib/gcc/arm-none-eabi/4.9.3/../../../../arm-none-eabi/lib/armv7e-m/libg.a(lib_a-vsnprintf.o)
 .debug_frame   0x0000000000001654       0x74 /usr/bin/../lib/gcc/arm-none-eabi/4.9.3/../../../../arm-none-eabi/lib/armv7e-m/libg.a(lib_a-freer.o)
 .debug_frame   0x00000000000016c8       0x58 /usr/bin/../lib/gcc/arm-none-eabi/4.9.3/../../../../arm-none-eabi/lib/armv7e-m/libg.a(lib_a-reent.o)
 .debug_frame   0x0000000000001720       0x40 /usr/bin/../lib/gcc/arm-none-eabi/4.9.3/../../../../arm-none-eabi/lib/armv7e-m/libg.a(lib_a-svfprintf.o)
 .debug_frame   0x0000000000001760       0x88 /usr/bin/../lib/gcc/arm-none-eabi/4.9.3/../../../../arm-none-eabi/lib/armv7e-m/libg.a(lib_a-dtoa.o)
 .debug_frame   0x00000000000017e8       0x9c /usr/bin/../lib/gcc/arm-none-eabi/4.9.3/../../../../arm-none-eabi/lib/armv7e-m/libg.a(lib_a-locale.o)
 .debug_frame   0x0000000000001884       0x3c /usr/bin/../lib/gcc/arm-none-eabi/4.9.3/../../../../arm-none-eabi/lib/armv7e-m/libg.a(lib_a-memchr.o)
 .debug_frame   0x00000000000018c0      0x268 /usr/bin/../lib/gcc/arm-none-eabi/4.9.3/../../../../arm-none-eabi/lib/armv7e-m/libg.a(lib_a-mprec.o)
 .debug_frame   0x0000000000001b28       0x34 /usr/bin/../lib/gcc/arm-none-eabi/4.9.3/../../../../arm-none-eabi/lib/armv7e-m/libg.a(lib_a-s_fpclassify.o)
 .debug_frame   0x0000000000001b5c       0x78 /usr/bin/../lib/gcc/arm-none-eabi/4.9.3/../../../../arm-none-eabi/lib/armv7e-m/libg.a(lib_a-svfiprintf.o)
 .debug_frame   0x0000000000001bd4       0x28 /usr/bin/../lib/gcc/arm-none-eabi/4.9.3/../../../../arm-none-eabi/lib/armv7e-m/libg.a(lib_a-callocr.o)

.debug_loc      0x0000000000000000     0x2211
 .debug_loc     0x0000000000000000      0x589 /opt/cc3200/eclipse//../CC3200-Linux-SDK/lib/libdriver.a(i2c.o)
 .debug_loc     0x0000000000000589      0x165 /opt/cc3200/eclipse//../CC3200-Linux-SDK/lib/libdriver.a(interrupt.o)
 .debug_loc     0x00000000000006ee      0x661 /opt/cc3200/eclipse//../CC3200-Linux-SDK/lib/libdriver.a(pin.o)
 .debug_loc     0x0000000000000d4f      0xebc /opt/cc3200/eclipse//../CC3200-Linux-SDK/lib/libdriver.a(prcm.o)
 .debug_loc     0x0000000000001c0b      0x606 /opt/cc3200/eclipse//../CC3200-Linux-SDK/lib/libdriver.a(uart.o)
