Archive member included because of file (symbol)

/opt/cc3200/eclipse//../CC3200-Linux-SDK/lib/libosi.a(osi_freertos.o)
                              ./main.o (osi_TaskCreate)
/opt/cc3200/eclipse//../CC3200-Linux-SDK/lib/libsimplelink.a(device.o)
                              ./main.o (sl_Start)
/opt/cc3200/eclipse//../CC3200-Linux-SDK/lib/libsimplelink.a(driver.o)
                              /opt/cc3200/eclipse//../CC3200-Linux-SDK/lib/libsimplelink.a(device.o) (_SlDrvDriverCBDeinit)
/opt/cc3200/eclipse//../CC3200-Linux-SDK/lib/libsimplelink.a(netapp.o)
                              ./main.o (sl_NetAppMDNSUnRegisterService)
/opt/cc3200/eclipse//../CC3200-Linux-SDK/lib/libsimplelink.a(netcfg.o)
                              ./main.o (sl_NetCfgSet)
/opt/cc3200/eclipse//../CC3200-Linux-SDK/lib/libsimplelink.a(socket.o)
                              /opt/cc3200/eclipse//../CC3200-Linux-SDK/lib/libsimplelink.a(driver.o) (_sl_HandleAsync_Connect)
/opt/cc3200/eclipse//../CC3200-Linux-SDK/lib/libsimplelink.a(wlan.o)
                              ./main.o (sl_WlanDisconnect)
/opt/cc3200/eclipse//../CC3200-Linux-SDK/lib/libsimplelink.a(cc_pal.o)
                              /opt/cc3200/eclipse//../CC3200-Linux-SDK/lib/libsimplelink.a(device.o) (spi_Open)
/opt/cc3200/eclipse//../CC3200-Linux-SDK/lib/libdriver.a(interrupt.o)
                              ./main.o (IntMasterEnable)
/opt/cc3200/eclipse//../CC3200-Linux-SDK/lib/libdriver.a(pin.o)
                              ./pinmux.o (PinTypeUART)
/opt/cc3200/eclipse//../CC3200-Linux-SDK/lib/libdriver.a(prcm.o)
                              ./pinmux.o (PRCMPeripheralClkEnable)
/opt/cc3200/eclipse//../CC3200-Linux-SDK/lib/libdriver.a(spi.o)
                              /opt/cc3200/eclipse//../CC3200-Linux-SDK/lib/libsimplelink.a(cc_pal.o) (SPIEnable)
/opt/cc3200/eclipse//../CC3200-Linux-SDK/lib/libdriver.a(uart.o)
                              ./uart_if.o (UARTConfigSetExpClk)
/opt/cc3200/eclipse//../CC3200-Linux-SDK/lib/libdriver.a(udma.o)
                              /opt/cc3200/eclipse//../CC3200-Linux-SDK/lib/libsimplelink.a(cc_pal.o) (uDMAChannelEnable)
/opt/cc3200/eclipse//../CC3200-Linux-SDK/lib/libdriver.a(utils.o)
                              /opt/cc3200/eclipse//../CC3200-Linux-SDK/lib/libsimplelink.a(cc_pal.o) (UtilsDelay)
/opt/cc3200/eclipse//../CC3200-Linux-SDK/lib/libdriver.a(cpu.o)
                              /opt/cc3200/eclipse//../CC3200-Linux-SDK/lib/libdriver.a(interrupt.o) (CPUcpsid)
/opt/cc3200/eclipse//../CC3200-Linux-SDK/lib/libdriver.a(flash.o)
                              /opt/cc3200/eclipse//../CC3200-Linux-SDK/lib/libdriver.a(prcm.o) (FlashDisable)
/usr/bin/../lib/gcc/arm-none-eabi/4.9.3/armv7e-m/libgcc.a(_aeabi_uldivmod.o)
                              /opt/cc3200/eclipse//../CC3200-Linux-SDK/lib/libdriver.a(prcm.o) (__aeabi_uldivmod)
/usr/bin/../lib/gcc/arm-none-eabi/4.9.3/armv7e-m/libgcc.a(bpabi.o)
                              /usr/bin/../lib/gcc/arm-none-eabi/4.9.3/armv7e-m/libgcc.a(_aeabi_uldivmod.o) (__gnu_uldivmod_helper)
/usr/bin/../lib/gcc/arm-none-eabi/4.9.3/armv7e-m/libgcc.a(_dvmd_tls.o)
                              /usr/bin/../lib/gcc/arm-none-eabi/4.9.3/armv7e-m/libgcc.a(_aeabi_uldivmod.o) (__aeabi_ldiv0)
/usr/bin/../lib/gcc/arm-none-eabi/4.9.3/armv7e-m/libgcc.a(_divdi3.o)
                              /usr/bin/../lib/gcc/arm-none-eabi/4.9.3/armv7e-m/libgcc.a(bpabi.o) (__divdi3)
/usr/bin/../lib/gcc/arm-none-eabi/4.9.3/armv7e-m/libgcc.a(_udivdi3.o)
                              /usr/bin/../lib/gcc/arm-none-eabi/4.9.3/armv7e-m/libgcc.a(bpabi.o) (__udivdi3)
/usr/bin/../lib/gcc/arm-none-eabi/4.9.3/../../../../arm-none-eabi/lib/armv7e-m/libg.a(lib_a-exit.o)
                              /usr/bin/../lib/gcc/arm-none-eabi/4.9.3/../../../../arm-none-eabi/lib/armv7e-m/crt0.o (exit)
/usr/bin/../lib/gcc/arm-none-eabi/4.9.3/../../../../arm-none-eabi/lib/armv7e-m/libg.a(lib_a-impure.o)
                              /usr/bin/../lib/gcc/arm-none-eabi/4.9.3/../../../../arm-none-eabi/lib/armv7e-m/libg.a(lib_a-exit.o) (_global_impure_ptr)
/usr/bin/../lib/gcc/arm-none-eabi/4.9.3/../../../../arm-none-eabi/lib/armv7e-m/libg.a(lib_a-init.o)
                              /usr/bin/../lib/gcc/arm-none-eabi/4.9.3/../../../../arm-none-eabi/lib/armv7e-m/crt0.o (__libc_init_array)
/usr/bin/../lib/gcc/arm-none-eabi/4.9.3/../../../../arm-none-eabi/lib/armv7e-m/libg.a(lib_a-malloc.o)
                              ./uart_if.o (malloc)
/usr/bin/../lib/gcc/arm-none-eabi/4.9.3/../../../../arm-none-eabi/lib/armv7e-m/libg.a(lib_a-mallocr.o)
                              /usr/bin/../lib/gcc/arm-none-eabi/4.9.3/../../../../arm-none-eabi/lib/armv7e-m/libg.a(lib_a-malloc.o) (_malloc_r)
/usr/bin/../lib/gcc/arm-none-eabi/4.9.3/../../../../arm-none-eabi/lib/armv7e-m/libg.a(lib_a-memcmp.o)
                              ./FreeRTOS/Source/tasks.o (memcmp)
/usr/bin/../lib/gcc/arm-none-eabi/4.9.3/../../../../arm-none-eabi/lib/armv7e-m/libg.a(lib_a-memcpy.o)
[...]
Memory Configuration

Name             Origin             Length             Attributes
SRAM             0x0000000020004000 0x000000000003c000 xrw
*default*        0x0000000000000000 0xffffffffffffffff

Linker script and memory map

LOAD /usr/bin/../lib/gcc/arm-none-eabi/4.9.3/armv7e-m/crti.o
LOAD /usr/bin/../lib/gcc/arm-none-eabi/4.9.3/armv7e-m/crtbegin.o
LOAD /usr/bin/../lib/gcc/arm-none-eabi/4.9.3/../../../../arm-none-eabi/lib/armv7e-m/crt0.o
LOAD ./FreeRTOS/Source/portable/MemMang/heap_4.o
LOAD ./FreeRTOS/Source/portable/GCC/ARM_CM4/port.o
LOAD ./FreeRTOS/Source/croutine.o
LOAD ./FreeRTOS/Source/event_groups.o
LOAD ./FreeRTOS/Source/list.o
LOAD ./FreeRTOS/Source/queue.o
LOAD ./FreeRTOS/Source/tasks.o
LOAD ./FreeRTOS/Source/timers.o
LOAD ./main.o
LOAD ./pinmux.o
LOAD ./startup_gcc.o
LOAD ./uart_if.o
LOAD /opt/cc3200/eclipse//../CC3200-Linux-SDK/lib/libosi.a
LOAD /opt/cc3200/eclipse//../CC3200-Linux-SDK/lib/libsimplelink.a
LOAD /opt/cc3200/eclipse//../CC3200-Linux-SDK/lib/libdriver.a
START GROUP
LOAD /usr/bin/../lib/gcc/arm-none-eabi/4.9.3/armv7e-m/libgcc.a
LOAD /usr/bin/../lib/gcc/arm-none-eabi/4.9.3/../../../../arm-none-eabi/lib/armv7e-m/libg.a
LOAD /usr/bin/../lib/gcc/arm-none-eabi/4.9.3/../../../../arm-none-eabi/lib/armv7e-m/libc.a
END GROUP
LOAD /usr/bin/../lib/gcc/arm-none-eabi/4.9.3/armv7e-m/crtend.o
LOAD /usr/bin/../lib/gcc/arm-none-eabi/4.9.3/armv7e-m/crtn.o
                0x0000000000010000                HEAP_SIZE = 0x10000

.text           0x0000000020004000     0xaf40
                0x0000000020004000                _text = .
 *(.intvecs)
 .intvecs       0x0000000020004000      0x400 ./startup_gcc.o
                0x0000000020004000                g_pfnVectors
 *(.text*)
 .text.pvPortMalloc
                0x0000000020004400      0x130 ./FreeRTOS/Source/portable/MemMang/heap_4.o
                0x0000000020004400                pvPortMalloc
 .text.vPortFree
                0x0000000020004530       0x70 ./FreeRTOS/Source/portable/MemMang/heap_4.o
                0x0000000020004530                vPortFree
 .text.prvHeapInit
                0x00000000200045a0       0xc4 ./FreeRTOS/Source/portable/MemMang/heap_4.o
 .text.prvInsertBlockIntoFreeList
                0x0000000020004664       0xb0 ./FreeRTOS/Source/portable/MemMang/heap_4.o
 .text.pxPortInitialiseStack
                0x0000000020004714       0x58 ./FreeRTOS/Source/portable/GCC/ARM_CM4/port.o
                0x0000000020004714                pxPortInitialiseStack
 .text.prvTaskExitError
                0x000000002000476c        0xc ./FreeRTOS/Source/portable/GCC/ARM_CM4/port.o
 .text.vPortSVCHandler
                0x0000000020004778       0x24 ./FreeRTOS/Source/portable/GCC/ARM_CM4/port.o
                0x0000000020004778                vPortSVCHandler
 .text.prvPortStartFirstTask
                0x000000002000479c       0x20 ./FreeRTOS/Source/portable/GCC/ARM_CM4/port.o
 .text.xPortStartScheduler
                0x00000000200047bc       0x3c ./FreeRTOS/Source/portable/GCC/ARM_CM4/port.o
                0x00000000200047bc                xPortStartScheduler
 .text.vPortYield
                0x00000000200047f8       0x20 ./FreeRTOS/Source/portable/GCC/ARM_CM4/port.o
                0x00000000200047f8                vPortYield
 .text.vPortEnterCritical
                0x0000000020004818       0x20 ./FreeRTOS/Source/portable/GCC/ARM_CM4/port.o
                0x0000000020004818                vPortEnterCritical
 .text.vPortExitCritical
                0x0000000020004838       0x24 ./FreeRTOS/Source/portable/GCC/ARM_CM4/port.o
                0x0000000020004838                vPortExitCritical
 .text.ulPortSetInterruptMask
                0x000000002000485c       0x14 ./FreeRTOS/Source/portable/GCC/ARM_CM4/port.o
                0x000000002000485c                ulPortSetInterruptMask
 .text.vPortClearInterruptMask
                0x0000000020004870        0x8 ./FreeRTOS/Source/portable/GCC/ARM_CM4/port.o
                0x0000000020004870                vPortClearInterruptMask
 .text.xPortPendSVHandler
                0x0000000020004878       0x44 ./FreeRTOS/Source/portable/GCC/ARM_CM4/port.o
                0x0000000020004878                xPortPendSVHandler
 .text.xPortSysTickHandler
                0x00000000200048bc       0x28 ./FreeRTOS/Source/portable/GCC/ARM_CM4/port.o
                0x00000000200048bc                xPortSysTickHandler
 .text.vPortSetupTimerInterrupt
                0x00000000200048e4       0x24 ./FreeRTOS/Source/portable/GCC/ARM_CM4/port.o
                0x00000000200048e4                vPortSetupTimerInterrupt
 .text.vListInitialise
                0x0000000020004908       0x40 ./FreeRTOS/Source/list.o
                0x0000000020004908                vListInitialise
 .text.vListInitialiseItem
                0x0000000020004948       0x18 ./FreeRTOS/Source/list.o
                0x0000000020004948                vListInitialiseItem
 .text.vListInsertEnd
                0x0000000020004960       0x48 ./FreeRTOS/Source/list.o
                0x0000000020004960                vListInsertEnd
 .text.vListInsert
                0x00000000200049a8       0x70 ./FreeRTOS/Source/list.o
                0x00000000200049a8                vListInsert
 .text.uxListRemove
                0x0000000020004a18       0x54 ./FreeRTOS/Source/list.o
                0x0000000020004a18                uxListRemove
 .text.xQueueGenericReset
                0x0000000020004a6c       0xa4 ./FreeRTOS/Source/queue.o
                0x0000000020004a6c                xQueueGenericReset
 .text.xQueueGenericCreate
                0x0000000020004b10       0x88 ./FreeRTOS/Source/queue.o
                0x0000000020004b10                xQueueGenericCreate
 .text.xQueueCreateMutex
                0x0000000020004b98       0x8c ./FreeRTOS/Source/queue.o
                0x0000000020004b98                xQueueCreateMutex
 .text.xQueueGenericSend
                0x0000000020004c24      0x140 ./FreeRTOS/Source/queue.o
                0x0000000020004c24                xQueueGenericSend
 .text.xQueueGenericSendFromISR
                0x0000000020004d64       0xac ./FreeRTOS/Source/queue.o
                0x0000000020004d64                xQueueGenericSendFromISR
 .text.xQueueGiveFromISR
                0x0000000020004e10       0xa4 ./FreeRTOS/Source/queue.o
                0x0000000020004e10                xQueueGiveFromISR
 .text.xQueueGenericReceive
                0x0000000020004eb4      0x170 ./FreeRTOS/Source/queue.o
                0x0000000020004eb4                xQueueGenericReceive
 .text.vQueueDelete
                0x0000000020005024       0x20 ./FreeRTOS/Source/queue.o
                0x0000000020005024                vQueueDelete
 .text.prvCopyDataToQueue
                0x0000000020005044       0xdc ./FreeRTOS/Source/queue.o
 .text.prvCopyDataFromQueue
                0x0000000020005120       0x4c ./FreeRTOS/Source/queue.o
 .text.prvUnlockQueue
                0x000000002000516c       0xb4 ./FreeRTOS/Source/queue.o
 .text.prvIsQueueEmpty
                0x0000000020005220       0x2c ./FreeRTOS/Source/queue.o
 .text.prvIsQueueFull
                0x000000002000524c       0x30 ./FreeRTOS/Source/queue.o
 .text.vQueueAddToRegistry
                0x000000002000527c       0x50 ./FreeRTOS/Source/queue.o
                0x000000002000527c                vQueueAddToRegistry
 .text.vQueueUnregisterQueue
                0x00000000200052cc       0x44 ./FreeRTOS/Source/queue.o
                0x00000000200052cc                vQueueUnregisterQueue
 .text.vQueueWaitForMessageRestricted
                0x0000000020005310       0x58 ./FreeRTOS/Source/queue.o
                0x0000000020005310                vQueueWaitForMessageRestricted
 .text.prvNotifyQueueSetContainer
                0x0000000020005368       0x6c ./FreeRTOS/Source/queue.o
 .text.xTaskGenericCreate
                0x00000000200053d4      0x140 ./FreeRTOS/Source/tasks.o
                0x00000000200053d4                xTaskGenericCreate
 .text.vTaskDelay
                0x0000000020005514       0x74 ./FreeRTOS/Source/tasks.o
                0x0000000020005514                vTaskDelay
 .text.vTaskStartScheduler
                0x0000000020005588       0x64 ./FreeRTOS/Source/tasks.o
                0x0000000020005588                vTaskStartScheduler
 .text.vTaskSuspendAll
                0x00000000200055ec       0x1c ./FreeRTOS/Source/tasks.o
                0x00000000200055ec                vTaskSuspendAll
 .text.xTaskResumeAll
                0x0000000020005608      0x100 ./FreeRTOS/Source/tasks.o
                0x0000000020005608                xTaskResumeAll
 .text.xTaskGetTickCount
                0x0000000020005708       0x20 ./FreeRTOS/Source/tasks.o
                0x0000000020005708                xTaskGetTickCount
 .text.xTaskIncrementTick
                0x0000000020005728      0x144 ./FreeRTOS/Source/tasks.o
                0x0000000020005728                xTaskIncrementTick
 .text.vTaskSwitchContext
                0x000000002000586c       0xd4 ./FreeRTOS/Source/tasks.o
                0x000000002000586c                vTaskSwitchContext
 .text.vTaskPlaceOnEventList
                0x0000000020005940       0x80 ./FreeRTOS/Source/tasks.o
                0x0000000020005940                vTaskPlaceOnEventList
 .text.vTaskPlaceOnEventListRestricted
                0x00000000200059c0       0x64 ./FreeRTOS/Source/tasks.o
                0x00000000200059c0                vTaskPlaceOnEventListRestricted
 .text.xTaskRemoveFromEventList
                0x0000000020005a24       0xac ./FreeRTOS/Source/tasks.o
                0x0000000020005a24                xTaskRemoveFromEventList
 .text.vTaskSetTimeOutState
                0x0000000020005ad0       0x2c ./FreeRTOS/Source/tasks.o
                0x0000000020005ad0                vTaskSetTimeOutState
 .text.xTaskCheckForTimeOut
                0x0000000020005afc       0x88 ./FreeRTOS/Source/tasks.o
                0x0000000020005afc                xTaskCheckForTimeOut
 .text.vTaskMissedYield
                0x0000000020005b84       0x18 ./FreeRTOS/Source/tasks.o
                0x0000000020005b84                vTaskMissedYield
 .text.prvIdleTask
                0x0000000020005b9c       0x14 ./FreeRTOS/Source/tasks.o
 .text.prvInitialiseTCBVariables
                0x0000000020005bb0       0xa4 ./FreeRTOS/Source/tasks.o
 .text.prvInitialiseTaskLists
                0x0000000020005c54       0x7c ./FreeRTOS/Source/tasks.o
 .text.prvCheckTasksWaitingTermination
                0x0000000020005cd0       0x74 ./FreeRTOS/Source/tasks.o
 .text.prvAddCurrentTaskToDelayedList
                0x0000000020005d44       0x6c ./FreeRTOS/Source/tasks.o
 .text.prvAllocateTCBAndStack
                0x0000000020005db0       0x70 ./FreeRTOS/Source/tasks.o
 .text.prvDeleteTCB
                0x0000000020005e20       0x20 ./FreeRTOS/Source/tasks.o
 .text.prvResetNextTaskUnblockTime
                0x0000000020005e40       0x48 ./FreeRTOS/Source/tasks.o
 .text.xTaskGetSchedulerState
                0x0000000020005e88       0x3c ./FreeRTOS/Source/tasks.o
                0x0000000020005e88                xTaskGetSchedulerState
 .text.vTaskPriorityInherit
                0x0000000020005ec4       0xf0 ./FreeRTOS/Source/tasks.o
                0x0000000020005ec4                vTaskPriorityInherit
 .text.xTaskPriorityDisinherit
                0x0000000020005fb4       0xcc ./FreeRTOS/Source/tasks.o
                0x0000000020005fb4                xTaskPriorityDisinherit
 .text.pvTaskIncrementMutexHeldCount
                0x0000000020006080       0x28 ./FreeRTOS/Source/tasks.o
                0x0000000020006080                pvTaskIncrementMutexHeldCount
 .text.xTimerCreateTimerTask
                0x00000000200060a8       0x50 ./FreeRTOS/Source/timers.o
                0x00000000200060a8                xTimerCreateTimerTask
 .text.xTimerGenericCommand
                0x00000000200060f8       0x8c ./FreeRTOS/Source/timers.o
                0x00000000200060f8                xTimerGenericCommand
 .text.prvProcessExpiredTimer
                0x0000000020006184       0x64 ./FreeRTOS/Source/timers.o
 .text.prvTimerTask
                0x00000000200061e8       0x24 ./FreeRTOS/Source/timers.o
 .text.prvProcessTimerOrBlockTask
                0x000000002000620c       0x6c ./FreeRTOS/Source/timers.o
 .text.prvGetNextExpireTime
                0x0000000020006278       0x48 ./FreeRTOS/Source/timers.o
 .text.prvSampleTimeNow
                0x00000000200062c0       0x40 ./FreeRTOS/Source/timers.o
 .text.prvInsertTimerInActiveList
                0x0000000020006300       0x84 ./FreeRTOS/Source/timers.o
 .text.prvProcessReceivedCommands
                0x0000000020006384      0x114 ./FreeRTOS/Source/timers.o
 .text.prvSwitchTimerLists
                0x0000000020006498       0xa4 ./FreeRTOS/Source/timers.o
 .text.prvCheckForValidListAndQueue
                0x000000002000653c       0x6c ./FreeRTOS/Source/timers.o
 .text.vApplicationIdleHook
                0x00000000200065a8        0xc ./main.o
                0x00000000200065a8                vApplicationIdleHook
 .text.vApplicationMallocFailedHook
                0x00000000200065b4        0x8 ./main.o
                0x00000000200065b4                vApplicationMallocFailedHook
 .text.vApplicationStackOverflowHook
                0x00000000200065bc        0xc ./main.o
                0x00000000200065bc                vApplicationStackOverflowHook
 .text.SimpleLinkWlanEventHandler
                0x00000000200065c8       0xcc ./main.o
                0x00000000200065c8                SimpleLinkWlanEventHandler
 .text.SimpleLinkNetAppEventHandler
                0x0000000020006694       0xd4 ./main.o
                0x0000000020006694                SimpleLinkNetAppEventHandler
 .text.SimpleLinkHttpServerCallback
                0x0000000020006768       0x14 ./main.o
                0x0000000020006768                SimpleLinkHttpServerCallback
 .text.SimpleLinkSockEventHandler
                0x000000002000677c       0x64 ./main.o
                0x000000002000677c                SimpleLinkSockEventHandler
 .text.InitializeAppVariables
                0x00000000200067e0       0x34 ./main.o
 .text.ConfigureSimpleLinkToDefaultState
                0x0000000020006814      0x380 ./main.o
 .text.ConfigureMode
                0x0000000020006b94       0xb8 ./main.o
 .text.GetSsidName
                0x0000000020006c4c       0x80 ./main.o
 .text.PingTest
                0x0000000020006ccc       0xb0 ./main.o
 .text.WlanAPMode
                0x0000000020006d7c      0x170 ./main.o
                0x0000000020006d7c                WlanAPMode
 .text.DisplayBanner
                0x0000000020006eec       0x3c ./main.o
 .text.BoardInit
                0x0000000020006f28       0x20 ./main.o
 .text.main     0x0000000020006f48       0x8c ./main.o
                0x0000000020006f48                main
 .text.PinMuxConfig
                0x0000000020006fd4       0x20 ./pinmux.o
                0x0000000020006fd4                PinMuxConfig
 .text.ResetISR
                0x0000000020006ff4       0x58 ./startup_gcc.o
                0x0000000020006ff4                ResetISR
 .text.NmiSR    0x000000002000704c        0x8 ./startup_gcc.o
 .text.FaultISR
                0x0000000020007054        0x8 ./startup_gcc.o
 .text.BusFaultHandler
                0x000000002000705c        0x8 ./startup_gcc.o
 .text.IntDefaultHandler
                0x0000000020007064        0x8 ./startup_gcc.o
 .text._sbrk    0x000000002000706c       0x54 ./startup_gcc.o
                0x000000002000706c                _sbrk
 .text.InitTerm
                0x00000000200070c0       0x2c ./uart_if.o
                0x00000000200070c0                InitTerm
 .text.Message  0x00000000200070ec       0x34 ./uart_if.o
                0x00000000200070ec                Message
 .text.GetCmd   0x0000000020007120       0xcc ./uart_if.o
                0x0000000020007120                GetCmd
 .text.TrimSpace
                0x00000000200071ec       0x98 ./uart_if.o
                0x00000000200071ec                TrimSpace
 .text.Report   0x0000000020007284       0x9c ./uart_if.o
                0x0000000020007284                Report
 .text.vSimpleLinkSpawnTask
                0x0000000020007320       0x24 /opt/cc3200/eclipse//../CC3200-Linux-SDK/lib/libosi.a(osi_freertos.o)
 .text.osi_SyncObjCreate
                0x0000000020007344       0x22 /opt/cc3200/eclipse//../CC3200-Linux-SDK/lib/libosi.a(osi_freertos.o)
                0x0000000020007344                osi_SyncObjCreate
 .text.osi_SyncObjDelete
                0x0000000020007366       0x14 /opt/cc3200/eclipse//../CC3200-Linux-SDK/lib/libosi.a(osi_freertos.o)
                0x0000000020007366                osi_SyncObjDelete
 .text.osi_SyncObjSignal
                0x000000002000737a       0x1a /opt/cc3200/eclipse//../CC3200-Linux-SDK/lib/libosi.a(osi_freertos.o)
                0x000000002000737a                osi_SyncObjSignal
 .text.osi_SyncObjSignalFromISR
                0x0000000020007394       0x30 /opt/cc3200/eclipse//../CC3200-Linux-SDK/lib/libosi.a(osi_freertos.o)
                0x0000000020007394                osi_SyncObjSignalFromISR
 .text.osi_SyncObjWait
                0x00000000200073c4       0x20 /opt/cc3200/eclipse//../CC3200-Linux-SDK/lib/libosi.a(osi_freertos.o)
                0x00000000200073c4                osi_SyncObjWait
 .text.osi_LockObjCreate
                0x00000000200073e4       0x18 /opt/cc3200/eclipse//../CC3200-Linux-SDK/lib/libosi.a(osi_freertos.o)
                0x00000000200073e4                osi_LockObjCreate
 .text.osi_TaskCreate
                0x00000000200073fc       0x24 /opt/cc3200/eclipse//../CC3200-Linux-SDK/lib/libosi.a(osi_freertos.o)
                0x00000000200073fc                osi_TaskCreate
 .text.osi_LockObjDelete
                0x0000000020007420        0xc /opt/cc3200/eclipse//../CC3200-Linux-SDK/lib/libosi.a(osi_freertos.o)
                0x0000000020007420                osi_LockObjDelete
 .text.osi_LockObjLock
                0x000000002000742c       0x20 /opt/cc3200/eclipse//../CC3200-Linux-SDK/lib/libosi.a(osi_freertos.o)
                0x000000002000742c                osi_LockObjLock
 .text.osi_LockObjUnlock
                0x000000002000744c       0x20 /opt/cc3200/eclipse//../CC3200-Linux-SDK/lib/libosi.a(osi_freertos.o)
                0x000000002000744c                osi_LockObjUnlock
 .text.osi_Spawn
                0x000000002000746c       0x3c /opt/cc3200/eclipse//../CC3200-Linux-SDK/lib/libosi.a(osi_freertos.o)
                0x000000002000746c                osi_Spawn
 .text.VStartSimpleLinkSpawnTask
                0x00000000200074a8       0x50 /opt/cc3200/eclipse//../CC3200-Linux-SDK/lib/libosi.a(osi_freertos.o)
                0x00000000200074a8                VStartSimpleLinkSpawnTask
 .text.osi_start
                0x00000000200074f8        0x4 /opt/cc3200/eclipse//../CC3200-Linux-SDK/lib/libosi.a(osi_freertos.o)
                0x00000000200074f8                osi_start
 .text.osi_Sleep
                0x00000000200074fc        0x4 /opt/cc3200/eclipse//../CC3200-Linux-SDK/lib/libosi.a(osi_freertos.o)
                0x00000000200074fc                osi_Sleep
 .text.sl_Start
                0x0000000020007500       0xa4 /opt/cc3200/eclipse//../CC3200-Linux-SDK/lib/libsimplelink.a(device.o)
                0x0000000020007500                sl_Start
 .text._sl_HandleAsync_InitComplete
                0x00000000200075a4       0x60 /opt/cc3200/eclipse//../CC3200-Linux-SDK/lib/libsimplelink.a(device.o)
                0x00000000200075a4                _sl_HandleAsync_InitComplete
 .text._sl_HandleAsync_Stop
                0x0000000020007604       0x38 /opt/cc3200/eclipse//../CC3200-Linux-SDK/lib/libsimplelink.a(device.o)
                0x0000000020007604                _sl_HandleAsync_Stop
 .text.sl_Stop  0x000000002000763c       0x98 /opt/cc3200/eclipse//../CC3200-Linux-SDK/lib/libsimplelink.a(device.o)
                0x000000002000763c                sl_Stop
 .text.sl_DevGet
                0x00000000200076d4       0x70 /opt/cc3200/eclipse//../CC3200-Linux-SDK/lib/libsimplelink.a(device.o)
                0x00000000200076d4                sl_DevGet
 .text._SlDrvDeviceEventHandler
                0x0000000020007744       0x14 /opt/cc3200/eclipse//../CC3200-Linux-SDK/lib/libsimplelink.a(device.o)
                0x0000000020007744                _SlDrvDeviceEventHandler
 .text._SlDrvDriverCBDeinit
                0x0000000020007758       0x88 /opt/cc3200/eclipse//../CC3200-Linux-SDK/lib/libsimplelink.a(driver.o)
                0x0000000020007758                _SlDrvDriverCBDeinit
 .text._SlDrvRxIrqHandler
                0x00000000200077e0       0x44 /opt/cc3200/eclipse//../CC3200-Linux-SDK/lib/libsimplelink.a(driver.o)
                0x00000000200077e0                _SlDrvRxIrqHandler
 .text._SlDrvMsgWrite
                0x0000000020007824      0x110 /opt/cc3200/eclipse//../CC3200-Linux-SDK/lib/libsimplelink.a(driver.o)
                0x0000000020007824                _SlDrvMsgWrite
 .text._SlAsyncEventGenericHandler
                0x0000000020007934       0x44 /opt/cc3200/eclipse//../CC3200-Linux-SDK/lib/libsimplelink.a(driver.o)
                0x0000000020007934                _SlAsyncEventGenericHandler
 .text._SlDrvClassifyRxMsg
                0x0000000020007978       0x7c /opt/cc3200/eclipse//../CC3200-Linux-SDK/lib/libsimplelink.a(driver.o)
                0x0000000020007978                _SlDrvClassifyRxMsg
 .text._SlDrvRxHdrRead
                0x00000000200079f4      0x150 /opt/cc3200/eclipse//../CC3200-Linux-SDK/lib/libsimplelink.a(driver.o)
                0x00000000200079f4                _SlDrvRxHdrRead
 .text._SlDrvCmdSend
                0x0000000020007b44       0x74 /opt/cc3200/eclipse//../CC3200-Linux-SDK/lib/libsimplelink.a(driver.o)
                0x0000000020007b44                _SlDrvCmdSend
 .text._SlRemoveFromList
                0x0000000020007bb8       0x44 /opt/cc3200/eclipse//../CC3200-Linux-SDK/lib/libsimplelink.a(driver.o)
                0x0000000020007bb8                _SlRemoveFromList
 .text._SlFindAndSetActiveObj
                0x0000000020007bfc       0x8c /opt/cc3200/eclipse//../CC3200-Linux-SDK/lib/libsimplelink.a(driver.o)
                0x0000000020007bfc                _SlFindAndSetActiveObj
 .text._SlDrvSyncObjWaitForever
                0x0000000020007c88       0x12 /opt/cc3200/eclipse//../CC3200-Linux-SDK/lib/libsimplelink.a(driver.o)
                0x0000000020007c88                _SlDrvSyncObjWaitForever
 .text._SlDrvSyncObjSignal
                0x0000000020007c9a        0xe /opt/cc3200/eclipse//../CC3200-Linux-SDK/lib/libsimplelink.a(driver.o)
                0x0000000020007c9a                _SlDrvSyncObjSignal
 .text._SlDrvObjLockWaitForever
                0x0000000020007ca8       0x12 /opt/cc3200/eclipse//../CC3200-Linux-SDK/lib/libsimplelink.a(driver.o)
                0x0000000020007ca8                _SlDrvObjLockWaitForever
 *fill*         0x0000000020007cba        0x2 
 .text._SlDrvProtectionObjLockWaitForever
                0x0000000020007cbc       0x1c /opt/cc3200/eclipse//../CC3200-Linux-SDK/lib/libsimplelink.a(driver.o)
                0x0000000020007cbc                _SlDrvProtectionObjLockWaitForever
 .text._SlDrvObjUnLock
                0x0000000020007cd8        0xe /opt/cc3200/eclipse//../CC3200-Linux-SDK/lib/libsimplelink.a(driver.o)
                0x0000000020007cd8                _SlDrvObjUnLock
 *fill*         0x0000000020007ce6        0x2 
 .text._SlDrvProtectionObjUnLock
                0x0000000020007ce8       0x18 /opt/cc3200/eclipse//../CC3200-Linux-SDK/lib/libsimplelink.a(driver.o)
                0x0000000020007ce8                _SlDrvProtectionObjUnLock
 .text._SlDrvWaitForPoolObj
                0x0000000020007d00       0xc4 /opt/cc3200/eclipse//../CC3200-Linux-SDK/lib/libsimplelink.a(driver.o)
                0x0000000020007d00                _SlDrvWaitForPoolObj
 .text._SlDrvProtectAsyncRespSetting
                0x0000000020007dc4       0x30 /opt/cc3200/eclipse//../CC3200-Linux-SDK/lib/libsimplelink.a(driver.o)
                0x0000000020007dc4                _SlDrvProtectAsyncRespSetting
 .text._SlDrvReleasePoolObj
                0x0000000020007df4       0xc8 /opt/cc3200/eclipse//../CC3200-Linux-SDK/lib/libsimplelink.a(driver.o)
                0x0000000020007df4                _SlDrvReleasePoolObj
 .text._SlDrvMemZero
                0x0000000020007ebc        0x8 /opt/cc3200/eclipse//../CC3200-Linux-SDK/lib/libsimplelink.a(driver.o)
                0x0000000020007ebc                _SlDrvMemZero
 .text._SlDrvDriverCBInit
                0x0000000020007ec4       0xc8 /opt/cc3200/eclipse//../CC3200-Linux-SDK/lib/libsimplelink.a(driver.o)
                0x0000000020007ec4                _SlDrvDriverCBInit
 .text._SlDrvMsgRead
                0x0000000020007f8c      0x378 /opt/cc3200/eclipse//../CC3200-Linux-SDK/lib/libsimplelink.a(driver.o)
                0x0000000020007f8c                _SlDrvMsgRead
 .text._SlDrvMsgReadCmdCtx
                0x0000000020008304       0x8c /opt/cc3200/eclipse//../CC3200-Linux-SDK/lib/libsimplelink.a(driver.o)
                0x0000000020008304                _SlDrvMsgReadCmdCtx
 .text._SlDrvCmdOp
                0x0000000020008390       0x68 /opt/cc3200/eclipse//../CC3200-Linux-SDK/lib/libsimplelink.a(driver.o)
                0x0000000020008390                _SlDrvCmdOp
 .text._SlDrvBasicCmd
                0x00000000200083f8       0x2c /opt/cc3200/eclipse//../CC3200-Linux-SDK/lib/libsimplelink.a(driver.o)
                0x00000000200083f8                _SlDrvBasicCmd
 .text._SlDrvMsgReadSpawnCtx
                0x0000000020008424       0x6c /opt/cc3200/eclipse//../CC3200-Linux-SDK/lib/libsimplelink.a(driver.o)
                0x0000000020008424                _SlDrvMsgReadSpawnCtx
 .text._SlDrvResetCmdExt
                0x0000000020008490        0x6 /opt/cc3200/eclipse//../CC3200-Linux-SDK/lib/libsimplelink.a(driver.o)
                0x0000000020008490                _SlDrvResetCmdExt
 *fill*         0x0000000020008496        0x2 
 .text.sl_NetAppMDNSRegisterUnregisterService
                0x0000000020008498       0x7c /opt/cc3200/eclipse//../CC3200-Linux-SDK/lib/libsimplelink.a(netapp.o)
                0x0000000020008498                sl_NetAppMDNSRegisterUnregisterService
 .text.sl_NetAppMDNSUnRegisterService
                0x0000000020008514       0x16 /opt/cc3200/eclipse//../CC3200-Linux-SDK/lib/libsimplelink.a(netapp.o)
                0x0000000020008514                sl_NetAppMDNSUnRegisterService
 *fill*         0x000000002000852a        0x2 
 .text._sl_HandleAsync_DnsGetHostByService
                0x000000002000852c       0x5c /opt/cc3200/eclipse//../CC3200-Linux-SDK/lib/libsimplelink.a(netapp.o)
                0x000000002000852c                _sl_HandleAsync_DnsGetHostByService
 .text._sl_HandleAsync_DnsGetHostByName
                0x0000000020008588       0x60 /opt/cc3200/eclipse//../CC3200-Linux-SDK/lib/libsimplelink.a(netapp.o)
                0x0000000020008588                _sl_HandleAsync_DnsGetHostByName
 .text.CopyPingResultsToReport
                0x00000000200085e8       0x1a /opt/cc3200/eclipse//../CC3200-Linux-SDK/lib/libsimplelink.a(netapp.o)
                0x00000000200085e8                CopyPingResultsToReport
 *fill*         0x0000000020008602        0x2 
 .text._sl_HandleAsync_PingResponse
                0x0000000020008604       0x6c /opt/cc3200/eclipse//../CC3200-Linux-SDK/lib/libsimplelink.a(netapp.o)
                0x0000000020008604                _sl_HandleAsync_PingResponse
 .text.sl_NetAppPingStart
                0x0000000020008670      0x110 /opt/cc3200/eclipse//../CC3200-Linux-SDK/lib/libsimplelink.a(netapp.o)
                0x0000000020008670                sl_NetAppPingStart
 .text._sl_NetAppSendTokenValue
                0x0000000020008780       0x50 /opt/cc3200/eclipse//../CC3200-Linux-SDK/lib/libsimplelink.a(netapp.o)
                0x0000000020008780                _sl_NetAppSendTokenValue
 .text._SlDrvNetAppEventHandler
                0x00000000200087d0       0xd6 /opt/cc3200/eclipse//../CC3200-Linux-SDK/lib/libsimplelink.a(netapp.o)
                0x00000000200087d0                _SlDrvNetAppEventHandler
 *fill*         0x00000000200088a6        0x2 
 .text.sl_NetCfgSet
                0x00000000200088a8       0x48 /opt/cc3200/eclipse//../CC3200-Linux-SDK/lib/libsimplelink.a(netcfg.o)
                0x00000000200088a8                sl_NetCfgSet
 .text.sl_NetCfgGet
                0x00000000200088f0       0x78 /opt/cc3200/eclipse//../CC3200-Linux-SDK/lib/libsimplelink.a(netcfg.o)
                0x00000000200088f0                sl_NetCfgGet
 .text._sl_HandleAsync_Connect
                0x0000000020008968       0x50 /opt/cc3200/eclipse//../CC3200-Linux-SDK/lib/libsimplelink.a(socket.o)
                0x0000000020008968                _sl_HandleAsync_Connect
 .text._sl_HandleAsync_Accept
                0x00000000200089b8       0x50 /opt/cc3200/eclipse//../CC3200-Linux-SDK/lib/libsimplelink.a(socket.o)
                0x00000000200089b8                _sl_HandleAsync_Accept
 .text._sl_HandleAsync_Select
                0x0000000020008a08       0x40 /opt/cc3200/eclipse//../CC3200-Linux-SDK/lib/libsimplelink.a(socket.o)
                0x0000000020008a08                _sl_HandleAsync_Select
 .text.sl_WlanDisconnect
                0x0000000020008a48        0x8 /opt/cc3200/eclipse//../CC3200-Linux-SDK/lib/libsimplelink.a(wlan.o)
                0x0000000020008a48                sl_WlanDisconnect
 .text.sl_WlanPolicySet
                0x0000000020008a50       0x40 /opt/cc3200/eclipse//../CC3200-Linux-SDK/lib/libsimplelink.a(wlan.o)
                0x0000000020008a50                sl_WlanPolicySet
 .text.sl_WlanProfileDel
                0x0000000020008a90       0x24 /opt/cc3200/eclipse//../CC3200-Linux-SDK/lib/libsimplelink.a(wlan.o)
                0x0000000020008a90                sl_WlanProfileDel
 .text.sl_WlanRxFilterSet
                0x0000000020008ab4       0x38 /opt/cc3200/eclipse//../CC3200-Linux-SDK/lib/libsimplelink.a(wlan.o)
                0x0000000020008ab4                sl_WlanRxFilterSet
 .text.sl_WlanSetMode
                0x0000000020008aec       0x24 /opt/cc3200/eclipse//../CC3200-Linux-SDK/lib/libsimplelink.a(wlan.o)
                0x0000000020008aec                sl_WlanSetMode
 .text.sl_WlanSet
                0x0000000020008b10       0x44 /opt/cc3200/eclipse//../CC3200-Linux-SDK/lib/libsimplelink.a(wlan.o)
                0x0000000020008b10                sl_WlanSet
 .text.DmaSpiSwIntHandler
                0x0000000020008b54       0x24 /opt/cc3200/eclipse//../CC3200-Linux-SDK/lib/libsimplelink.a(cc_pal.o)
                0x0000000020008b54                DmaSpiSwIntHandler
 .text.SetupDMAReceive
                0x0000000020008b78       0x74 /opt/cc3200/eclipse//../CC3200-Linux-SDK/lib/libsimplelink.a(cc_pal.o)
 .text.spi_Open
                0x0000000020008bec      0x128 /opt/cc3200/eclipse//../CC3200-Linux-SDK/lib/libsimplelink.a(cc_pal.o)
                0x0000000020008bec                spi_Open
 .text.spi_Close
                0x0000000020008d14       0x70 /opt/cc3200/eclipse//../CC3200-Linux-SDK/lib/libsimplelink.a(cc_pal.o)
                0x0000000020008d14                spi_Close
 .text.spi_Read
                0x0000000020008d84       0xd8 /opt/cc3200/eclipse//../CC3200-Linux-SDK/lib/libsimplelink.a(cc_pal.o)
                0x0000000020008d84                spi_Read
 .text.spi_Write
                0x0000000020008e5c       0xf4 /opt/cc3200/eclipse//../CC3200-Linux-SDK/lib/libsimplelink.a(cc_pal.o)
                0x0000000020008e5c                spi_Write
 .text.NwpRegisterInterruptHandler
                0x0000000020008f50       0x36 /opt/cc3200/eclipse//../CC3200-Linux-SDK/lib/libsimplelink.a(cc_pal.o)
                0x0000000020008f50                NwpRegisterInterruptHandler
 *fill*         0x0000000020008f86        0x2 
 .text.NwpMaskInterrupt
                0x0000000020008f88        0xc /opt/cc3200/eclipse//../CC3200-Linux-SDK/lib/libsimplelink.a(cc_pal.o)
                0x0000000020008f88                NwpMaskInterrupt
 .text.NwpUnMaskInterrupt
                0x0000000020008f94        0xc /opt/cc3200/eclipse//../CC3200-Linux-SDK/lib/libsimplelink.a(cc_pal.o)
                0x0000000020008f94                NwpUnMaskInterrupt
 .text.NwpPowerOn
                0x0000000020008fa0       0x30 /opt/cc3200/eclipse//../CC3200-Linux-SDK/lib/libsimplelink.a(cc_pal.o)
                0x0000000020008fa0                NwpPowerOn
 .text.NwpPowerOff
                0x0000000020008fd0       0x3c /opt/cc3200/eclipse//../CC3200-Linux-SDK/lib/libsimplelink.a(cc_pal.o)
                0x0000000020008fd0                NwpPowerOff
 .text.NwpPowerOnPreamble
                0x000000002000900c       0x60 /opt/cc3200/eclipse//../CC3200-Linux-SDK/lib/libsimplelink.a(cc_pal.o)
                0x000000002000900c                NwpPowerOnPreamble
 .text.IntDefaultHandler
                0x000000002000906c        0x2 /opt/cc3200/eclipse//../CC3200-Linux-SDK/lib/libdriver.a(interrupt.o)
 .text.IntMasterEnable
                0x000000002000906e        0xa /opt/cc3200/eclipse//../CC3200-Linux-SDK/lib/libdriver.a(interrupt.o)
                0x000000002000906e                IntMasterEnable
 .text.IntVTableBaseSet
                0x0000000020009078        0xc /opt/cc3200/eclipse//../CC3200-Linux-SDK/lib/libdriver.a(interrupt.o)
                0x0000000020009078                IntVTableBaseSet
 .text.IntRegister
                0x0000000020009084       0x10 /opt/cc3200/eclipse//../CC3200-Linux-SDK/lib/libdriver.a(interrupt.o)
                0x0000000020009084                IntRegister
 .text.IntUnregister
                0x0000000020009094       0x14 /opt/cc3200/eclipse//../CC3200-Linux-SDK/lib/libdriver.a(interrupt.o)
                0x0000000020009094                IntUnregister
 .text.IntPrioritySet
                0x00000000200090a8       0x28 /opt/cc3200/eclipse//../CC3200-Linux-SDK/lib/libdriver.a(interrupt.o)
                0x00000000200090a8                IntPrioritySet
 .text.IntEnable
                0x00000000200090d0       0x64 /opt/cc3200/eclipse//../CC3200-Linux-SDK/lib/libdriver.a(interrupt.o)
                0x00000000200090d0                IntEnable
 .text.IntDisable
                0x0000000020009134       0x64 /opt/cc3200/eclipse//../CC3200-Linux-SDK/lib/libdriver.a(interrupt.o)
                0x0000000020009134                IntDisable
 .text.IntPendClear
                0x0000000020009198       0x3c /opt/cc3200/eclipse//../CC3200-Linux-SDK/lib/libdriver.a(interrupt.o)
                0x0000000020009198                IntPendClear
 .text.PinModeSet
                0x00000000200091d4       0x28 /opt/cc3200/eclipse//../CC3200-Linux-SDK/lib/libdriver.a(pin.o)
                0x00000000200091d4                PinModeSet
 .text.PinConfigSet
                0x00000000200091fc       0x5c /opt/cc3200/eclipse//../CC3200-Linux-SDK/lib/libdriver.a(pin.o)
                0x00000000200091fc                PinConfigSet
 .text.PinTypeUART
                0x0000000020009258       0x16 /opt/cc3200/eclipse//../CC3200-Linux-SDK/lib/libdriver.a(pin.o)
                0x0000000020009258                PinTypeUART
 *fill*         0x000000002000926e        0x2 
 .text.PRCMSysResetCauseGet
                0x0000000020009270       0x2c /opt/cc3200/eclipse//../CC3200-Linux-SDK/lib/libdriver.a(prcm.o)
                0x0000000020009270                PRCMSysResetCauseGet
 .text.PRCMPeripheralClkEnable
                0x000000002000929c       0x2c /opt/cc3200/eclipse//../CC3200-Linux-SDK/lib/libdriver.a(prcm.o)
                0x000000002000929c                PRCMPeripheralClkEnable
 .text.PRCMPeripheralClkDisable
                0x00000000200092c8       0x1c /opt/cc3200/eclipse//../CC3200-Linux-SDK/lib/libdriver.a(prcm.o)
                0x00000000200092c8                PRCMPeripheralClkDisable
 .text.PRCMPeripheralClockGet
                0x00000000200092e4       0x48 /opt/cc3200/eclipse//../CC3200-Linux-SDK/lib/libdriver.a(prcm.o)
                0x00000000200092e4                PRCMPeripheralClockGet
 .text.PRCMPeripheralReset
                0x000000002000932c       0x40 /opt/cc3200/eclipse//../CC3200-Linux-SDK/lib/libdriver.a(prcm.o)
                0x000000002000932c                PRCMPeripheralReset
 .text.PRCMPeripheralStatusGet
                0x000000002000936c       0x1c /opt/cc3200/eclipse//../CC3200-Linux-SDK/lib/libdriver.a(prcm.o)
                0x000000002000936c                PRCMPeripheralStatusGet
 .text.PRCMCC3200MCUInit
                0x0000000020009388      0x120 /opt/cc3200/eclipse//../CC3200-Linux-SDK/lib/libdriver.a(prcm.o)
                0x0000000020009388                PRCMCC3200MCUInit
 .text.SPIDmaMaskGet
                0x00000000200094a8       0x38 /opt/cc3200/eclipse//../CC3200-Linux-SDK/lib/libdriver.a(spi.o)
 .text.SPIEnable
                0x00000000200094e0        0xe /opt/cc3200/eclipse//../CC3200-Linux-SDK/lib/libdriver.a(spi.o)
                0x00000000200094e0                SPIEnable
 .text.SPIDisable
                0x00000000200094ee        0xe /opt/cc3200/eclipse//../CC3200-Linux-SDK/lib/libdriver.a(spi.o)
                0x00000000200094ee                SPIDisable
 .text.SPIDmaEnable
                0x00000000200094fc        0xc /opt/cc3200/eclipse//../CC3200-Linux-SDK/lib/libdriver.a(spi.o)
                0x00000000200094fc                SPIDmaEnable
 .text.SPIDmaDisable
                0x0000000020009508        0xc /opt/cc3200/eclipse//../CC3200-Linux-SDK/lib/libdriver.a(spi.o)
                0x0000000020009508                SPIDmaDisable
 .text.SPIReset
                0x0000000020009514       0x16 /opt/cc3200/eclipse//../CC3200-Linux-SDK/lib/libdriver.a(spi.o)
                0x0000000020009514                SPIReset
 .text.SPIConfigSetExpClk
                0x000000002000952a       0x5a /opt/cc3200/eclipse//../CC3200-Linux-SDK/lib/libdriver.a(spi.o)
                0x000000002000952a                SPIConfigSetExpClk
 .text.SPIFIFOEnable
                0x0000000020009584        0xc /opt/cc3200/eclipse//../CC3200-Linux-SDK/lib/libdriver.a(spi.o)
                0x0000000020009584                SPIFIFOEnable
 .text.SPIFIFODisable
                0x0000000020009590        0xe /opt/cc3200/eclipse//../CC3200-Linux-SDK/lib/libdriver.a(spi.o)
                0x0000000020009590                SPIFIFODisable
 .text.SPIFIFOLevelSet
                0x000000002000959e       0x18 /opt/cc3200/eclipse//../CC3200-Linux-SDK/lib/libdriver.a(spi.o)
                0x000000002000959e                SPIFIFOLevelSet
 .text.SPIWordCountSet
                0x00000000200095b6       0x10 /opt/cc3200/eclipse//../CC3200-Linux-SDK/lib/libdriver.a(spi.o)
                0x00000000200095b6                SPIWordCountSet
 *fill*         0x00000000200095c6        0x2 
 .text.SPIIntUnregister
                0x00000000200095c8       0x4c /opt/cc3200/eclipse//../CC3200-Linux-SDK/lib/libdriver.a(spi.o)
                0x00000000200095c8                SPIIntUnregister
 .text.SPIIntEnable
                0x0000000020009614       0x3c /opt/cc3200/eclipse//../CC3200-Linux-SDK/lib/libdriver.a(spi.o)
                0x0000000020009614                SPIIntEnable
 .text.SPIIntClear
                0x0000000020009650       0x34 /opt/cc3200/eclipse//../CC3200-Linux-SDK/lib/libdriver.a(spi.o)
                0x0000000020009650                SPIIntClear
 .text.SPICSEnable
                0x0000000020009684        0xe /opt/cc3200/eclipse//../CC3200-Linux-SDK/lib/libdriver.a(spi.o)
                0x0000000020009684                SPICSEnable
 .text.SPICSDisable
                0x0000000020009692        0xe /opt/cc3200/eclipse//../CC3200-Linux-SDK/lib/libdriver.a(spi.o)
                0x0000000020009692                SPICSDisable
 .text.UARTEnable
                0x00000000200096a0       0x16 /opt/cc3200/eclipse//../CC3200-Linux-SDK/lib/libdriver.a(uart.o)
                0x00000000200096a0                UARTEnable
 .text.UARTDisable
                0x00000000200096b6       0x1c /opt/cc3200/eclipse//../CC3200-Linux-SDK/lib/libdriver.a(uart.o)
                0x00000000200096b6                UARTDisable
 .text.UARTConfigSetExpClk
                0x00000000200096d2       0x48 /opt/cc3200/eclipse//../CC3200-Linux-SDK/lib/libdriver.a(uart.o)
                0x00000000200096d2                UARTConfigSetExpClk
 .text.UARTCharsAvail
                0x000000002000971a        0xc /opt/cc3200/eclipse//../CC3200-Linux-SDK/lib/libdriver.a(uart.o)
                0x000000002000971a                UARTCharsAvail
 .text.UARTCharGetNonBlocking
                0x0000000020009726        0xe /opt/cc3200/eclipse//../CC3200-Linux-SDK/lib/libdriver.a(uart.o)
                0x0000000020009726                UARTCharGetNonBlocking
 .text.UARTCharPut
                0x0000000020009734        0xa /opt/cc3200/eclipse//../CC3200-Linux-SDK/lib/libdriver.a(uart.o)
                0x0000000020009734                UARTCharPut
 *fill*         0x000000002000973e        0x2 
 .text.uDMAChannelEnable
                0x0000000020009740       0x14 /opt/cc3200/eclipse//../CC3200-Linux-SDK/lib/libdriver.a(udma.o)
                0x0000000020009740                uDMAChannelEnable
 .text.uDMAChannelAttributeEnable
                0x0000000020009754       0x48 /opt/cc3200/eclipse//../CC3200-Linux-SDK/lib/libdriver.a(udma.o)
                0x0000000020009754                uDMAChannelAttributeEnable
 .text.uDMAChannelAttributeDisable
                0x000000002000979c       0x48 /opt/cc3200/eclipse//../CC3200-Linux-SDK/lib/libdriver.a(udma.o)
                0x000000002000979c                uDMAChannelAttributeDisable
 .text.uDMAChannelControlSet
                0x00000000200097e4       0x20 /opt/cc3200/eclipse//../CC3200-Linux-SDK/lib/libdriver.a(udma.o)
                0x00000000200097e4                uDMAChannelControlSet
 .text.uDMAChannelTransferSet
                0x0000000020009804       0x84 /opt/cc3200/eclipse//../CC3200-Linux-SDK/lib/libdriver.a(udma.o)
                0x0000000020009804                uDMAChannelTransferSet
 .text.uDMAChannelAssign
                0x0000000020009888       0x2c /opt/cc3200/eclipse//../CC3200-Linux-SDK/lib/libdriver.a(udma.o)
                0x0000000020009888                uDMAChannelAssign
 .text.UtilsDelay
                0x00000000200098b4        0x8 /opt/cc3200/eclipse//../CC3200-Linux-SDK/lib/libdriver.a(utils.o)
                0x00000000200098b4                UtilsDelay
 .text.CPUcpsie
                0x00000000200098bc       0x10 /opt/cc3200/eclipse//../CC3200-Linux-SDK/lib/libdriver.a(cpu.o)
                0x00000000200098bc                CPUcpsie
 .text          0x00000000200098cc       0x30 /usr/bin/../lib/gcc/arm-none-eabi/4.9.3/armv7e-m/libgcc.a(_aeabi_uldivmod.o)
                0x00000000200098cc                __aeabi_uldivmod
 .text          0x00000000200098fc       0x60 /usr/bin/../lib/gcc/arm-none-eabi/4.9.3/armv7e-m/libgcc.a(bpabi.o)
                0x00000000200098fc                __gnu_ldivmod_helper
                0x000000002000992c                __gnu_uldivmod_helper
 .text          0x000000002000995c        0x4 /usr/bin/../lib/gcc/arm-none-eabi/4.9.3/armv7e-m/libgcc.a(_dvmd_tls.o)
                0x000000002000995c                __aeabi_ldiv0
                0x000000002000995c                __aeabi_idiv0
 .text          0x0000000020009960      0x29c /usr/bin/../lib/gcc/arm-none-eabi/4.9.3/armv7e-m/libgcc.a(_divdi3.o)
                0x0000000020009960                __divdi3
 .text          0x0000000020009bfc      0x26c /usr/bin/../lib/gcc/arm-none-eabi/4.9.3/armv7e-m/libgcc.a(_udivdi3.o)
                0x0000000020009bfc                __udivdi3
 .text.malloc   0x0000000020009e68       0x10 /usr/bin/../lib/gcc/arm-none-eabi/4.9.3/../../../../arm-none-eabi/lib/armv7e-m/libg.a(lib_a-malloc.o)
                0x0000000020009e68                malloc
 .text.free     0x0000000020009e78       0x10 /usr/bin/../lib/gcc/arm-none-eabi/4.9.3/../../../../arm-none-eabi/lib/armv7e-m/libg.a(lib_a-malloc.o)
                0x0000000020009e78                free
 .text._malloc_r
                0x0000000020009e88      0x524 /usr/bin/../lib/gcc/arm-none-eabi/4.9.3/../../../../arm-none-eabi/lib/armv7e-m/libg.a(lib_a-mallocr.o)
                0x0000000020009e88                _malloc_r
 .text.memcmp   0x000000002000a3ac       0x64 /usr/bin/../lib/gcc/arm-none-eabi/4.9.3/../../../../arm-none-eabi/lib/armv7e-m/libg.a(lib_a-memcmp.o)
                0x000000002000a3ac                memcmp
 .text          0x000000002000a410      0x134 /usr/bin/../lib/gcc/arm-none-eabi/4.9.3/../../../../arm-none-eabi/lib/armv7e-m/libg.a(lib_a-memcpy.o)
                0x000000002000a410                memcpy
 .text.memmove  0x000000002000a544       0xc8 /usr/bin/../lib/gcc/arm-none-eabi/4.9.3/../../../../arm-none-eabi/lib/armv7e-m/libg.a(lib_a-memmove.o)
                0x000000002000a544                memmove
 .text.memset   0x000000002000a60c       0x9c /usr/bin/../lib/gcc/arm-none-eabi/4.9.3/../../../../arm-none-eabi/lib/armv7e-m/libg.a(lib_a-memset.o)
                0x000000002000a60c                memset
 .text.__malloc_lock
                0x000000002000a6a8        0x4 /usr/bin/../lib/gcc/arm-none-eabi/4.9.3/../../../../arm-none-eabi/lib/armv7e-m/libg.a(lib_a-mlock.o)
                0x000000002000a6a8                __malloc_lock
 .text.__malloc_unlock
                0x000000002000a6ac        0x4 /usr/bin/../lib/gcc/arm-none-eabi/4.9.3/../../../../arm-none-eabi/lib/armv7e-m/libg.a(lib_a-mlock.o)
                0x000000002000a6ac                __malloc_unlock
 .text.realloc  0x000000002000a6b0       0x10 /usr/bin/../lib/gcc/arm-none-eabi/4.9.3/../../../../arm-none-eabi/lib/armv7e-m/libg.a(lib_a-realloc.o)
                0x000000002000a6b0                realloc
 .text._realloc_r
                0x000000002000a6c0      0x3ec /usr/bin/../lib/gcc/arm-none-eabi/4.9.3/../../../../arm-none-eabi/lib/armv7e-m/libg.a(lib_a-reallocr.o)
                0x000000002000a6c0                _realloc_r
 .text._sbrk_r  0x000000002000aaac       0x24 /usr/bin/../lib/gcc/arm-none-eabi/4.9.3/../../../../arm-none-eabi/lib/armv7e-m/libg.a(lib_a-sbrkr.o)
                0x000000002000aaac                _sbrk_r
 .text.strlen   0x000000002000aad0       0x5c /usr/bin/../lib/gcc/arm-none-eabi/4.9.3/../../../../arm-none-eabi/lib/armv7e-m/libg.a(lib_a-strlen.o)
                0x000000002000aad0                strlen
 .text.strncpy  0x000000002000ab2c       0x68 /usr/bin/../lib/gcc/arm-none-eabi/4.9.3/../../../../arm-none-eabi/lib/armv7e-m/libg.a(lib_a-strncpy.o)
                0x000000002000ab2c                strncpy
 .text._svfprintf_r
                0x000000002000ab94     0x1494 /usr/bin/../lib/gcc/arm-none-eabi/4.9.3/../../../../arm-none-eabi/lib/armv7e-m/libg.a(lib_a-svfprintf.o)
                0x000000002000ab94                _svfprintf_r
 .text._vsnprintf_r
                0x000000002000c028       0x74 /usr/bin/../lib/gcc/arm-none-eabi/4.9.3/../../../../arm-none-eabi/lib/armv7e-m/libg.a(lib_a-vsnprintf.o)
                0x000000002000c028                _vsnprintf_r
 .text.vsnprintf
                0x000000002000c09c       0x20 /usr/bin/../lib/gcc/arm-none-eabi/4.9.3/../../../../arm-none-eabi/lib/armv7e-m/libg.a(lib_a-vsnprintf.o)
                0x000000002000c09c                vsnprintf
 .text.quorem   0x000000002000c0bc      0x12c /usr/bin/../lib/gcc/arm-none-eabi/4.9.3/../../../../arm-none-eabi/lib/armv7e-m/libg.a(lib_a-dtoa.o)
 .text._dtoa_r  0x000000002000c1e8      0xe94 /usr/bin/../lib/gcc/arm-none-eabi/4.9.3/../../../../arm-none-eabi/lib/armv7e-m/libg.a(lib_a-dtoa.o)
                0x000000002000c1e8                _dtoa_r
 .text._malloc_trim_r
                0x000000002000d07c       0x9c /usr/bin/../lib/gcc/arm-none-eabi/4.9.3/../../../../arm-none-eabi/lib/armv7e-m/libg.a(lib_a-freer.o)
                0x000000002000d07c                _malloc_trim_r
 .text._free_r  0x000000002000d118      0x1b0 /usr/bin/../lib/gcc/arm-none-eabi/4.9.3/../../../../arm-none-eabi/lib/armv7e-m/libg.a(lib_a-freer.o)
                0x000000002000d118                _free_r
 .text._localeconv_r
                0x000000002000d2c8        0x8 /usr/bin/../lib/gcc/arm-none-eabi/4.9.3/../../../../arm-none-eabi/lib/armv7e-m/libg.a(lib_a-locale.o)
                0x000000002000d2c8                _localeconv_r
 .text.memchr   0x000000002000d2d0       0x94 /usr/bin/../lib/gcc/arm-none-eabi/4.9.3/../../../../arm-none-eabi/lib/armv7e-m/libg.a(lib_a-memchr.o)
                0x000000002000d2d0                memchr
 .text._Balloc  0x000000002000d364       0x4c /usr/bin/../lib/gcc/arm-none-eabi/4.9.3/../../../../arm-none-eabi/lib/armv7e-m/libg.a(lib_a-mprec.o)
                0x000000002000d364                _Balloc
 .text._Bfree   0x000000002000d3b0       0x14 /usr/bin/../lib/gcc/arm-none-eabi/4.9.3/../../../../arm-none-eabi/lib/armv7e-m/libg.a(lib_a-mprec.o)
                0x000000002000d3b0                _Bfree
 .text.__multadd
                0x000000002000d3c4       0x84 /usr/bin/../lib/gcc/arm-none-eabi/4.9.3/../../../../arm-none-eabi/lib/armv7e-m/libg.a(lib_a-mprec.o)
                0x000000002000d3c4                __multadd
 .text.__hi0bits
                0x000000002000d448       0x40 /usr/bin/../lib/gcc/arm-none-eabi/4.9.3/../../../../arm-none-eabi/lib/armv7e-m/libg.a(lib_a-mprec.o)
                0x000000002000d448                __hi0bits
 .text.__lo0bits
                0x000000002000d488       0x5c /usr/bin/../lib/gcc/arm-none-eabi/4.9.3/../../../../arm-none-eabi/lib/armv7e-m/libg.a(lib_a-mprec.o)
                0x000000002000d488                __lo0bits
 .text.__i2b    0x000000002000d4e4       0x14 /usr/bin/../lib/gcc/arm-none-eabi/4.9.3/../../../../arm-none-eabi/lib/armv7e-m/libg.a(lib_a-mprec.o)
                0x000000002000d4e4                __i2b
 .text.__multiply
                0x000000002000d4f8      0x134 /usr/bin/../lib/gcc/arm-none-eabi/4.9.3/../../../../arm-none-eabi/lib/armv7e-m/libg.a(lib_a-mprec.o)
                0x000000002000d4f8                __multiply
 .text.__pow5mult
                0x000000002000d62c       0xa0 /usr/bin/../lib/gcc/arm-none-eabi/4.9.3/../../../../arm-none-eabi/lib/armv7e-m/libg.a(lib_a-mprec.o)
                0x000000002000d62c                __pow5mult
 .text.__lshift
                0x000000002000d6cc       0xac /usr/bin/../lib/gcc/arm-none-eabi/4.9.3/../../../../arm-none-eabi/lib/armv7e-m/libg.a(lib_a-mprec.o)
                0x000000002000d6cc                __lshift
 .text.__mcmp   0x000000002000d778       0x48 /usr/bin/../lib/gcc/arm-none-eabi/4.9.3/../../../../arm-none-eabi/lib/armv7e-m/libg.a(lib_a-mprec.o)
                0x000000002000d778                __mcmp
 .text.__mdiff  0x000000002000d7c0       0xd4 /usr/bin/../lib/gcc/arm-none-eabi/4.9.3/../../../../arm-none-eabi/lib/armv7e-m/libg.a(lib_a-mprec.o)
                0x000000002000d7c0                __mdiff
 .text.__d2b    0x000000002000d894       0xb8 /usr/bin/../lib/gcc/arm-none-eabi/4.9.3/../../../../arm-none-eabi/lib/armv7e-m/libg.a(lib_a-mprec.o)
                0x000000002000d894                __d2b
 .text.__fpclassifyd
                0x000000002000d94c       0x58 /usr/bin/../lib/gcc/arm-none-eabi/4.9.3/../../../../arm-none-eabi/lib/armv7e-m/libg.a(lib_a-s_fpclassify.o)
                0x000000002000d94c                __fpclassifyd
 .text.__ssprint_r
                0x000000002000d9a4      0x104 /usr/bin/../lib/gcc/arm-none-eabi/4.9.3/../../../../arm-none-eabi/lib/armv7e-m/libg.a(lib_a-svfiprintf.o)
                0x000000002000d9a4                __ssprint_r
 .text._calloc_r
                0x000000002000daa8       0x60 /usr/bin/../lib/gcc/arm-none-eabi/4.9.3/../../../../arm-none-eabi/lib/armv7e-m/libg.a(lib_a-callocr.o)
                0x000000002000daa8                _calloc_r
 .text          0x000000002000db08      0x370 /usr/bin/../lib/gcc/arm-none-eabi/4.9.3/armv7e-m/libgcc.a(_arm_addsubdf3.o)
                0x000000002000db08                __aeabi_drsub
                0x000000002000db10                __aeabi_dsub
                0x000000002000db10                __subdf3
                0x000000002000db14                __adddf3
                0x000000002000db14                __aeabi_dadd
                0x000000002000dd8c                __aeabi_ui2d
                0x000000002000dd8c                __floatunsidf
                0x000000002000ddac                __floatsidf
                0x000000002000ddac                __aeabi_i2d
                0x000000002000ddd0                __extendsfdf2
                0x000000002000ddd0                __aeabi_f2d
                0x000000002000de0c                __aeabi_ul2d
                0x000000002000de0c                __floatundidf
                0x000000002000de1c                __floatdidf
                0x000000002000de1c                __aeabi_l2d
 .text          0x000000002000de78      0x424 /usr/bin/../lib/gcc/arm-none-eabi/4.9.3/armv7e-m/libgcc.a(_arm_muldivdf3.o)
                0x000000002000de78                __aeabi_dmul
                0x000000002000de78                __muldf3
                0x000000002000e0cc                __aeabi_ddiv
                0x000000002000e0cc                __divdf3
 .text          0x000000002000e29c      0x110 /usr/bin/../lib/gcc/arm-none-eabi/4.9.3/armv7e-m/libgcc.a(_arm_cmpdf2.o)
                0x000000002000e29c                __gtdf2
                0x000000002000e29c                __gedf2
                0x000000002000e2a4                __ltdf2
                0x000000002000e2a4                __ledf2
                0x000000002000e2ac                __cmpdf2
                0x000000002000e2ac                __eqdf2
                0x000000002000e2ac                __nedf2
                0x000000002000e328                __aeabi_cdrcmple
                0x000000002000e338                __aeabi_cdcmple
                0x000000002000e338                __aeabi_cdcmpeq
                0x000000002000e348                __aeabi_dcmpeq
                0x000000002000e35c                __aeabi_dcmplt
                0x000000002000e370                __aeabi_dcmple
                0x000000002000e384                __aeabi_dcmpge
                0x000000002000e398                __aeabi_dcmpgt
 .text          0x000000002000e3ac       0x50 /usr/bin/../lib/gcc/arm-none-eabi/4.9.3/armv7e-m/libgcc.a(_arm_fixdfsi.o)
                0x000000002000e3ac                __fixdfsi
                0x000000002000e3ac                __aeabi_d2iz
 *(.rodata*)
 .rodata        0x000000002000e3fc       0x17 ./FreeRTOS/Source/tasks.o
 *fill*         0x000000002000e413        0x1 
 .rodata.ucExpectedStackBytes.6149
                0x000000002000e414       0x14 ./FreeRTOS/Source/tasks.o
 .rodata        0x000000002000e428        0xd ./FreeRTOS/Source/timers.o
 *fill*         0x000000002000e435        0x3 
 .rodata        0x000000002000e438      0x51c ./main.o
 .rodata.__FUNCTION__.6107
                0x000000002000e954       0x22 ./main.o
 *fill*         0x000000002000e976        0x2 
 .rodata.__FUNCTION__.6119
                0x000000002000e978        0xe ./main.o
 *fill*         0x000000002000e986        0x2 
 .rodata.__FUNCTION__.6135
                0x000000002000e988        0x9 ./main.o
 *fill*         0x000000002000e991        0x3 
 .rodata.__FUNCTION__.6154
                0x000000002000e994        0xb ./main.o
 *fill*         0x000000002000e99f        0x1 
 .rodata.__FUNCTION__.6166
                0x000000002000e9a0        0x5 ./main.o
 *fill*         0x000000002000e9a5        0x3 
 .rodata        0x000000002000e9a8       0x2a ./uart_if.o
 .rodata.str1.1
                0x000000002000e9d2        0x8 /opt/cc3200/eclipse//../CC3200-Linux-SDK/lib/libosi.a(osi_freertos.o)
 .rodata._SlDeviceGetCmdCtrl
                0x000000002000e9da        0x4 /opt/cc3200/eclipse//../CC3200-Linux-SDK/lib/libsimplelink.a(device.o)
                0x000000002000e9da                _SlDeviceGetCmdCtrl
 .rodata._SlStopCmdCtrl
                0x000000002000e9de        0x4 /opt/cc3200/eclipse//../CC3200-Linux-SDK/lib/libsimplelink.a(device.o)
                0x000000002000e9de                _SlStopCmdCtrl
 .rodata.StartResponseLUT
                0x000000002000e9e2        0x8 /opt/cc3200/eclipse//../CC3200-Linux-SDK/lib/libsimplelink.a(device.o)
                0x000000002000e9e2                StartResponseLUT
 *fill*         0x000000002000e9ea        0x2 
 .rodata.g_H2NSyncPattern
                0x000000002000e9ec        0x8 /opt/cc3200/eclipse//../CC3200-Linux-SDK/lib/libsimplelink.a(driver.o)
                0x000000002000e9ec                g_H2NSyncPattern
 .rodata.g_H2NCnysPattern
                0x000000002000e9f4        0x8 /opt/cc3200/eclipse//../CC3200-Linux-SDK/lib/libsimplelink.a(driver.o)
                0x000000002000e9f4                g_H2NCnysPattern
 .rodata._SlActionLookupTable
                0x000000002000e9fc       0x38 /opt/cc3200/eclipse//../CC3200-Linux-SDK/lib/libsimplelink.a(driver.o)
                0x000000002000e9fc                _SlActionLookupTable
 .rodata.OpcodeTranslateTable
                0x000000002000ea34       0x3c /opt/cc3200/eclipse//../CC3200-Linux-SDK/lib/libsimplelink.a(driver.o)
                0x000000002000ea34                OpcodeTranslateTable
 .rodata.RxMsgClassLUT
                0x000000002000ea70       0x20 /opt/cc3200/eclipse//../CC3200-Linux-SDK/lib/libsimplelink.a(driver.o)
                0x000000002000ea70                RxMsgClassLUT
 .rodata        0x000000002000ea90        0x4 /opt/cc3200/eclipse//../CC3200-Linux-SDK/lib/libsimplelink.a(netapp.o)
 .rodata._SlNetAppSendTokenValueCmdCtrl
                0x000000002000ea94        0x4 /opt/cc3200/eclipse//../CC3200-Linux-SDK/lib/libsimplelink.a(netapp.o)
                0x000000002000ea94                _SlNetAppSendTokenValueCmdCtrl
 .rodata._SlRegisterServiceCtrl
                0x000000002000ea98        0x4 /opt/cc3200/eclipse//../CC3200-Linux-SDK/lib/libsimplelink.a(netapp.o)
                0x000000002000ea98                _SlRegisterServiceCtrl
 .rodata._SlNetCfgGetCmdCtrl
                0x000000002000ea9c        0x4 /opt/cc3200/eclipse//../CC3200-Linux-SDK/lib/libsimplelink.a(netcfg.o)
                0x000000002000ea9c                _SlNetCfgGetCmdCtrl
 .rodata._SlNetCfgSetCmdCtrl
                0x000000002000eaa0        0x4 /opt/cc3200/eclipse//../CC3200-Linux-SDK/lib/libsimplelink.a(netcfg.o)
                0x000000002000eaa0                _SlNetCfgSetCmdCtrl
 .rodata._SlWlanCfgSetCmdCtrl
                0x000000002000eaa4        0x4 /opt/cc3200/eclipse//../CC3200-Linux-SDK/lib/libsimplelink.a(wlan.o)
                0x000000002000eaa4                _SlWlanCfgSetCmdCtrl
 .rodata._SlProfileDelCmdCtrl
                0x000000002000eaa8        0x4 /opt/cc3200/eclipse//../CC3200-Linux-SDK/lib/libsimplelink.a(wlan.o)
                0x000000002000eaa8                _SlProfileDelCmdCtrl
 .rodata._SlWlanSetModeCmdCtrl
                0x000000002000eaac        0x4 /opt/cc3200/eclipse//../CC3200-Linux-SDK/lib/libsimplelink.a(wlan.o)
                0x000000002000eaac                _SlWlanSetModeCmdCtrl
 .rodata._SlRxFilterSetCmdCtrl
                0x000000002000eab0        0x4 /opt/cc3200/eclipse//../CC3200-Linux-SDK/lib/libsimplelink.a(wlan.o)
                0x000000002000eab0                _SlRxFilterSetCmdCtrl
 .rodata._SlPolicySetCmdCtrl
                0x000000002000eab4        0x4 /opt/cc3200/eclipse//../CC3200-Linux-SDK/lib/libsimplelink.a(wlan.o)
                0x000000002000eab4                _SlPolicySetCmdCtrl
 .rodata.g_pulEnRegs
                0x000000002000eab8       0x18 /opt/cc3200/eclipse//../CC3200-Linux-SDK/lib/libdriver.a(interrupt.o)
 .rodata.g_pulDisRegs
                0x000000002000ead0       0x18 /opt/cc3200/eclipse//../CC3200-Linux-SDK/lib/libdriver.a(interrupt.o)
 .rodata.g_pulUnpendRegs
                0x000000002000eae8       0x18 /opt/cc3200/eclipse//../CC3200-Linux-SDK/lib/libdriver.a(interrupt.o)
 .rodata.g_pulRegs
                0x000000002000eb00       0xd4 /opt/cc3200/eclipse//../CC3200-Linux-SDK/lib/libdriver.a(interrupt.o)
 .rodata.g_ulPinToPadMap
                0x000000002000ebd4      0x100 /opt/cc3200/eclipse//../CC3200-Linux-SDK/lib/libdriver.a(pin.o)
 .rodata.PRCM_PeriphRegsList
                0x000000002000ecd4       0xa8 /opt/cc3200/eclipse//../CC3200-Linux-SDK/lib/libdriver.a(prcm.o)
 .rodata.g_ppulSPIIntMap
                0x000000002000ed7c       0x24 /opt/cc3200/eclipse//../CC3200-Linux-SDK/lib/libdriver.a(spi.o)
 .rodata.g_ulSPIDmaMaskMap
                0x000000002000eda0       0x18 /opt/cc3200/eclipse//../CC3200-Linux-SDK/lib/libdriver.a(spi.o)
 .rodata.str1.4
                0x000000002000edb8        0x2 /usr/bin/../lib/gcc/arm-none-eabi/4.9.3/../../../../arm-none-eabi/lib/armv7e-m/libg.a(lib_a-impure.o)
 *fill*         0x000000002000edba        0x2 
 .rodata.zeroes.6911
                0x000000002000edbc       0x10 /usr/bin/../lib/gcc/arm-none-eabi/4.9.3/../../../../arm-none-eabi/lib/armv7e-m/libg.a(lib_a-svfprintf.o)
 .rodata.blanks.6910
                0x000000002000edcc       0x10 /usr/bin/../lib/gcc/arm-none-eabi/4.9.3/../../../../arm-none-eabi/lib/armv7e-m/libg.a(lib_a-svfprintf.o)
 .rodata.str1.4
                0x000000002000eddc       0x42 /usr/bin/../lib/gcc/arm-none-eabi/4.9.3/../../../../arm-none-eabi/lib/armv7e-m/libg.a(lib_a-svfprintf.o)
 *fill*         0x000000002000ee1e        0x2 
 .rodata.str1.4
                0x000000002000ee20       0x10 /usr/bin/../lib/gcc/arm-none-eabi/4.9.3/../../../../arm-none-eabi/lib/armv7e-m/libg.a(lib_a-dtoa.o)
                                         0x12 (size before relaxing)
 .rodata.str1.4
                0x000000002000ee30        0xc /usr/bin/../lib/gcc/arm-none-eabi/4.9.3/../../../../arm-none-eabi/lib/armv7e-m/libg.a(lib_a-locale.o)
                                         0x12 (size before relaxing)
 *fill*         0x000000002000ee3c        0x4 
 .rodata.__mprec_tens
                0x000000002000ee40       0xc8 /usr/bin/../lib/gcc/arm-none-eabi/4.9.3/../../../../arm-none-eabi/lib/armv7e-m/libg.a(lib_a-mprec.o)
                0x000000002000ee40                __mprec_tens
 .rodata.p05.5302
                0x000000002000ef08        0xc /usr/bin/../lib/gcc/arm-none-eabi/4.9.3/../../../../arm-none-eabi/lib/armv7e-m/libg.a(lib_a-mprec.o)
 *fill*         0x000000002000ef14        0x4 
 .rodata.__mprec_bigtens
                0x000000002000ef18       0x28 /usr/bin/../lib/gcc/arm-none-eabi/4.9.3/../../../../arm-none-eabi/lib/armv7e-m/libg.a(lib_a-mprec.o)
                0x000000002000ef18                __mprec_bigtens
 *(.ARM.extab* .gnu.linkonce.armextab.*)
                0x000000002000ef40                . = ALIGN (0x8)
                0x000000002000ef40                _etext = .

.glue_7         0x000000002000ef40        0x0
 .glue_7        0x0000000000000000        0x0 linker stubs

.glue_7t        0x000000002000ef40        0x0
 .glue_7t       0x0000000000000000        0x0 linker stubs

.vfp11_veneer   0x000000002000ef40        0x0
 .vfp11_veneer  0x0000000000000000        0x0 linker stubs

.v4_bx          0x000000002000ef40        0x0
 .v4_bx         0x0000000000000000        0x0 linker stubs

.iplt           0x000000002000ef40        0x0
 .iplt          0x0000000000000000        0x0 /usr/bin/../lib/gcc/arm-none-eabi/4.9.3/armv7e-m/crtbegin.o

.ARM            0x000000002000ef40        0x8
                0x000000002000ef40                __exidx_start = .
 *(.ARM.exidx*)
 .ARM.exidx     0x000000002000ef40        0x8 /usr/bin/../lib/gcc/arm-none-eabi/4.9.3/armv7e-m/libgcc.a(_divdi3.o)
 .ARM.exidx     0x000000002000ef48        0x0 /usr/bin/../lib/gcc/arm-none-eabi/4.9.3/armv7e-m/libgcc.a(_udivdi3.o)
                                          0x8 (size before relaxing)
                0x000000002000ef48                __exidx_end = .
                0x000000002000ef48                __init_data = .

.rel.dyn        0x000000002000ef48        0x0
 .rel.iplt      0x0000000000000000        0x0 /usr/bin/../lib/gcc/arm-none-eabi/4.9.3/armv7e-m/crtbegin.o

.data           0x000000002000ef48      0x880
                0x000000002000ef48                _data = .
 *(.data*)
 .data.uxCriticalNesting
                0x000000002000ef48        0x4 ./FreeRTOS/Source/portable/GCC/ARM_CM4/port.o
 .data.xNextTaskUnblockTime
                0x000000002000ef4c        0x4 ./FreeRTOS/Source/tasks.o
 .data.impure_data
                0x000000002000ef50      0x428 /usr/bin/../lib/gcc/arm-none-eabi/4.9.3/../../../../arm-none-eabi/lib/armv7e-m/libg.a(lib_a-impure.o)
 .data._impure_ptr
                0x000000002000f378        0x4 /usr/bin/../lib/gcc/arm-none-eabi/4.9.3/../../../../arm-none-eabi/lib/armv7e-m/libg.a(lib_a-impure.o)
                0x000000002000f378                _impure_ptr
 .data.__malloc_av_
                0x000000002000f37c      0x408 /usr/bin/../lib/gcc/arm-none-eabi/4.9.3/../../../../arm-none-eabi/lib/armv7e-m/libg.a(lib_a-mallocr.o)
                0x000000002000f37c                __malloc_av_
 .data.__malloc_trim_threshold
                0x000000002000f784        0x4 /usr/bin/../lib/gcc/arm-none-eabi/4.9.3/../../../../arm-none-eabi/lib/armv7e-m/libg.a(lib_a-mallocr.o)
                0x000000002000f784                __malloc_trim_threshold
 .data.__malloc_sbrk_base
                0x000000002000f788        0x4 /usr/bin/../lib/gcc/arm-none-eabi/4.9.3/../../../../arm-none-eabi/lib/armv7e-m/libg.a(lib_a-mallocr.o)
                0x000000002000f788                __malloc_sbrk_base
 .data.lconv    0x000000002000f78c       0x38 /usr/bin/../lib/gcc/arm-none-eabi/4.9.3/../../../../arm-none-eabi/lib/armv7e-m/libg.a(lib_a-locale.o)
                0x000000002000f7c8                . = ALIGN (0x8)
 *fill*         0x000000002000f7c4        0x4 
                0x000000002000f7c8                _edata = .

.igot.plt       0x000000002000f7c8        0x0
 .igot.plt      0x0000000000000000        0x0 /usr/bin/../lib/gcc/arm-none-eabi/4.9.3/armv7e-m/crtbegin.o

.bss            0x000000002000f7c8     0x3b58
                0x000000002000f7c8                _bss = .
 *(.bss*)
 .bss.ucHeap    0x000000002000f7c8     0x2710 ./FreeRTOS/Source/portable/MemMang/heap_4.o
 .bss.xStart    0x0000000020011ed8        0x8 ./FreeRTOS/Source/portable/MemMang/heap_4.o
 .bss.pxEnd     0x0000000020011ee0        0x4 ./FreeRTOS/Source/portable/MemMang/heap_4.o
 .bss.xFreeBytesRemaining
                0x0000000020011ee4        0x4 ./FreeRTOS/Source/portable/MemMang/heap_4.o
 .bss.xMinimumEverFreeBytesRemaining
                0x0000000020011ee8        0x4 ./FreeRTOS/Source/portable/MemMang/heap_4.o
 .bss.xBlockAllocatedBit
                0x0000000020011eec        0x4 ./FreeRTOS/Source/portable/MemMang/heap_4.o
 .bss.pxCurrentTCB
                0x0000000020011ef0        0x4 ./FreeRTOS/Source/tasks.o
                0x0000000020011ef0                pxCurrentTCB
 .bss.pxReadyTasksLists
                0x0000000020011ef4       0xc8 ./FreeRTOS/Source/tasks.o
 .bss.xDelayedTaskList1
                0x0000000020011fbc       0x14 ./FreeRTOS/Source/tasks.o
 .bss.xDelayedTaskList2
                0x0000000020011fd0       0x14 ./FreeRTOS/Source/tasks.o
 .bss.pxDelayedTaskList
                0x0000000020011fe4        0x4 ./FreeRTOS/Source/tasks.o
 .bss.pxOverflowDelayedTaskList
                0x0000000020011fe8        0x4 ./FreeRTOS/Source/tasks.o
 .bss.xPendingReadyList
                0x0000000020011fec       0x14 ./FreeRTOS/Source/tasks.o
 .bss.xTasksWaitingTermination
                0x0000000020012000       0x14 ./FreeRTOS/Source/tasks.o
 .bss.uxTasksDeleted
                0x0000000020012014        0x4 ./FreeRTOS/Source/tasks.o
 .bss.xSuspendedTaskList
                0x0000000020012018       0x14 ./FreeRTOS/Source/tasks.o
 .bss.xIdleTaskHandle
                0x000000002001202c        0x4 ./FreeRTOS/Source/tasks.o
 .bss.uxCurrentNumberOfTasks
                0x0000000020012030        0x4 ./FreeRTOS/Source/tasks.o
 .bss.xTickCount
                0x0000000020012034        0x4 ./FreeRTOS/Source/tasks.o
 .bss.uxTopReadyPriority
                0x0000000020012038        0x4 ./FreeRTOS/Source/tasks.o
 .bss.xSchedulerRunning
                0x000000002001203c        0x4 ./FreeRTOS/Source/tasks.o
 .bss.uxPendedTicks
                0x0000000020012040        0x4 ./FreeRTOS/Source/tasks.o
 .bss.xYieldPending
                0x0000000020012044        0x4 ./FreeRTOS/Source/tasks.o
 .bss.xNumOfOverflows
                0x0000000020012048        0x4 ./FreeRTOS/Source/tasks.o
 .bss.uxTaskNumber
                0x000000002001204c        0x4 ./FreeRTOS/Source/tasks.o
 .bss.uxSchedulerSuspended
                0x0000000020012050        0x4 ./FreeRTOS/Source/tasks.o
 .bss.xActiveTimerList1
                0x0000000020012054       0x14 ./FreeRTOS/Source/timers.o
 .bss.xActiveTimerList2
                0x0000000020012068       0x14 ./FreeRTOS/Source/timers.o
 .bss.pxCurrentTimerList
                0x000000002001207c        0x4 ./FreeRTOS/Source/timers.o
 .bss.pxOverflowTimerList
                0x0000000020012080        0x4 ./FreeRTOS/Source/timers.o
 .bss.xTimerQueue
                0x0000000020012084        0x4 ./FreeRTOS/Source/timers.o
 .bss.xTimerTaskHandle
                0x0000000020012088        0x4 ./FreeRTOS/Source/timers.o
 .bss.xLastTime.5223
                0x000000002001208c        0x4 ./FreeRTOS/Source/timers.o
 .bss.g_ulStatus
                0x0000000020012090        0x1 ./main.o
                0x0000000020012090                g_ulStatus
 *fill*         0x0000000020012091        0x3 
 .bss.g_ulStaIp
                0x0000000020012094        0x4 ./main.o
                0x0000000020012094                g_ulStaIp
 .bss.g_ulPingPacketsRecv
                0x0000000020012098        0x4 ./main.o
                0x0000000020012098                g_ulPingPacketsRecv
 .bss.g_uiGatewayIP
                0x000000002001209c        0x4 ./main.o
                0x000000002001209c                g_uiGatewayIP
 .bss.heap_end  0x00000000200120a0        0x4 ./startup_gcc.o
 .bss.pui32Stack
                0x00000000200120a4     0x1000 ./startup_gcc.o
 .bss.__Errorlog
                0x00000000200130a4        0x4 ./uart_if.o
 .bss.xSimpleLinkSpawnQueue
                0x00000000200130a8        0x4 /opt/cc3200/eclipse//../CC3200-Linux-SDK/lib/libosi.a(osi_freertos.o)
                0x00000000200130a8                xSimpleLinkSpawnQueue
 .bss.xSimpleLinkSpawnTaskHndl
                0x00000000200130ac        0x4 /opt/cc3200/eclipse//../CC3200-Linux-SDK/lib/libosi.a(osi_freertos.o)
                0x00000000200130ac                xSimpleLinkSpawnTaskHndl
 .bss.xHigherPriorityTaskWoken
                0x00000000200130b0        0x4 /opt/cc3200/eclipse//../CC3200-Linux-SDK/lib/libosi.a(osi_freertos.o)
                0x00000000200130b0                xHigherPriorityTaskWoken
 .bss.gFirstCmdMode
                0x00000000200130b4        0x1 /opt/cc3200/eclipse//../CC3200-Linux-SDK/lib/libsimplelink.a(driver.o)
                0x00000000200130b4                gFirstCmdMode
 *fill*         0x00000000200130b5        0x3 
 .bss.pPingCallBackFunc
                0x00000000200130b8        0x4 /opt/cc3200/eclipse//../CC3200-Linux-SDK/lib/libsimplelink.a(driver.o)
                0x00000000200130b8                pPingCallBackFunc
 .bss.g_pCB     0x00000000200130bc        0x4 /opt/cc3200/eclipse//../CC3200-Linux-SDK/lib/libsimplelink.a(driver.o)
                0x00000000200130bc                g_pCB
 .bss.g_SpiFd   0x00000000200130c0        0x4 /opt/cc3200/eclipse//../CC3200-Linux-SDK/lib/libsimplelink.a(cc_pal.o)
                0x00000000200130c0                g_SpiFd
 .bss.g_ucDMAEnabled
                0x00000000200130c4        0x1 /opt/cc3200/eclipse//../CC3200-Linux-SDK/lib/libsimplelink.a(cc_pal.o)
                0x00000000200130c4                g_ucDMAEnabled
 *fill*         0x00000000200130c5        0x3 
 .bss.__malloc_max_total_mem
                0x00000000200130c8        0x4 /usr/bin/../lib/gcc/arm-none-eabi/4.9.3/../../../../arm-none-eabi/lib/armv7e-m/libg.a(lib_a-mallocr.o)
                0x00000000200130c8                __malloc_max_total_mem
 .bss.__malloc_max_sbrked_mem
                0x00000000200130cc        0x4 /usr/bin/../lib/gcc/arm-none-eabi/4.9.3/../../../../arm-none-eabi/lib/armv7e-m/libg.a(lib_a-mallocr.o)
                0x00000000200130cc                __malloc_max_sbrked_mem
 .bss.__malloc_top_pad
                0x00000000200130d0        0x4 /usr/bin/../lib/gcc/arm-none-eabi/4.9.3/../../../../arm-none-eabi/lib/armv7e-m/libg.a(lib_a-mallocr.o)
                0x00000000200130d0                __malloc_top_pad
 .bss.__malloc_current_mallinfo
                0x00000000200130d4       0x28 /usr/bin/../lib/gcc/arm-none-eabi/4.9.3/../../../../arm-none-eabi/lib/armv7e-m/libg.a(lib_a-mallocr.o)
                0x00000000200130d4                __malloc_current_mallinfo
 *(COMMON)
 COMMON         0x00000000200130fc       0x50 ./FreeRTOS/Source/queue.o
                0x00000000200130fc                xQueueRegistry
 COMMON         0x000000002001314c      0x17c /opt/cc3200/eclipse//../CC3200-Linux-SDK/lib/libsimplelink.a(driver.o)
                0x000000002001314c                RxIrqCnt
                0x0000000020013150                g_StatMem
 COMMON         0x00000000200132c8       0x54 /opt/cc3200/eclipse//../CC3200-Linux-SDK/lib/libsimplelink.a(cc_pal.o)
                0x00000000200132c8                g_cDummy
                0x00000000200132cc                g_ucDinDout
 COMMON         0x000000002001331c        0x4 /usr/bin/../lib/gcc/arm-none-eabi/4.9.3/../../../../arm-none-eabi/lib/armv7e-m/libg.a(lib_a-reent.o)
                0x000000002001331c                errno
                0x0000000020013320                _ebss = .

.heap           0x0000000020013320    0x10000
                0x0000000020013320                _heap = .
                0x0000000020023320                . = (. + HEAP_SIZE)
 *fill*         0x0000000020013320    0x10000 
                0x0000000020023320                . = ALIGN (0x8)
                0x0000000020023320                _eheap = .
OUTPUT(Getting Started With Wlan AP.elf elf32-littlearm)

.debug_info     0x0000000000000000    0x13e86
 .debug_info    0x0000000000000000      0x313 ./FreeRTOS/Source/portable/MemMang/heap_4.o
 .debug_info    0x0000000000000313      0x23f ./FreeRTOS/Source/portable/GCC/ARM_CM4/port.o
 .debug_info    0x0000000000000552      0x2a4 ./FreeRTOS/Source/list.o
 .debug_info    0x00000000000007f6      0xd8f ./FreeRTOS/Source/queue.o
 .debug_info    0x0000000000001585     0x178f ./FreeRTOS/Source/tasks.o
 .debug_info    0x0000000000002d14      0x9f8 ./FreeRTOS/Source/timers.o
 .debug_info    0x000000000000370c     0x1093 ./main.o
 .debug_info    0x000000000000479f       0x49 ./pinmux.o
 .debug_info    0x00000000000047e8      0x1eb ./startup_gcc.o
 .debug_info    0x00000000000049d3      0x2b7 ./uart_if.o
 .debug_info    0x0000000000004c8a      0xefd /opt/cc3200/eclipse//../CC3200-Linux-SDK/lib/libosi.a(osi_freertos.o)
 .debug_info    0x0000000000005b87      0xfb4 /opt/cc3200/eclipse//../CC3200-Linux-SDK/lib/libsimplelink.a(device.o)
 .debug_info    0x0000000000006b3b     0x2104 /opt/cc3200/eclipse//../CC3200-Linux-SDK/lib/libsimplelink.a(driver.o)
 .debug_info    0x0000000000008c3f     0x1f03 /opt/cc3200/eclipse//../CC3200-Linux-SDK/lib/libsimplelink.a(netapp.o)
 .debug_info    0x000000000000ab42      0x48d /opt/cc3200/eclipse//../CC3200-Linux-SDK/lib/libsimplelink.a(netcfg.o)
 .debug_info    0x000000000000afcf     0x1f29 /opt/cc3200/eclipse//../CC3200-Linux-SDK/lib/libsimplelink.a(socket.o)
 .debug_info    0x000000000000cef8     0x2045 /opt/cc3200/eclipse//../CC3200-Linux-SDK/lib/libsimplelink.a(wlan.o)
 .debug_info    0x000000000000ef3d     0x12d3 /opt/cc3200/eclipse//../CC3200-Linux-SDK/lib/libsimplelink.a(cc_pal.o)
 .debug_info    0x0000000000010210      0x3f0 /opt/cc3200/eclipse//../CC3200-Linux-SDK/lib/libdriver.a(interrupt.o)
 .debug_info    0x0000000000010600      0x5cc /opt/cc3200/eclipse//../CC3200-Linux-SDK/lib/libdriver.a(pin.o)
 .debug_info    0x0000000000010bcc     0x162c /opt/cc3200/eclipse//../CC3200-Linux-SDK/lib/libdriver.a(prcm.o)
 .debug_info    0x00000000000121f8      0xc23 /opt/cc3200/eclipse//../CC3200-Linux-SDK/lib/libdriver.a(spi.o)
 .debug_info    0x0000000000012e1b      0x92d /opt/cc3200/eclipse//../CC3200-Linux-SDK/lib/libdriver.a(uart.o)
 .debug_info    0x0000000000013748      0x5f8 /opt/cc3200/eclipse//../CC3200-Linux-SDK/lib/libdriver.a(udma.o)
 .debug_info    0x0000000000013d40       0x50 /opt/cc3200/eclipse//../CC3200-Linux-SDK/lib/libdriver.a(utils.o)
 .debug_info    0x0000000000013d90       0xf6 /opt/cc3200/eclipse//../CC3200-Linux-SDK/lib/libdriver.a(cpu.o)

.debug_abbrev   0x0000000000000000     0x345e
 .debug_abbrev  0x0000000000000000      0x173 ./FreeRTOS/Source/portable/MemMang/heap_4.o
 .debug_abbrev  0x0000000000000173      0x163 ./FreeRTOS/Source/portable/GCC/ARM_CM4/port.o
 .debug_abbrev  0x00000000000002d6       0xbf ./FreeRTOS/Source/list.o
 .debug_abbrev  0x0000000000000395      0x190 ./FreeRTOS/Source/queue.o
 .debug_abbrev  0x0000000000000525      0x28a ./FreeRTOS/Source/tasks.o
 .debug_abbrev  0x00000000000007af      0x1c6 ./FreeRTOS/Source/timers.o
 .debug_abbrev  0x0000000000000975      0x304 ./main.o
 .debug_abbrev  0x0000000000000c79       0x3a ./pinmux.o
 .debug_abbrev  0x0000000000000cb3      0x124 ./startup_gcc.o
 .debug_abbrev  0x0000000000000dd7      0x14a ./uart_if.o
 .debug_abbrev  0x0000000000000f21      0x2fc /opt/cc3200/eclipse//../CC3200-Linux-SDK/lib/libosi.a(osi_freertos.o)
 .debug_abbrev  0x000000000000121d      0x38b /opt/cc3200/eclipse//../CC3200-Linux-SDK/lib/libsimplelink.a(device.o)
 .debug_abbrev  0x00000000000015a8      0x36b /opt/cc3200/eclipse//../CC3200-Linux-SDK/lib/libsimplelink.a(driver.o)
 .debug_abbrev  0x0000000000001913      0x397 /opt/cc3200/eclipse//../CC3200-Linux-SDK/lib/libsimplelink.a(netapp.o)
 .debug_abbrev  0x0000000000001caa      0x191 /opt/cc3200/eclipse//../CC3200-Linux-SDK/lib/libsimplelink.a(netcfg.o)
 .debug_abbrev  0x0000000000001e3b      0x377 /opt/cc3200/eclipse//../CC3200-Linux-SDK/lib/libsimplelink.a(socket.o)
 .debug_abbrev  0x00000000000021b2      0x30c /opt/cc3200/eclipse//../CC3200-Linux-SDK/lib/libsimplelink.a(wlan.o)
 .debug_abbrev  0x00000000000024be      0x2ed /opt/cc3200/eclipse//../CC3200-Linux-SDK/lib/libsimplelink.a(cc_pal.o)
 .debug_abbrev  0x00000000000027ab      0x191 /opt/cc3200/eclipse//../CC3200-Linux-SDK/lib/libdriver.a(interrupt.o)
 .debug_abbrev  0x000000000000293c      0x139 /opt/cc3200/eclipse//../CC3200-Linux-SDK/lib/libdriver.a(pin.o)
 .debug_abbrev  0x0000000000002a75      0x335 /opt/cc3200/eclipse//../CC3200-Linux-SDK/lib/libdriver.a(prcm.o)
 .debug_abbrev  0x0000000000002daa      0x20e /opt/cc3200/eclipse//../CC3200-Linux-SDK/lib/libdriver.a(spi.o)
 .debug_abbrev  0x0000000000002fb8      0x1e1 /opt/cc3200/eclipse//../CC3200-Linux-SDK/lib/libdriver.a(uart.o)
 .debug_abbrev  0x0000000000003199      0x1cd /opt/cc3200/eclipse//../CC3200-Linux-SDK/lib/libdriver.a(udma.o)
 .debug_abbrev  0x0000000000003366       0x48 /opt/cc3200/eclipse//../CC3200-Linux-SDK/lib/libdriver.a(utils.o)
 .debug_abbrev  0x00000000000033ae       0xb0 /opt/cc3200/eclipse//../CC3200-Linux-SDK/lib/libdriver.a(cpu.o)

.debug_aranges  0x0000000000000000     0x11b0
 .debug_aranges
                0x0000000000000000       0x50 ./FreeRTOS/Source/portable/MemMang/heap_4.o
 .debug_aranges
                0x0000000000000050       0x88 ./FreeRTOS/Source/portable/GCC/ARM_CM4/port.o
 .debug_aranges
                0x00000000000000d8       0x40 ./FreeRTOS/Source/list.o
 .debug_aranges
                0x0000000000000118      0x120 ./FreeRTOS/Source/queue.o
 .debug_aranges
                0x0000000000000238      0x1e8 ./FreeRTOS/Source/tasks.o
 .debug_aranges
                0x0000000000000420       0xb0 ./FreeRTOS/Source/timers.o
 .debug_aranges
                0x00000000000004d0       0xb0 ./main.o
 .debug_aranges
                0x0000000000000580       0x20 ./pinmux.o
 .debug_aranges
                0x00000000000005a0       0x48 ./startup_gcc.o
 .debug_aranges
                0x00000000000005e8       0x50 ./uart_if.o
 .debug_aranges
                0x0000000000000638      0x128 /opt/cc3200/eclipse//../CC3200-Linux-SDK/lib/libosi.a(osi_freertos.o)
 .debug_aranges
                0x0000000000000760       0x68 /opt/cc3200/eclipse//../CC3200-Linux-SDK/lib/libsimplelink.a(device.o)
 .debug_aranges
                0x00000000000007c8       0xf8 /opt/cc3200/eclipse//../CC3200-Linux-SDK/lib/libsimplelink.a(driver.o)
 .debug_aranges
                0x00000000000008c0       0xa8 /opt/cc3200/eclipse//../CC3200-Linux-SDK/lib/libsimplelink.a(netapp.o)
 .debug_aranges
                0x0000000000000968       0x28 /opt/cc3200/eclipse//../CC3200-Linux-SDK/lib/libsimplelink.a(netcfg.o)
 .debug_aranges
                0x0000000000000990       0xe0 /opt/cc3200/eclipse//../CC3200-Linux-SDK/lib/libsimplelink.a(socket.o)
 .debug_aranges
                0x0000000000000a70       0xb0 /opt/cc3200/eclipse//../CC3200-Linux-SDK/lib/libsimplelink.a(wlan.o)
 .debug_aranges
                0x0000000000000b20       0x78 /opt/cc3200/eclipse//../CC3200-Linux-SDK/lib/libsimplelink.a(cc_pal.o)
 .debug_aranges
                0x0000000000000b98       0x98 /opt/cc3200/eclipse//../CC3200-Linux-SDK/lib/libdriver.a(interrupt.o)
 .debug_aranges
                0x0000000000000c30       0x90 /opt/cc3200/eclipse//../CC3200-Linux-SDK/lib/libdriver.a(pin.o)
 .debug_aranges
                0x0000000000000cc0      0x198 /opt/cc3200/eclipse//../CC3200-Linux-SDK/lib/libdriver.a(prcm.o)
 .debug_aranges
                0x0000000000000e58       0xe0 /opt/cc3200/eclipse//../CC3200-Linux-SDK/lib/libdriver.a(spi.o)
 .debug_aranges
                0x0000000000000f38      0x138 /opt/cc3200/eclipse//../CC3200-Linux-SDK/lib/libdriver.a(uart.o)
 .debug_aranges
                0x0000000000001070       0xd8 /opt/cc3200/eclipse//../CC3200-Linux-SDK/lib/libdriver.a(udma.o)
 .debug_aranges
                0x0000000000001148       0x20 /opt/cc3200/eclipse//../CC3200-Linux-SDK/lib/libdriver.a(utils.o)
 .debug_aranges
                0x0000000000001168       0x48 /opt/cc3200/eclipse//../CC3200-Linux-SDK/lib/libdriver.a(cpu.o)

.debug_ranges   0x0000000000000000     0x1778
 .debug_ranges  0x0000000000000000       0x40 ./FreeRTOS/Source/portable/MemMang/heap_4.o
 .debug_ranges  0x0000000000000040       0x78 ./FreeRTOS/Source/portable/GCC/ARM_CM4/port.o
 .debug_ranges  0x00000000000000b8       0x30 ./FreeRTOS/Source/list.o
 .debug_ranges  0x00000000000000e8      0x110 ./FreeRTOS/Source/queue.o
 .debug_ranges  0x00000000000001f8      0x1d8 ./FreeRTOS/Source/tasks.o
 .debug_ranges  0x00000000000003d0       0xa0 ./FreeRTOS/Source/timers.o
 .debug_ranges  0x0000000000000470       0xb8 ./main.o
 .debug_ranges  0x0000000000000528       0x10 ./pinmux.o
 .debug_ranges  0x0000000000000538       0x38 ./startup_gcc.o
 .debug_ranges  0x0000000000000570       0x40 ./uart_if.o
 .debug_ranges  0x00000000000005b0      0x118 /opt/cc3200/eclipse//../CC3200-Linux-SDK/lib/libosi.a(osi_freertos.o)
 .debug_ranges  0x00000000000006c8       0xe0 /opt/cc3200/eclipse//../CC3200-Linux-SDK/lib/libsimplelink.a(device.o)
 .debug_ranges  0x00000000000007a8      0x1b0 /opt/cc3200/eclipse//../CC3200-Linux-SDK/lib/libsimplelink.a(driver.o)
 .debug_ranges  0x0000000000000958      0x160 /opt/cc3200/eclipse//../CC3200-Linux-SDK/lib/libsimplelink.a(netapp.o)
 .debug_ranges  0x0000000000000ab8       0x38 /opt/cc3200/eclipse//../CC3200-Linux-SDK/lib/libsimplelink.a(netcfg.o)
 .debug_ranges  0x0000000000000af0      0x140 /opt/cc3200/eclipse//../CC3200-Linux-SDK/lib/libsimplelink.a(socket.o)
 .debug_ranges  0x0000000000000c30      0x1b0 /opt/cc3200/eclipse//../CC3200-Linux-SDK/lib/libsimplelink.a(wlan.o)
 .debug_ranges  0x0000000000000de0       0xb0 /opt/cc3200/eclipse//../CC3200-Linux-SDK/lib/libsimplelink.a(cc_pal.o)
 .debug_ranges  0x0000000000000e90       0x88 /opt/cc3200/eclipse//../CC3200-Linux-SDK/lib/libdriver.a(interrupt.o)
 .debug_ranges  0x0000000000000f18       0x80 /opt/cc3200/eclipse//../CC3200-Linux-SDK/lib/libdriver.a(pin.o)
 .debug_ranges  0x0000000000000f98      0x478 /opt/cc3200/eclipse//../CC3200-Linux-SDK/lib/libdriver.a(prcm.o)
 .debug_ranges  0x0000000000001410      0x100 /opt/cc3200/eclipse//../CC3200-Linux-SDK/lib/libdriver.a(spi.o)
 .debug_ranges  0x0000000000001510      0x158 /opt/cc3200/eclipse//../CC3200-Linux-SDK/lib/libdriver.a(uart.o)
 .debug_ranges  0x0000000000001668       0xc8 /opt/cc3200/eclipse//../CC3200-Linux-SDK/lib/libdriver.a(udma.o)
 .debug_ranges  0x0000000000001730       0x10 /opt/cc3200/eclipse//../CC3200-Linux-SDK/lib/libdriver.a(utils.o)
 .debug_ranges  0x0000000000001740       0x38 /opt/cc3200/eclipse//../CC3200-Linux-SDK/lib/libdriver.a(cpu.o)

.debug_macro    0x0000000000000000     0x8024
 .debug_macro   0x0000000000000000      0x18d ./FreeRTOS/Source/portable/MemMang/heap_4.o
 .debug_macro   0x000000000000018d      0x886 ./FreeRTOS/Source/portable/MemMang/heap_4.o
 .debug_macro   0x0000000000000a13       0x58 ./FreeRTOS/Source/portable/MemMang/heap_4.o
 .debug_macro   0x0000000000000a6b       0x22 ./FreeRTOS/Source/portable/MemMang/heap_4.o
 .debug_macro   0x0000000000000a8d       0x35 ./FreeRTOS/Source/portable/MemMang/heap_4.o
 .debug_macro   0x0000000000000ac2       0x9c ./FreeRTOS/Source/portable/MemMang/heap_4.o
 .debug_macro   0x0000000000000b5e       0x16 ./FreeRTOS/Source/portable/MemMang/heap_4.o
 .debug_macro   0x0000000000000b74      0x10e ./FreeRTOS/Source/portable/MemMang/heap_4.o
 .debug_macro   0x0000000000000c82       0x86 ./FreeRTOS/Source/portable/MemMang/heap_4.o
 .debug_macro   0x0000000000000d08       0x4a ./FreeRTOS/Source/portable/MemMang/heap_4.o
 .debug_macro   0x0000000000000d52       0x52 ./FreeRTOS/Source/portable/MemMang/heap_4.o
 .debug_macro   0x0000000000000da4       0x16 ./FreeRTOS/Source/portable/MemMang/heap_4.o
 .debug_macro   0x0000000000000dba       0x43 ./FreeRTOS/Source/portable/MemMang/heap_4.o
 .debug_macro   0x0000000000000dfd      0x180 ./FreeRTOS/Source/portable/MemMang/heap_4.o
 .debug_macro   0x0000000000000f7d      0x27a ./FreeRTOS/Source/portable/MemMang/heap_4.o
 .debug_macro   0x00000000000011f7       0x16 ./FreeRTOS/Source/portable/MemMang/heap_4.o
 .debug_macro   0x000000000000120d       0x29 ./FreeRTOS/Source/portable/MemMang/heap_4.o
 .debug_macro   0x0000000000001236       0x58 ./FreeRTOS/Source/portable/MemMang/heap_4.o
 .debug_macro   0x000000000000128e       0x22 ./FreeRTOS/Source/portable/MemMang/heap_4.o
 .debug_macro   0x00000000000012b0      0x1df ./FreeRTOS/Source/portable/MemMang/heap_4.o
 .debug_macro   0x000000000000148f      0x13c ./FreeRTOS/Source/portable/MemMang/heap_4.o
 .debug_macro   0x00000000000015cb       0x5e ./FreeRTOS/Source/portable/MemMang/heap_4.o
 .debug_macro   0x0000000000001629       0xcb ./FreeRTOS/Source/portable/MemMang/heap_4.o
 .debug_macro   0x00000000000016f4       0x10 ./FreeRTOS/Source/portable/MemMang/heap_4.o
 .debug_macro   0x0000000000001704       0x1f ./FreeRTOS/Source/portable/MemMang/heap_4.o
 .debug_macro   0x0000000000001723      0x2ab ./FreeRTOS/Source/portable/MemMang/heap_4.o
 .debug_macro   0x00000000000019ce       0xc0 ./FreeRTOS/Source/portable/MemMang/heap_4.o
 .debug_macro   0x0000000000001a8e       0x8c ./FreeRTOS/Source/portable/MemMang/heap_4.o
 .debug_macro   0x0000000000001b1a      0x15f ./FreeRTOS/Source/portable/GCC/ARM_CM4/port.o
 .debug_macro   0x0000000000001c79      0x16d ./FreeRTOS/Source/portable/GCC/ARM_CM4/port.o
 .debug_macro   0x0000000000001de6       0x44 ./FreeRTOS/Source/portable/GCC/ARM_CM4/port.o
 .debug_macro   0x0000000000001e2a      0x166 ./FreeRTOS/Source/list.o
 .debug_macro   0x0000000000001f90      0x1d8 ./FreeRTOS/Source/queue.o
 .debug_macro   0x0000000000002168       0x16 ./FreeRTOS/Source/queue.o
 .debug_macro   0x000000000000217e       0x35 ./FreeRTOS/Source/queue.o
 .debug_macro   0x00000000000021b3       0xb0 ./FreeRTOS/Source/queue.o
 .debug_macro   0x0000000000002263      0x264 ./FreeRTOS/Source/tasks.o
 .debug_macro   0x00000000000024c7       0x17 ./FreeRTOS/Source/tasks.o
 .debug_macro   0x00000000000024de       0x1c ./FreeRTOS/Source/tasks.o
 .debug_macro   0x00000000000024fa       0x10 ./FreeRTOS/Source/tasks.o
 .debug_macro   0x000000000000250a       0x10 ./FreeRTOS/Source/tasks.o
 .debug_macro   0x000000000000251a       0x22 ./FreeRTOS/Source/tasks.o
 .debug_macro   0x000000000000253c       0xbe ./FreeRTOS/Source/tasks.o
 .debug_macro   0x00000000000025fa       0x16 ./FreeRTOS/Source/tasks.o
 .debug_macro   0x0000000000002610      0x197 ./FreeRTOS/Source/tasks.o
 .debug_macro   0x00000000000027a7      0x1a3 ./FreeRTOS/Source/timers.o
 .debug_macro   0x000000000000294a      0x23e ./main.o
 .debug_macro   0x0000000000002b88       0x10 ./main.o
 .debug_macro   0x0000000000002b98       0xb0 ./main.o
 .debug_macro   0x0000000000002c48       0x1c ./main.o
 .debug_macro   0x0000000000002c64       0x89 ./main.o
 .debug_macro   0x0000000000002ced       0x89 ./main.o
 .debug_macro   0x0000000000002d76      0x273 ./main.o
 .debug_macro   0x0000000000002fe9      0x11c ./main.o
 .debug_macro   0x0000000000003105      0x20f ./main.o
 .debug_macro   0x0000000000003314      0x8cf ./main.o
 .debug_macro   0x0000000000003be3      0x259 ./main.o
 .debug_macro   0x0000000000003e3c      0x424 ./main.o
 .debug_macro   0x0000000000004260      0x22b ./main.o
 .debug_macro   0x000000000000448b       0x28 ./main.o
 .debug_macro   0x00000000000044b3      0x382 ./main.o
 .debug_macro   0x0000000000004835       0x2e ./main.o
 .debug_macro   0x0000000000004863       0x3a ./main.o
 .debug_macro   0x000000000000489d      0x11e ./main.o
 .debug_macro   0x00000000000049bb       0x9a ./main.o
 .debug_macro   0x0000000000004a55      0x136 ./main.o
 .debug_macro   0x0000000000004b8b      0xba7 ./main.o
 .debug_macro   0x0000000000005732       0x40 ./main.o
 .debug_macro   0x0000000000005772      0x1c6 ./main.o
 .debug_macro   0x0000000000005938       0xc6 ./main.o
 .debug_macro   0x00000000000059fe       0x28 ./main.o
 .debug_macro   0x0000000000005a26       0x72 ./pinmux.o
 .debug_macro   0x0000000000005a98       0xe8 ./pinmux.o
 .debug_macro   0x0000000000005b80      0x35b ./pinmux.o
 .debug_macro   0x0000000000005edb      0x1a7 ./pinmux.o
 .debug_macro   0x0000000000006082       0x9a ./pinmux.o
 .debug_macro   0x000000000000611c       0x66 ./startup_gcc.o
 .debug_macro   0x0000000000006182     0x1afd ./startup_gcc.o
 .debug_macro   0x0000000000007c7f      0x1c1 ./uart_if.o
 .debug_macro   0x0000000000007e40       0x58 ./uart_if.o
 .debug_macro   0x0000000000007e98       0x22 ./uart_if.o
 .debug_macro   0x0000000000007eba       0x2e ./uart_if.o
 .debug_macro   0x0000000000007ee8      0x13c ./uart_if.o

.debug_line     0x0000000000000000     0x6611
 .debug_line    0x0000000000000000      0x43b ./FreeRTOS/Source/portable/MemMang/heap_4.o
 .debug_line    0x000000000000043b      0x3e4 ./FreeRTOS/Source/portable/GCC/ARM_CM4/port.o
 .debug_line    0x000000000000081f      0x3b4 ./FreeRTOS/Source/list.o
 .debug_line    0x0000000000000bd3      0x7b1 ./FreeRTOS/Source/queue.o
 .debug_line    0x0000000000001384      0xcc5 ./FreeRTOS/Source/tasks.o
 .debug_line    0x0000000000002049      0x574 ./FreeRTOS/Source/timers.o
 .debug_line    0x00000000000025bd      0x768 ./main.o
 .debug_line    0x0000000000002d25      0x11f ./pinmux.o
 .debug_line    0x0000000000002e44      0x1e0 ./startup_gcc.o
 .debug_line    0x0000000000003024      0x3fe ./uart_if.o
 .debug_line    0x0000000000003422      0x487 /opt/cc3200/eclipse//../CC3200-Linux-SDK/lib/libosi.a(osi_freertos.o)
 .debug_line    0x00000000000038a9      0x20a /opt/cc3200/eclipse//../CC3200-Linux-SDK/lib/libsimplelink.a(device.o)
 .debug_line    0x0000000000003ab3      0x6fe /opt/cc3200/eclipse//../CC3200-Linux-SDK/lib/libsimplelink.a(driver.o)
 .debug_line    0x00000000000041b1      0x3bd /opt/cc3200/eclipse//../CC3200-Linux-SDK/lib/libsimplelink.a(netapp.o)
 .debug_line    0x000000000000456e       0xdb /opt/cc3200/eclipse//../CC3200-Linux-SDK/lib/libsimplelink.a(netcfg.o)
 .debug_line    0x0000000000004649      0x491 /opt/cc3200/eclipse//../CC3200-Linux-SDK/lib/libsimplelink.a(socket.o)
 .debug_line    0x0000000000004ada      0x3c7 /opt/cc3200/eclipse//../CC3200-Linux-SDK/lib/libsimplelink.a(wlan.o)
 .debug_line    0x0000000000004ea1      0x305 /opt/cc3200/eclipse//../CC3200-Linux-SDK/lib/libsimplelink.a(cc_pal.o)
 .debug_line    0x00000000000051a6      0x1bf /opt/cc3200/eclipse//../CC3200-Linux-SDK/lib/libdriver.a(interrupt.o)
 .debug_line    0x0000000000005365      0x186 /opt/cc3200/eclipse//../CC3200-Linux-SDK/lib/libdriver.a(pin.o)
 .debug_line    0x00000000000054eb      0x6a2 /opt/cc3200/eclipse//../CC3200-Linux-SDK/lib/libdriver.a(prcm.o)
 .debug_line    0x0000000000005b8d      0x357 /opt/cc3200/eclipse//../CC3200-Linux-SDK/lib/libdriver.a(spi.o)
 .debug_line    0x0000000000005ee4      0x388 /opt/cc3200/eclipse//../CC3200-Linux-SDK/lib/libdriver.a(uart.o)
 .debug_line    0x000000000000626c      0x2d3 /opt/cc3200/eclipse//../CC3200-Linux-SDK/lib/libdriver.a(udma.o)
 .debug_line    0x000000000000653f       0x39 /opt/cc3200/eclipse//../CC3200-Linux-SDK/lib/libdriver.a(utils.o)
 .debug_line    0x0000000000006578       0x99 /opt/cc3200/eclipse//../CC3200-Linux-SDK/lib/libdriver.a(cpu.o)

.debug_str      0x0000000000000000    0x28b6d
 .debug_str     0x0000000000000000     0x81e6 ./FreeRTOS/Source/portable/MemMang/heap_4.o
                                       0x83e6 (size before relaxing)
 .debug_str     0x00000000000081e6      0x6b6 ./FreeRTOS/Source/portable/GCC/ARM_CM4/port.o
                                       0x65ed (size before relaxing)
 .debug_str     0x000000000000889c      0x14c ./FreeRTOS/Source/list.o
                                       0x7cdb (size before relaxing)
 .debug_str     0x00000000000089e8     0x1221 ./FreeRTOS/Source/queue.o
                                       0x9492 (size before relaxing)
 .debug_str     0x0000000000009c09     0x297c ./FreeRTOS/Source/tasks.o
                                       0xacb5 (size before relaxing)
 .debug_str     0x000000000000c585      0x4ed ./FreeRTOS/Source/timers.o
                                       0x9965 (size before relaxing)