Archive member included because of file (symbol)

/opt/cc3200/eclipse//../CC3200-Linux-SDK/lib/libxmpp.a(xmpp.o)
                              ./main.o (sl_NetAppXmppSet)
/opt/cc3200/eclipse//../CC3200-Linux-SDK/lib/libxmpp.a(base64.o)
                              /opt/cc3200/eclipse//../CC3200-Linux-SDK/lib/libxmpp.a(xmpp.o) (ConvertToBase64)
/opt/cc3200/eclipse//../CC3200-Linux-SDK/lib/libosi.a(osi_freertos.o)
                              ./gpio_if.o (osi_InterruptRegister)
/opt/cc3200/eclipse//../CC3200-Linux-SDK/lib/libsimplelink.a(device.o)
                              ./main.o (sl_Start)
/opt/cc3200/eclipse//../CC3200-Linux-SDK/lib/libsimplelink.a(driver.o)
                              /opt/cc3200/eclipse//../CC3200-Linux-SDK/lib/libsimplelink.a(device.o) (_SlDrvDriverCBDeinit)
/opt/cc3200/eclipse//../CC3200-Linux-SDK/lib/libsimplelink.a(netapp.o)
                              ./main.o (sl_NetAppMDNSUnRegisterService)
/opt/cc3200/eclipse//../CC3200-Linux-SDK/lib/libsimplelink.a(netcfg.o)
                              ./main.o (sl_NetCfgSet)
/opt/cc3200/eclipse//../CC3200-Linux-SDK/lib/libsimplelink.a(socket.o)
                              /opt/cc3200/eclipse//../CC3200-Linux-SDK/lib/libxmpp.a(xmpp.o) (sl_Socket)
/opt/cc3200/eclipse//../CC3200-Linux-SDK/lib/libsimplelink.a(wlan.o)
                              ./main.o (sl_WlanConnect)
/opt/cc3200/eclipse//../CC3200-Linux-SDK/lib/libsimplelink.a(cc_pal.o)
                              /opt/cc3200/eclipse//../CC3200-Linux-SDK/lib/libsimplelink.a(device.o) (spi_Open)
/opt/cc3200/eclipse//../CC3200-Linux-SDK/lib/libdriver.a(gpio.o)
                              ./pinmux.o (GPIODirModeSet)
/opt/cc3200/eclipse//../CC3200-Linux-SDK/lib/libdriver.a(interrupt.o)
                              ./main.o (IntMasterEnable)
/opt/cc3200/eclipse//../CC3200-Linux-SDK/lib/libdriver.a(pin.o)
                              ./pinmux.o (PinTypeGPIO)
/opt/cc3200/eclipse//../CC3200-Linux-SDK/lib/libdriver.a(prcm.o)
                              ./pinmux.o (PRCMPeripheralClkEnable)
/opt/cc3200/eclipse//../CC3200-Linux-SDK/lib/libdriver.a(spi.o)
                              /opt/cc3200/eclipse//../CC3200-Linux-SDK/lib/libsimplelink.a(cc_pal.o) (SPIEnable)
/opt/cc3200/eclipse//../CC3200-Linux-SDK/lib/libdriver.a(uart.o)
                              ./uart_if.o (UARTConfigSetExpClk)
/opt/cc3200/eclipse//../CC3200-Linux-SDK/lib/libdriver.a(udma.o)
                              /opt/cc3200/eclipse//../CC3200-Linux-SDK/lib/libsimplelink.a(cc_pal.o) (uDMAChannelEnable)
/opt/cc3200/eclipse//../CC3200-Linux-SDK/lib/libdriver.a(utils.o)
                              ./main.o (UtilsDelay)
/opt/cc3200/eclipse//../CC3200-Linux-SDK/lib/libdriver.a(cpu.o)
                              /opt/cc3200/eclipse//../CC3200-Linux-SDK/lib/libdriver.a(interrupt.o) (CPUcpsid)
/opt/cc3200/eclipse//../CC3200-Linux-SDK/lib/libdriver.a(flash.o)
                              /opt/cc3200/eclipse//../CC3200-Linux-SDK/lib/libdriver.a(prcm.o) (FlashDisable)
/usr/bin/../lib/gcc/arm-none-eabi/4.9.3/armv7e-m/libgcc.a(_aeabi_uldivmod.o)
                              /opt/cc3200/eclipse//../CC3200-Linux-SDK/lib/libdriver.a(prcm.o) (__aeabi_uldivmod)
/usr/bin/../lib/gcc/arm-none-eabi/4.9.3/armv7e-m/libgcc.a(bpabi.o)
                              /usr/bin/../lib/gcc/arm-none-eabi/4.9.3/armv7e-m/libgcc.a(_aeabi_uldivmod.o) (__gnu_uldivmod_helper)
/usr/bin/../lib/gcc/arm-none-eabi/4.9.3/armv7e-m/libgcc.a(_dvmd_tls.o)
                              /usr/bin/../lib/gcc/arm-none-eabi/4.9.3/armv7e-m/libgcc.a(_aeabi_uldivmod.o) (__aeabi_ldiv0)
/usr/bin/../lib/gcc/arm-none-eabi/4.9.3/armv7e-m/libgcc.a(_divdi3.o)
                              /usr/bin/../lib/gcc/arm-none-eabi/4.9.3/armv7e-m/libgcc.a(bpabi.o) (__divdi3)
/usr/bin/../lib/gcc/arm-none-eabi/4.9.3/armv7e-m/libgcc.a(_udivdi3.o)
                              /usr/bin/../lib/gcc/arm-none-eabi/4.9.3/armv7e-m/libgcc.a(bpabi.o) (__udivdi3)
/usr/bin/../lib/gcc/arm-none-eabi/4.9.3/../../../../arm-none-eabi/lib/armv7e-m/libg.a(lib_a-exit.o)
                              /usr/bin/../lib/gcc/arm-none-eabi/4.9.3/../../../../arm-none-eabi/lib/armv7e-m/crt0.o (exit)
/usr/bin/../lib/gcc/arm-none-eabi/4.9.3/../../../../arm-none-eabi/lib/armv7e-m/libg.a(lib_a-impure.o)
                              /usr/bin/../lib/gcc/arm-none-eabi/4.9.3/../../../../arm-none-eabi/lib/armv7e-m/libg.a(lib_a-exit.o) (_global_impure_ptr)
/usr/bin/../lib/gcc/arm-none-eabi/4.9.3/../../../../arm-none-eabi/lib/armv7e-m/libg.a(lib_a-init.o)
                              /usr/bin/../lib/gcc/arm-none-eabi/4.9.3/../../../../arm-none-eabi/lib/armv7e-m/crt0.o (__libc_init_array)
/usr/bin/../lib/gcc/arm-none-eabi/4.9.3/../../../../arm-none-eabi/lib/armv7e-m/libg.a(lib_a-malloc.o)
                              ./uart_if.o (malloc)
/usr/bin/../lib/gcc/arm-none-eabi/4.9.3/../../../../arm-none-eabi/lib/armv7e-m/libg.a(lib_a-mallocr.o)
[...]
Memory Configuration

Name             Origin             Length             Attributes
SRAM             0x0000000020004000 0x000000000003c000 xrw
*default*        0x0000000000000000 0xffffffffffffffff

Linker script and memory map

LOAD /usr/bin/../lib/gcc/arm-none-eabi/4.9.3/armv7e-m/crti.o
LOAD /usr/bin/../lib/gcc/arm-none-eabi/4.9.3/armv7e-m/crtbegin.o
LOAD /usr/bin/../lib/gcc/arm-none-eabi/4.9.3/../../../../arm-none-eabi/lib/armv7e-m/crt0.o
LOAD ./FreeRTOS/Source/portable/MemMang/heap_4.o
LOAD ./FreeRTOS/Source/portable/GCC/ARM_CM4/port.o
LOAD ./FreeRTOS/Source/croutine.o
LOAD ./FreeRTOS/Source/event_groups.o
LOAD ./FreeRTOS/Source/list.o
LOAD ./FreeRTOS/Source/queue.o
LOAD ./FreeRTOS/Source/tasks.o
LOAD ./FreeRTOS/Source/timers.o
LOAD ./gpio_if.o
LOAD ./main.o
LOAD ./pinmux.o
LOAD ./startup_gcc.o
LOAD ./uart_if.o
LOAD /opt/cc3200/eclipse//../CC3200-Linux-SDK/lib/libxmpp.a
LOAD /opt/cc3200/eclipse//../CC3200-Linux-SDK/lib/libosi.a
LOAD /opt/cc3200/eclipse//../CC3200-Linux-SDK/lib/libsimplelink.a
LOAD /opt/cc3200/eclipse//../CC3200-Linux-SDK/lib/libdriver.a
START GROUP
LOAD /usr/bin/../lib/gcc/arm-none-eabi/4.9.3/armv7e-m/libgcc.a
LOAD /usr/bin/../lib/gcc/arm-none-eabi/4.9.3/../../../../arm-none-eabi/lib/armv7e-m/libg.a
LOAD /usr/bin/../lib/gcc/arm-none-eabi/4.9.3/../../../../arm-none-eabi/lib/armv7e-m/libc.a
END GROUP
LOAD /usr/bin/../lib/gcc/arm-none-eabi/4.9.3/armv7e-m/crtend.o
LOAD /usr/bin/../lib/gcc/arm-none-eabi/4.9.3/armv7e-m/crtn.o
                0x0000000000010000                HEAP_SIZE = 0x10000

.text           0x0000000020004000     0xc6e8
                0x0000000020004000                _text = .
 *(.intvecs)
 .intvecs       0x0000000020004000      0x400 ./startup_gcc.o
                0x0000000020004000                g_pfnVectors
 *(.text*)
 .text.pvPortMalloc
                0x0000000020004400      0x130 ./FreeRTOS/Source/portable/MemMang/heap_4.o
                0x0000000020004400                pvPortMalloc
 .text.vPortFree
                0x0000000020004530       0x70 ./FreeRTOS/Source/portable/MemMang/heap_4.o
                0x0000000020004530                vPortFree
 .text.prvHeapInit
                0x00000000200045a0       0xc4 ./FreeRTOS/Source/portable/MemMang/heap_4.o
 .text.prvInsertBlockIntoFreeList
                0x0000000020004664       0xb0 ./FreeRTOS/Source/portable/MemMang/heap_4.o
 .text.pxPortInitialiseStack
                0x0000000020004714       0x58 ./FreeRTOS/Source/portable/GCC/ARM_CM4/port.o
                0x0000000020004714                pxPortInitialiseStack
 .text.prvTaskExitError
                0x000000002000476c        0xc ./FreeRTOS/Source/portable/GCC/ARM_CM4/port.o
 .text.vPortSVCHandler
                0x0000000020004778       0x24 ./FreeRTOS/Source/portable/GCC/ARM_CM4/port.o
                0x0000000020004778                vPortSVCHandler
 .text.prvPortStartFirstTask
                0x000000002000479c       0x20 ./FreeRTOS/Source/portable/GCC/ARM_CM4/port.o
 .text.xPortStartScheduler
                0x00000000200047bc       0x3c ./FreeRTOS/Source/portable/GCC/ARM_CM4/port.o
                0x00000000200047bc                xPortStartScheduler
 .text.vPortYield
                0x00000000200047f8       0x20 ./FreeRTOS/Source/portable/GCC/ARM_CM4/port.o
                0x00000000200047f8                vPortYield
 .text.vPortEnterCritical
                0x0000000020004818       0x20 ./FreeRTOS/Source/portable/GCC/ARM_CM4/port.o
                0x0000000020004818                vPortEnterCritical
 .text.vPortExitCritical
                0x0000000020004838       0x24 ./FreeRTOS/Source/portable/GCC/ARM_CM4/port.o
                0x0000000020004838                vPortExitCritical
 .text.ulPortSetInterruptMask
                0x000000002000485c       0x14 ./FreeRTOS/Source/portable/GCC/ARM_CM4/port.o
                0x000000002000485c                ulPortSetInterruptMask
 .text.vPortClearInterruptMask
                0x0000000020004870        0x8 ./FreeRTOS/Source/portable/GCC/ARM_CM4/port.o
                0x0000000020004870                vPortClearInterruptMask
 .text.xPortPendSVHandler
                0x0000000020004878       0x44 ./FreeRTOS/Source/portable/GCC/ARM_CM4/port.o
                0x0000000020004878                xPortPendSVHandler
 .text.xPortSysTickHandler
                0x00000000200048bc       0x28 ./FreeRTOS/Source/portable/GCC/ARM_CM4/port.o
                0x00000000200048bc                xPortSysTickHandler
 .text.vPortSetupTimerInterrupt
                0x00000000200048e4       0x24 ./FreeRTOS/Source/portable/GCC/ARM_CM4/port.o
                0x00000000200048e4                vPortSetupTimerInterrupt
 .text.vListInitialise
                0x0000000020004908       0x40 ./FreeRTOS/Source/list.o
                0x0000000020004908                vListInitialise
 .text.vListInitialiseItem
                0x0000000020004948       0x18 ./FreeRTOS/Source/list.o
                0x0000000020004948                vListInitialiseItem
 .text.vListInsertEnd
                0x0000000020004960       0x48 ./FreeRTOS/Source/list.o
                0x0000000020004960                vListInsertEnd
 .text.vListInsert
                0x00000000200049a8       0x70 ./FreeRTOS/Source/list.o
                0x00000000200049a8                vListInsert
 .text.uxListRemove
                0x0000000020004a18       0x54 ./FreeRTOS/Source/list.o
                0x0000000020004a18                uxListRemove
 .text.xQueueGenericReset
                0x0000000020004a6c       0xa4 ./FreeRTOS/Source/queue.o
                0x0000000020004a6c                xQueueGenericReset
 .text.xQueueGenericCreate
                0x0000000020004b10       0x88 ./FreeRTOS/Source/queue.o
                0x0000000020004b10                xQueueGenericCreate
 .text.xQueueCreateMutex
                0x0000000020004b98       0x8c ./FreeRTOS/Source/queue.o
                0x0000000020004b98                xQueueCreateMutex
 .text.xQueueGenericSend
                0x0000000020004c24      0x140 ./FreeRTOS/Source/queue.o
                0x0000000020004c24                xQueueGenericSend
 .text.xQueueGenericSendFromISR
                0x0000000020004d64       0xac ./FreeRTOS/Source/queue.o
                0x0000000020004d64                xQueueGenericSendFromISR
 .text.xQueueGiveFromISR
                0x0000000020004e10       0xa4 ./FreeRTOS/Source/queue.o
                0x0000000020004e10                xQueueGiveFromISR
 .text.xQueueGenericReceive
                0x0000000020004eb4      0x170 ./FreeRTOS/Source/queue.o
                0x0000000020004eb4                xQueueGenericReceive
 .text.vQueueDelete
                0x0000000020005024       0x20 ./FreeRTOS/Source/queue.o
                0x0000000020005024                vQueueDelete
 .text.prvCopyDataToQueue
                0x0000000020005044       0xdc ./FreeRTOS/Source/queue.o
 .text.prvCopyDataFromQueue
                0x0000000020005120       0x4c ./FreeRTOS/Source/queue.o
 .text.prvUnlockQueue
                0x000000002000516c       0xb4 ./FreeRTOS/Source/queue.o
 .text.prvIsQueueEmpty
                0x0000000020005220       0x2c ./FreeRTOS/Source/queue.o
 .text.prvIsQueueFull
                0x000000002000524c       0x30 ./FreeRTOS/Source/queue.o
 .text.vQueueAddToRegistry
                0x000000002000527c       0x50 ./FreeRTOS/Source/queue.o
                0x000000002000527c                vQueueAddToRegistry
 .text.vQueueUnregisterQueue
                0x00000000200052cc       0x44 ./FreeRTOS/Source/queue.o
                0x00000000200052cc                vQueueUnregisterQueue
 .text.vQueueWaitForMessageRestricted
                0x0000000020005310       0x58 ./FreeRTOS/Source/queue.o
                0x0000000020005310                vQueueWaitForMessageRestricted
 .text.prvNotifyQueueSetContainer
                0x0000000020005368       0x6c ./FreeRTOS/Source/queue.o
 .text.xTaskGenericCreate
                0x00000000200053d4      0x140 ./FreeRTOS/Source/tasks.o
                0x00000000200053d4                xTaskGenericCreate
 .text.vTaskStartScheduler
                0x0000000020005514       0x64 ./FreeRTOS/Source/tasks.o
                0x0000000020005514                vTaskStartScheduler
 .text.vTaskSuspendAll
                0x0000000020005578       0x1c ./FreeRTOS/Source/tasks.o
                0x0000000020005578                vTaskSuspendAll
 .text.xTaskResumeAll
                0x0000000020005594      0x100 ./FreeRTOS/Source/tasks.o
                0x0000000020005594                xTaskResumeAll
 .text.xTaskGetTickCount
                0x0000000020005694       0x20 ./FreeRTOS/Source/tasks.o
                0x0000000020005694                xTaskGetTickCount
 .text.xTaskIncrementTick
                0x00000000200056b4      0x144 ./FreeRTOS/Source/tasks.o
                0x00000000200056b4                xTaskIncrementTick
 .text.vTaskSwitchContext
                0x00000000200057f8       0xd4 ./FreeRTOS/Source/tasks.o
                0x00000000200057f8                vTaskSwitchContext
 .text.vTaskPlaceOnEventList
                0x00000000200058cc       0x80 ./FreeRTOS/Source/tasks.o
                0x00000000200058cc                vTaskPlaceOnEventList
 .text.vTaskPlaceOnEventListRestricted
                0x000000002000594c       0x64 ./FreeRTOS/Source/tasks.o
                0x000000002000594c                vTaskPlaceOnEventListRestricted
 .text.xTaskRemoveFromEventList
                0x00000000200059b0       0xac ./FreeRTOS/Source/tasks.o
                0x00000000200059b0                xTaskRemoveFromEventList
 .text.vTaskSetTimeOutState
                0x0000000020005a5c       0x2c ./FreeRTOS/Source/tasks.o
                0x0000000020005a5c                vTaskSetTimeOutState
 .text.xTaskCheckForTimeOut
                0x0000000020005a88       0x88 ./FreeRTOS/Source/tasks.o
                0x0000000020005a88                xTaskCheckForTimeOut
 .text.vTaskMissedYield
                0x0000000020005b10       0x18 ./FreeRTOS/Source/tasks.o
                0x0000000020005b10                vTaskMissedYield
 .text.prvIdleTask
                0x0000000020005b28       0x14 ./FreeRTOS/Source/tasks.o
 .text.prvInitialiseTCBVariables
                0x0000000020005b3c       0xa4 ./FreeRTOS/Source/tasks.o
 .text.prvInitialiseTaskLists
                0x0000000020005be0       0x7c ./FreeRTOS/Source/tasks.o
 .text.prvCheckTasksWaitingTermination
                0x0000000020005c5c       0x74 ./FreeRTOS/Source/tasks.o
 .text.prvAddCurrentTaskToDelayedList
                0x0000000020005cd0       0x6c ./FreeRTOS/Source/tasks.o
 .text.prvAllocateTCBAndStack
                0x0000000020005d3c       0x70 ./FreeRTOS/Source/tasks.o
 .text.prvDeleteTCB
                0x0000000020005dac       0x20 ./FreeRTOS/Source/tasks.o
 .text.prvResetNextTaskUnblockTime
                0x0000000020005dcc       0x48 ./FreeRTOS/Source/tasks.o
 .text.xTaskGetSchedulerState
                0x0000000020005e14       0x3c ./FreeRTOS/Source/tasks.o
                0x0000000020005e14                xTaskGetSchedulerState
 .text.vTaskPriorityInherit
                0x0000000020005e50       0xf0 ./FreeRTOS/Source/tasks.o
                0x0000000020005e50                vTaskPriorityInherit
 .text.xTaskPriorityDisinherit
                0x0000000020005f40       0xcc ./FreeRTOS/Source/tasks.o
                0x0000000020005f40                xTaskPriorityDisinherit
 .text.pvTaskIncrementMutexHeldCount
                0x000000002000600c       0x28 ./FreeRTOS/Source/tasks.o
                0x000000002000600c                pvTaskIncrementMutexHeldCount
 .text.xTimerCreateTimerTask
                0x0000000020006034       0x50 ./FreeRTOS/Source/timers.o
                0x0000000020006034                xTimerCreateTimerTask
 .text.xTimerGenericCommand
                0x0000000020006084       0x8c ./FreeRTOS/Source/timers.o
                0x0000000020006084                xTimerGenericCommand
 .text.prvProcessExpiredTimer
                0x0000000020006110       0x64 ./FreeRTOS/Source/timers.o
 .text.prvTimerTask
                0x0000000020006174       0x24 ./FreeRTOS/Source/timers.o
 .text.prvProcessTimerOrBlockTask
                0x0000000020006198       0x6c ./FreeRTOS/Source/timers.o
 .text.prvGetNextExpireTime
                0x0000000020006204       0x48 ./FreeRTOS/Source/timers.o
 .text.prvSampleTimeNow
                0x000000002000624c       0x40 ./FreeRTOS/Source/timers.o
 .text.prvInsertTimerInActiveList
                0x000000002000628c       0x84 ./FreeRTOS/Source/timers.o
 .text.prvProcessReceivedCommands
                0x0000000020006310      0x114 ./FreeRTOS/Source/timers.o
 .text.prvSwitchTimerLists
                0x0000000020006424       0xa4 ./FreeRTOS/Source/timers.o
 .text.prvCheckForValidListAndQueue
                0x00000000200064c8       0x6c ./FreeRTOS/Source/timers.o
 .text.GPIO_IF_LedConfigure
                0x0000000020006534       0x64 ./gpio_if.o
                0x0000000020006534                GPIO_IF_LedConfigure
 .text.GPIO_IF_LedOn
                0x0000000020006598       0xec ./gpio_if.o
                0x0000000020006598                GPIO_IF_LedOn
 .text.GPIO_IF_LedOff
                0x0000000020006684       0xec ./gpio_if.o
                0x0000000020006684                GPIO_IF_LedOff
 .text.GPIO_IF_GetPortNPin
                0x0000000020006770       0x48 ./gpio_if.o
                0x0000000020006770                GPIO_IF_GetPortNPin
 .text.GPIO_IF_Set
                0x00000000200067b8       0x3c ./gpio_if.o
                0x00000000200067b8                GPIO_IF_Set
 .text.vApplicationIdleHook
                0x00000000200067f4        0xc ./main.o
                0x00000000200067f4                vApplicationIdleHook
 .text.vApplicationMallocFailedHook
                0x0000000020006800        0x8 ./main.o
                0x0000000020006800                vApplicationMallocFailedHook
 .text.vApplicationStackOverflowHook
                0x0000000020006808        0xc ./main.o
                0x0000000020006808                vApplicationStackOverflowHook
 .text.SimpleLinkWlanEventHandler
                0x0000000020006814      0x164 ./main.o
                0x0000000020006814                SimpleLinkWlanEventHandler
 .text.SimpleLinkNetAppEventHandler
                0x0000000020006978       0xac ./main.o
                0x0000000020006978                SimpleLinkNetAppEventHandler
 .text.SimpleLinkHttpServerCallback
                0x0000000020006a24       0x14 ./main.o
                0x0000000020006a24                SimpleLinkHttpServerCallback
 .text.SimpleLinkSockEventHandler
                0x0000000020006a38       0x6c ./main.o
                0x0000000020006a38                SimpleLinkSockEventHandler
 .text.InitializeAppVariables
                0x0000000020006aa4       0x38 ./main.o
 .text.ConfigureSimpleLinkToDefaultState
                0x0000000020006adc      0x380 ./main.o
 .text.WlanConnect
                0x0000000020006e5c       0xa0 ./main.o
                0x0000000020006e5c                WlanConnect
 .text.XmppClient
                0x0000000020006efc      0x28c ./main.o
 .text.BoardInit
                0x0000000020007188       0x20 ./main.o
 .text.main     0x00000000200071a8       0x8c ./main.o
                0x00000000200071a8                main
 .text.PinMuxConfig
                0x0000000020007234       0x50 ./pinmux.o
                0x0000000020007234                PinMuxConfig
 .text.ResetISR
                0x0000000020007284       0x58 ./startup_gcc.o
                0x0000000020007284                ResetISR
 .text.NmiSR    0x00000000200072dc        0x8 ./startup_gcc.o
 .text.FaultISR
                0x00000000200072e4        0x8 ./startup_gcc.o
 .text.BusFaultHandler
                0x00000000200072ec        0x8 ./startup_gcc.o
 .text.IntDefaultHandler
                0x00000000200072f4        0x8 ./startup_gcc.o
 .text._sbrk    0x00000000200072fc       0x54 ./startup_gcc.o
                0x00000000200072fc                _sbrk
 .text.InitTerm
                0x0000000020007350       0x2c ./uart_if.o
                0x0000000020007350                InitTerm
 .text.Message  0x000000002000737c       0x34 ./uart_if.o
                0x000000002000737c                Message
 .text.Report   0x00000000200073b0       0x9c ./uart_if.o
                0x00000000200073b0                Report
 .text.sl_NetAppXmppSet
                0x000000002000744c       0xb8 /opt/cc3200/eclipse//../CC3200-Linux-SDK/lib/libxmpp.a(xmpp.o)
                0x000000002000744c                sl_NetAppXmppSet
 .text._SlValidateServerInfo
                0x0000000020007504       0x40 /opt/cc3200/eclipse//../CC3200-Linux-SDK/lib/libxmpp.a(xmpp.o)
                0x0000000020007504                _SlValidateServerInfo
 .text._SlValidateQueryResult
                0x0000000020007544       0x1c /opt/cc3200/eclipse//../CC3200-Linux-SDK/lib/libxmpp.a(xmpp.o)
                0x0000000020007544                _SlValidateQueryResult
 .text._SlValidateBindFeature
                0x0000000020007560       0x1c /opt/cc3200/eclipse//../CC3200-Linux-SDK/lib/libxmpp.a(xmpp.o)
                0x0000000020007560                _SlValidateBindFeature
 .text._SlBindingConfigure
                0x000000002000757c       0x54 /opt/cc3200/eclipse//../CC3200-Linux-SDK/lib/libxmpp.a(xmpp.o)
                0x000000002000757c                _SlBindingConfigure
 .text._SlValidateRoster
                0x00000000200075d0       0x60 /opt/cc3200/eclipse//../CC3200-Linux-SDK/lib/libxmpp.a(xmpp.o)
                0x00000000200075d0                _SlValidateRoster
 .text._SlXMPPSessionConfig
                0x0000000020007630       0x1c /opt/cc3200/eclipse//../CC3200-Linux-SDK/lib/libxmpp.a(xmpp.o)
                0x0000000020007630                _SlXMPPSessionConfig
 .text.sl_NetAppXmppSend
                0x000000002000764c       0xcc /opt/cc3200/eclipse//../CC3200-Linux-SDK/lib/libxmpp.a(xmpp.o)
                0x000000002000764c                sl_NetAppXmppSend
 .text.sl_NetAppXmppRecv
                0x0000000020007718      0x140 /opt/cc3200/eclipse//../CC3200-Linux-SDK/lib/libxmpp.a(xmpp.o)
                0x0000000020007718                sl_NetAppXmppRecv
 .text.FlushSendRecvBuffer
                0x0000000020007858       0x28 /opt/cc3200/eclipse//../CC3200-Linux-SDK/lib/libxmpp.a(xmpp.o)
                0x0000000020007858                FlushSendRecvBuffer
 .text.GenerateBase64Key
                0x0000000020007880       0x88 /opt/cc3200/eclipse//../CC3200-Linux-SDK/lib/libxmpp.a(xmpp.o)
                0x0000000020007880                GenerateBase64Key
 .text._SlXmppConnectionSM
                0x0000000020007908      0x354 /opt/cc3200/eclipse//../CC3200-Linux-SDK/lib/libxmpp.a(xmpp.o)
                0x0000000020007908                _SlXmppConnectionSM
 .text.sl_NetAppXmppConnect
                0x0000000020007c5c       0xa4 /opt/cc3200/eclipse//../CC3200-Linux-SDK/lib/libxmpp.a(xmpp.o)
                0x0000000020007c5c                sl_NetAppXmppConnect
 .text.ConvertToBase64
                0x0000000020007d00       0xcc /opt/cc3200/eclipse//../CC3200-Linux-SDK/lib/libxmpp.a(base64.o)
                0x0000000020007d00                ConvertToBase64
 .text.vSimpleLinkSpawnTask
                0x0000000020007dcc       0x24 /opt/cc3200/eclipse//../CC3200-Linux-SDK/lib/libosi.a(osi_freertos.o)
 .text.osi_SyncObjCreate
                0x0000000020007df0       0x22 /opt/cc3200/eclipse//../CC3200-Linux-SDK/lib/libosi.a(osi_freertos.o)
                0x0000000020007df0                osi_SyncObjCreate
 .text.osi_SyncObjDelete
                0x0000000020007e12       0x14 /opt/cc3200/eclipse//../CC3200-Linux-SDK/lib/libosi.a(osi_freertos.o)
                0x0000000020007e12                osi_SyncObjDelete
 .text.osi_SyncObjSignal
                0x0000000020007e26       0x1a /opt/cc3200/eclipse//../CC3200-Linux-SDK/lib/libosi.a(osi_freertos.o)
                0x0000000020007e26                osi_SyncObjSignal
 .text.osi_SyncObjSignalFromISR
                0x0000000020007e40       0x30 /opt/cc3200/eclipse//../CC3200-Linux-SDK/lib/libosi.a(osi_freertos.o)
                0x0000000020007e40                osi_SyncObjSignalFromISR
 .text.osi_SyncObjWait
                0x0000000020007e70       0x20 /opt/cc3200/eclipse//../CC3200-Linux-SDK/lib/libosi.a(osi_freertos.o)
                0x0000000020007e70                osi_SyncObjWait
 .text.osi_LockObjCreate
                0x0000000020007e90       0x18 /opt/cc3200/eclipse//../CC3200-Linux-SDK/lib/libosi.a(osi_freertos.o)
                0x0000000020007e90                osi_LockObjCreate
 .text.osi_TaskCreate
                0x0000000020007ea8       0x24 /opt/cc3200/eclipse//../CC3200-Linux-SDK/lib/libosi.a(osi_freertos.o)
                0x0000000020007ea8                osi_TaskCreate
 .text.osi_LockObjDelete
                0x0000000020007ecc        0xc /opt/cc3200/eclipse//../CC3200-Linux-SDK/lib/libosi.a(osi_freertos.o)
                0x0000000020007ecc                osi_LockObjDelete
 .text.osi_LockObjLock
                0x0000000020007ed8       0x20 /opt/cc3200/eclipse//../CC3200-Linux-SDK/lib/libosi.a(osi_freertos.o)
                0x0000000020007ed8                osi_LockObjLock
 .text.osi_LockObjUnlock
                0x0000000020007ef8       0x20 /opt/cc3200/eclipse//../CC3200-Linux-SDK/lib/libosi.a(osi_freertos.o)
                0x0000000020007ef8                osi_LockObjUnlock
 .text.osi_Spawn
                0x0000000020007f18       0x3c /opt/cc3200/eclipse//../CC3200-Linux-SDK/lib/libosi.a(osi_freertos.o)
                0x0000000020007f18                osi_Spawn
 .text.VStartSimpleLinkSpawnTask
                0x0000000020007f54       0x50 /opt/cc3200/eclipse//../CC3200-Linux-SDK/lib/libosi.a(osi_freertos.o)
                0x0000000020007f54                VStartSimpleLinkSpawnTask
 .text.osi_start
                0x0000000020007fa4        0x4 /opt/cc3200/eclipse//../CC3200-Linux-SDK/lib/libosi.a(osi_freertos.o)
                0x0000000020007fa4                osi_start
 .text.sl_Start
                0x0000000020007fa8       0xa4 /opt/cc3200/eclipse//../CC3200-Linux-SDK/lib/libsimplelink.a(device.o)
                0x0000000020007fa8                sl_Start
 .text._sl_HandleAsync_InitComplete
                0x000000002000804c       0x60 /opt/cc3200/eclipse//../CC3200-Linux-SDK/lib/libsimplelink.a(device.o)
                0x000000002000804c                _sl_HandleAsync_InitComplete
 .text._sl_HandleAsync_Stop
                0x00000000200080ac       0x38 /opt/cc3200/eclipse//../CC3200-Linux-SDK/lib/libsimplelink.a(device.o)
                0x00000000200080ac                _sl_HandleAsync_Stop
 .text.sl_Stop  0x00000000200080e4       0x98 /opt/cc3200/eclipse//../CC3200-Linux-SDK/lib/libsimplelink.a(device.o)
                0x00000000200080e4                sl_Stop
 .text.sl_DevGet
                0x000000002000817c       0x70 /opt/cc3200/eclipse//../CC3200-Linux-SDK/lib/libsimplelink.a(device.o)
                0x000000002000817c                sl_DevGet
 .text._SlDrvDeviceEventHandler
                0x00000000200081ec       0x14 /opt/cc3200/eclipse//../CC3200-Linux-SDK/lib/libsimplelink.a(device.o)
                0x00000000200081ec                _SlDrvDeviceEventHandler
 .text._SlDrvDriverCBDeinit
                0x0000000020008200       0x88 /opt/cc3200/eclipse//../CC3200-Linux-SDK/lib/libsimplelink.a(driver.o)
                0x0000000020008200                _SlDrvDriverCBDeinit
 .text._SlDrvRxIrqHandler
                0x0000000020008288       0x44 /opt/cc3200/eclipse//../CC3200-Linux-SDK/lib/libsimplelink.a(driver.o)
                0x0000000020008288                _SlDrvRxIrqHandler
 .text._SlDrvMsgWrite
                0x00000000200082cc      0x110 /opt/cc3200/eclipse//../CC3200-Linux-SDK/lib/libsimplelink.a(driver.o)
                0x00000000200082cc                _SlDrvMsgWrite
 .text._SlAsyncEventGenericHandler
                0x00000000200083dc       0x44 /opt/cc3200/eclipse//../CC3200-Linux-SDK/lib/libsimplelink.a(driver.o)
                0x00000000200083dc                _SlAsyncEventGenericHandler
 .text._SlDrvClassifyRxMsg
                0x0000000020008420       0x7c /opt/cc3200/eclipse//../CC3200-Linux-SDK/lib/libsimplelink.a(driver.o)
                0x0000000020008420                _SlDrvClassifyRxMsg
 .text._SlDrvRxHdrRead
                0x000000002000849c      0x150 /opt/cc3200/eclipse//../CC3200-Linux-SDK/lib/libsimplelink.a(driver.o)
                0x000000002000849c                _SlDrvRxHdrRead
 .text._SlDrvCmdSend
                0x00000000200085ec       0x74 /opt/cc3200/eclipse//../CC3200-Linux-SDK/lib/libsimplelink.a(driver.o)
                0x00000000200085ec                _SlDrvCmdSend
 .text._SlRemoveFromList
                0x0000000020008660       0x44 /opt/cc3200/eclipse//../CC3200-Linux-SDK/lib/libsimplelink.a(driver.o)
                0x0000000020008660                _SlRemoveFromList
 .text._SlFindAndSetActiveObj
                0x00000000200086a4       0x8c /opt/cc3200/eclipse//../CC3200-Linux-SDK/lib/libsimplelink.a(driver.o)
                0x00000000200086a4                _SlFindAndSetActiveObj
 .text._SlDrvSyncObjWaitForever
                0x0000000020008730       0x12 /opt/cc3200/eclipse//../CC3200-Linux-SDK/lib/libsimplelink.a(driver.o)
                0x0000000020008730                _SlDrvSyncObjWaitForever
 .text._SlDrvSyncObjSignal
                0x0000000020008742        0xe /opt/cc3200/eclipse//../CC3200-Linux-SDK/lib/libsimplelink.a(driver.o)
                0x0000000020008742                _SlDrvSyncObjSignal
 .text._SlDrvObjLockWaitForever
                0x0000000020008750       0x12 /opt/cc3200/eclipse//../CC3200-Linux-SDK/lib/libsimplelink.a(driver.o)
                0x0000000020008750                _SlDrvObjLockWaitForever
 *fill*         0x0000000020008762        0x2 
 .text._SlDrvProtectionObjLockWaitForever
                0x0000000020008764       0x1c /opt/cc3200/eclipse//../CC3200-Linux-SDK/lib/libsimplelink.a(driver.o)
                0x0000000020008764                _SlDrvProtectionObjLockWaitForever
 .text._SlDrvObjUnLock
                0x0000000020008780        0xe /opt/cc3200/eclipse//../CC3200-Linux-SDK/lib/libsimplelink.a(driver.o)
                0x0000000020008780                _SlDrvObjUnLock
 *fill*         0x000000002000878e        0x2 
 .text._SlDrvDataWriteOp
                0x0000000020008790       0xbc /opt/cc3200/eclipse//../CC3200-Linux-SDK/lib/libsimplelink.a(driver.o)
                0x0000000020008790                _SlDrvDataWriteOp
 .text._SlDrvProtectionObjUnLock
                0x000000002000884c       0x18 /opt/cc3200/eclipse//../CC3200-Linux-SDK/lib/libsimplelink.a(driver.o)
                0x000000002000884c                _SlDrvProtectionObjUnLock
 .text._SlDrvWaitForPoolObj
                0x0000000020008864       0xc4 /opt/cc3200/eclipse//../CC3200-Linux-SDK/lib/libsimplelink.a(driver.o)
                0x0000000020008864                _SlDrvWaitForPoolObj
 .text._SlDrvProtectAsyncRespSetting
                0x0000000020008928       0x30 /opt/cc3200/eclipse//../CC3200-Linux-SDK/lib/libsimplelink.a(driver.o)
                0x0000000020008928                _SlDrvProtectAsyncRespSetting
 .text._SlDrvReleasePoolObj
                0x0000000020008958       0xc8 /opt/cc3200/eclipse//../CC3200-Linux-SDK/lib/libsimplelink.a(driver.o)
                0x0000000020008958                _SlDrvReleasePoolObj
 .text._SlDrvDataReadOp
                0x0000000020008a20       0xd4 /opt/cc3200/eclipse//../CC3200-Linux-SDK/lib/libsimplelink.a(driver.o)
                0x0000000020008a20                _SlDrvDataReadOp
 .text._SlDrvMemZero
                0x0000000020008af4        0x8 /opt/cc3200/eclipse//../CC3200-Linux-SDK/lib/libsimplelink.a(driver.o)
                0x0000000020008af4                _SlDrvMemZero
 .text._SlDrvDriverCBInit
                0x0000000020008afc       0xc8 /opt/cc3200/eclipse//../CC3200-Linux-SDK/lib/libsimplelink.a(driver.o)
                0x0000000020008afc                _SlDrvDriverCBInit
 .text._SlDrvMsgRead
                0x0000000020008bc4      0x378 /opt/cc3200/eclipse//../CC3200-Linux-SDK/lib/libsimplelink.a(driver.o)
                0x0000000020008bc4                _SlDrvMsgRead
 .text._SlDrvMsgReadCmdCtx
                0x0000000020008f3c       0x8c /opt/cc3200/eclipse//../CC3200-Linux-SDK/lib/libsimplelink.a(driver.o)
                0x0000000020008f3c                _SlDrvMsgReadCmdCtx
 .text._SlDrvCmdOp
                0x0000000020008fc8       0x68 /opt/cc3200/eclipse//../CC3200-Linux-SDK/lib/libsimplelink.a(driver.o)
                0x0000000020008fc8                _SlDrvCmdOp
 .text._SlDrvBasicCmd
                0x0000000020009030       0x2c /opt/cc3200/eclipse//../CC3200-Linux-SDK/lib/libsimplelink.a(driver.o)
                0x0000000020009030                _SlDrvBasicCmd
 .text._SlDrvMsgReadSpawnCtx
                0x000000002000905c       0x6c /opt/cc3200/eclipse//../CC3200-Linux-SDK/lib/libsimplelink.a(driver.o)
                0x000000002000905c                _SlDrvMsgReadSpawnCtx
 .text._SlDrvResetCmdExt
                0x00000000200090c8        0x6 /opt/cc3200/eclipse//../CC3200-Linux-SDK/lib/libsimplelink.a(driver.o)
                0x00000000200090c8                _SlDrvResetCmdExt
 *fill*         0x00000000200090ce        0x2 
 .text.sl_NetAppMDNSRegisterUnregisterService
                0x00000000200090d0       0x7c /opt/cc3200/eclipse//../CC3200-Linux-SDK/lib/libsimplelink.a(netapp.o)
                0x00000000200090d0                sl_NetAppMDNSRegisterUnregisterService
 .text.sl_NetAppMDNSUnRegisterService
                0x000000002000914c       0x16 /opt/cc3200/eclipse//../CC3200-Linux-SDK/lib/libsimplelink.a(netapp.o)
                0x000000002000914c                sl_NetAppMDNSUnRegisterService
 *fill*         0x0000000020009162        0x2 
 .text._sl_HandleAsync_DnsGetHostByService
                0x0000000020009164       0x5c /opt/cc3200/eclipse//../CC3200-Linux-SDK/lib/libsimplelink.a(netapp.o)
                0x0000000020009164                _sl_HandleAsync_DnsGetHostByService
 .text._sl_HandleAsync_DnsGetHostByName
                0x00000000200091c0       0x60 /opt/cc3200/eclipse//../CC3200-Linux-SDK/lib/libsimplelink.a(netapp.o)
                0x00000000200091c0                _sl_HandleAsync_DnsGetHostByName
 .text.CopyPingResultsToReport
                0x0000000020009220       0x1a /opt/cc3200/eclipse//../CC3200-Linux-SDK/lib/libsimplelink.a(netapp.o)
                0x0000000020009220                CopyPingResultsToReport
 *fill*         0x000000002000923a        0x2 
 .text._sl_HandleAsync_PingResponse
                0x000000002000923c       0x6c /opt/cc3200/eclipse//../CC3200-Linux-SDK/lib/libsimplelink.a(netapp.o)
                0x000000002000923c                _sl_HandleAsync_PingResponse
 .text._sl_NetAppSendTokenValue
                0x00000000200092a8       0x50 /opt/cc3200/eclipse//../CC3200-Linux-SDK/lib/libsimplelink.a(netapp.o)
                0x00000000200092a8                _sl_NetAppSendTokenValue
 .text._SlDrvNetAppEventHandler
                0x00000000200092f8       0xd6 /opt/cc3200/eclipse//../CC3200-Linux-SDK/lib/libsimplelink.a(netapp.o)
                0x00000000200092f8                _SlDrvNetAppEventHandler
 *fill*         0x00000000200093ce        0x2 
 .text.sl_NetCfgSet
                0x00000000200093d0       0x48 /opt/cc3200/eclipse//../CC3200-Linux-SDK/lib/libsimplelink.a(netcfg.o)
                0x00000000200093d0                sl_NetCfgSet
 .text._sl_BuildAddress
                0x0000000020009418       0x28 /opt/cc3200/eclipse//../CC3200-Linux-SDK/lib/libsimplelink.a(socket.o)
                0x0000000020009418                _sl_BuildAddress
 .text._sl_TruncatePayloadByProtocol
                0x0000000020009440       0x1c /opt/cc3200/eclipse//../CC3200-Linux-SDK/lib/libsimplelink.a(socket.o)
                0x0000000020009440                _sl_TruncatePayloadByProtocol
 .text.sl_Socket
                0x000000002000945c       0x34 /opt/cc3200/eclipse//../CC3200-Linux-SDK/lib/libsimplelink.a(socket.o)
                0x000000002000945c                sl_Socket
 .text.sl_Connect
                0x0000000020009490       0xac /opt/cc3200/eclipse//../CC3200-Linux-SDK/lib/libsimplelink.a(socket.o)
                0x0000000020009490                sl_Connect
 .text._sl_HandleAsync_Connect
                0x000000002000953c       0x50 /opt/cc3200/eclipse//../CC3200-Linux-SDK/lib/libsimplelink.a(socket.o)
                0x000000002000953c                _sl_HandleAsync_Connect
 .text.sl_Send  0x000000002000958c       0xa8 /opt/cc3200/eclipse//../CC3200-Linux-SDK/lib/libsimplelink.a(socket.o)
                0x000000002000958c                sl_Send
 .text.sl_Htonl
                0x0000000020009634       0x22 /opt/cc3200/eclipse//../CC3200-Linux-SDK/lib/libsimplelink.a(socket.o)
                0x0000000020009634                sl_Htonl
 .text.sl_Htons
                0x0000000020009656       0x14 /opt/cc3200/eclipse//../CC3200-Linux-SDK/lib/libsimplelink.a(socket.o)
                0x0000000020009656                sl_Htons
 *fill*         0x000000002000966a        0x2 
 .text._sl_HandleAsync_Accept
                0x000000002000966c       0x50 /opt/cc3200/eclipse//../CC3200-Linux-SDK/lib/libsimplelink.a(socket.o)
                0x000000002000966c                _sl_HandleAsync_Accept
 .text._sl_HandleAsync_Select
                0x00000000200096bc       0x40 /opt/cc3200/eclipse//../CC3200-Linux-SDK/lib/libsimplelink.a(socket.o)
                0x00000000200096bc                _sl_HandleAsync_Select
 .text.sl_Recv  0x00000000200096fc       0x44 /opt/cc3200/eclipse//../CC3200-Linux-SDK/lib/libsimplelink.a(socket.o)
                0x00000000200096fc                sl_Recv
 .text.sl_SetSockOpt
                0x0000000020009740       0x4c /opt/cc3200/eclipse//../CC3200-Linux-SDK/lib/libsimplelink.a(socket.o)
                0x0000000020009740                sl_SetSockOpt
 .text.sl_WlanConnect
                0x000000002000978c      0x172 /opt/cc3200/eclipse//../CC3200-Linux-SDK/lib/libsimplelink.a(wlan.o)
                0x000000002000978c                sl_WlanConnect
 .text.sl_WlanDisconnect
                0x00000000200098fe        0x8 /opt/cc3200/eclipse//../CC3200-Linux-SDK/lib/libsimplelink.a(wlan.o)
                0x00000000200098fe                sl_WlanDisconnect
 *fill*         0x0000000020009906        0x2 
 .text.sl_WlanPolicySet
                0x0000000020009908       0x40 /opt/cc3200/eclipse//../CC3200-Linux-SDK/lib/libsimplelink.a(wlan.o)
                0x0000000020009908                sl_WlanPolicySet
 .text.sl_WlanProfileDel
                0x0000000020009948       0x24 /opt/cc3200/eclipse//../CC3200-Linux-SDK/lib/libsimplelink.a(wlan.o)
                0x0000000020009948                sl_WlanProfileDel
 .text.sl_WlanRxFilterSet
                0x000000002000996c       0x38 /opt/cc3200/eclipse//../CC3200-Linux-SDK/lib/libsimplelink.a(wlan.o)
                0x000000002000996c                sl_WlanRxFilterSet
 .text.sl_WlanSetMode
                0x00000000200099a4       0x24 /opt/cc3200/eclipse//../CC3200-Linux-SDK/lib/libsimplelink.a(wlan.o)
                0x00000000200099a4                sl_WlanSetMode
 .text.sl_WlanSet
                0x00000000200099c8       0x44 /opt/cc3200/eclipse//../CC3200-Linux-SDK/lib/libsimplelink.a(wlan.o)
                0x00000000200099c8                sl_WlanSet
 .text.DmaSpiSwIntHandler
                0x0000000020009a0c       0x24 /opt/cc3200/eclipse//../CC3200-Linux-SDK/lib/libsimplelink.a(cc_pal.o)
                0x0000000020009a0c                DmaSpiSwIntHandler
 .text.SetupDMAReceive
                0x0000000020009a30       0x74 /opt/cc3200/eclipse//../CC3200-Linux-SDK/lib/libsimplelink.a(cc_pal.o)
 .text.spi_Open
                0x0000000020009aa4      0x128 /opt/cc3200/eclipse//../CC3200-Linux-SDK/lib/libsimplelink.a(cc_pal.o)
                0x0000000020009aa4                spi_Open
 .text.spi_Close
                0x0000000020009bcc       0x70 /opt/cc3200/eclipse//../CC3200-Linux-SDK/lib/libsimplelink.a(cc_pal.o)
                0x0000000020009bcc                spi_Close
 .text.spi_Read
                0x0000000020009c3c       0xd8 /opt/cc3200/eclipse//../CC3200-Linux-SDK/lib/libsimplelink.a(cc_pal.o)
                0x0000000020009c3c                spi_Read
 .text.spi_Write
                0x0000000020009d14       0xf4 /opt/cc3200/eclipse//../CC3200-Linux-SDK/lib/libsimplelink.a(cc_pal.o)
                0x0000000020009d14                spi_Write
 .text.NwpRegisterInterruptHandler
                0x0000000020009e08       0x36 /opt/cc3200/eclipse//../CC3200-Linux-SDK/lib/libsimplelink.a(cc_pal.o)
                0x0000000020009e08                NwpRegisterInterruptHandler
 *fill*         0x0000000020009e3e        0x2 
 .text.NwpMaskInterrupt
                0x0000000020009e40        0xc /opt/cc3200/eclipse//../CC3200-Linux-SDK/lib/libsimplelink.a(cc_pal.o)
                0x0000000020009e40                NwpMaskInterrupt
 .text.NwpUnMaskInterrupt
                0x0000000020009e4c        0xc /opt/cc3200/eclipse//../CC3200-Linux-SDK/lib/libsimplelink.a(cc_pal.o)
                0x0000000020009e4c                NwpUnMaskInterrupt
 .text.NwpPowerOn
                0x0000000020009e58       0x30 /opt/cc3200/eclipse//../CC3200-Linux-SDK/lib/libsimplelink.a(cc_pal.o)
                0x0000000020009e58                NwpPowerOn
 .text.NwpPowerOff
                0x0000000020009e88       0x3c /opt/cc3200/eclipse//../CC3200-Linux-SDK/lib/libsimplelink.a(cc_pal.o)
                0x0000000020009e88                NwpPowerOff
 .text.NwpPowerOnPreamble
                0x0000000020009ec4       0x60 /opt/cc3200/eclipse//../CC3200-Linux-SDK/lib/libsimplelink.a(cc_pal.o)
                0x0000000020009ec4                NwpPowerOnPreamble
 .text.GPIODirModeSet
                0x0000000020009f24       0x18 /opt/cc3200/eclipse//../CC3200-Linux-SDK/lib/libdriver.a(gpio.o)
                0x0000000020009f24                GPIODirModeSet
 .text.GPIOPinWrite
                0x0000000020009f3c        0x6 /opt/cc3200/eclipse//../CC3200-Linux-SDK/lib/libdriver.a(gpio.o)
                0x0000000020009f3c                GPIOPinWrite
 .text.IntDefaultHandler
                0x0000000020009f42        0x2 /opt/cc3200/eclipse//../CC3200-Linux-SDK/lib/libdriver.a(interrupt.o)
 .text.IntMasterEnable
                0x0000000020009f44        0xa /opt/cc3200/eclipse//../CC3200-Linux-SDK/lib/libdriver.a(interrupt.o)
                0x0000000020009f44                IntMasterEnable
 *fill*         0x0000000020009f4e        0x2 
 .text.IntVTableBaseSet
                0x0000000020009f50        0xc /opt/cc3200/eclipse//../CC3200-Linux-SDK/lib/libdriver.a(interrupt.o)
                0x0000000020009f50                IntVTableBaseSet
 .text.IntRegister
                0x0000000020009f5c       0x10 /opt/cc3200/eclipse//../CC3200-Linux-SDK/lib/libdriver.a(interrupt.o)
                0x0000000020009f5c                IntRegister
 .text.IntUnregister
                0x0000000020009f6c       0x14 /opt/cc3200/eclipse//../CC3200-Linux-SDK/lib/libdriver.a(interrupt.o)
                0x0000000020009f6c                IntUnregister
 .text.IntPrioritySet
                0x0000000020009f80       0x28 /opt/cc3200/eclipse//../CC3200-Linux-SDK/lib/libdriver.a(interrupt.o)
                0x0000000020009f80                IntPrioritySet
 .text.IntEnable
                0x0000000020009fa8       0x64 /opt/cc3200/eclipse//../CC3200-Linux-SDK/lib/libdriver.a(interrupt.o)
                0x0000000020009fa8                IntEnable
 .text.IntDisable
                0x000000002000a00c       0x64 /opt/cc3200/eclipse//../CC3200-Linux-SDK/lib/libdriver.a(interrupt.o)
                0x000000002000a00c                IntDisable
 .text.IntPendClear
                0x000000002000a070       0x3c /opt/cc3200/eclipse//../CC3200-Linux-SDK/lib/libdriver.a(interrupt.o)
                0x000000002000a070                IntPendClear
 .text.PinModeSet
                0x000000002000a0ac       0x28 /opt/cc3200/eclipse//../CC3200-Linux-SDK/lib/libdriver.a(pin.o)
                0x000000002000a0ac                PinModeSet
 .text.PinConfigSet
                0x000000002000a0d4       0x5c /opt/cc3200/eclipse//../CC3200-Linux-SDK/lib/libdriver.a(pin.o)
                0x000000002000a0d4                PinConfigSet
 .text.PinTypeGPIO
                0x000000002000a130       0x1c /opt/cc3200/eclipse//../CC3200-Linux-SDK/lib/libdriver.a(pin.o)
                0x000000002000a130                PinTypeGPIO
 .text.PRCMSysResetCauseGet
                0x000000002000a14c       0x2c /opt/cc3200/eclipse//../CC3200-Linux-SDK/lib/libdriver.a(prcm.o)
                0x000000002000a14c                PRCMSysResetCauseGet
 .text.PRCMPeripheralClkEnable
                0x000000002000a178       0x2c /opt/cc3200/eclipse//../CC3200-Linux-SDK/lib/libdriver.a(prcm.o)
                0x000000002000a178                PRCMPeripheralClkEnable
 .text.PRCMPeripheralClkDisable
                0x000000002000a1a4       0x1c /opt/cc3200/eclipse//../CC3200-Linux-SDK/lib/libdriver.a(prcm.o)
                0x000000002000a1a4                PRCMPeripheralClkDisable
 .text.PRCMPeripheralClockGet
                0x000000002000a1c0       0x48 /opt/cc3200/eclipse//../CC3200-Linux-SDK/lib/libdriver.a(prcm.o)
                0x000000002000a1c0                PRCMPeripheralClockGet
 .text.PRCMPeripheralReset
                0x000000002000a208       0x40 /opt/cc3200/eclipse//../CC3200-Linux-SDK/lib/libdriver.a(prcm.o)
                0x000000002000a208                PRCMPeripheralReset
 .text.PRCMPeripheralStatusGet
                0x000000002000a248       0x1c /opt/cc3200/eclipse//../CC3200-Linux-SDK/lib/libdriver.a(prcm.o)
                0x000000002000a248                PRCMPeripheralStatusGet
 .text.PRCMCC3200MCUInit
                0x000000002000a264      0x120 /opt/cc3200/eclipse//../CC3200-Linux-SDK/lib/libdriver.a(prcm.o)
                0x000000002000a264                PRCMCC3200MCUInit
 .text.SPIDmaMaskGet
                0x000000002000a384       0x38 /opt/cc3200/eclipse//../CC3200-Linux-SDK/lib/libdriver.a(spi.o)
 .text.SPIEnable
                0x000000002000a3bc        0xe /opt/cc3200/eclipse//../CC3200-Linux-SDK/lib/libdriver.a(spi.o)
                0x000000002000a3bc                SPIEnable
 .text.SPIDisable
                0x000000002000a3ca        0xe /opt/cc3200/eclipse//../CC3200-Linux-SDK/lib/libdriver.a(spi.o)
                0x000000002000a3ca                SPIDisable
 .text.SPIDmaEnable
                0x000000002000a3d8        0xc /opt/cc3200/eclipse//../CC3200-Linux-SDK/lib/libdriver.a(spi.o)
                0x000000002000a3d8                SPIDmaEnable
 .text.SPIDmaDisable
                0x000000002000a3e4        0xc /opt/cc3200/eclipse//../CC3200-Linux-SDK/lib/libdriver.a(spi.o)
                0x000000002000a3e4                SPIDmaDisable
 .text.SPIReset
                0x000000002000a3f0       0x16 /opt/cc3200/eclipse//../CC3200-Linux-SDK/lib/libdriver.a(spi.o)
                0x000000002000a3f0                SPIReset
 .text.SPIConfigSetExpClk
                0x000000002000a406       0x5a /opt/cc3200/eclipse//../CC3200-Linux-SDK/lib/libdriver.a(spi.o)
                0x000000002000a406                SPIConfigSetExpClk
 .text.SPIFIFOEnable
                0x000000002000a460        0xc /opt/cc3200/eclipse//../CC3200-Linux-SDK/lib/libdriver.a(spi.o)
                0x000000002000a460                SPIFIFOEnable
 .text.SPIFIFODisable
                0x000000002000a46c        0xe /opt/cc3200/eclipse//../CC3200-Linux-SDK/lib/libdriver.a(spi.o)
                0x000000002000a46c                SPIFIFODisable
 .text.SPIFIFOLevelSet
                0x000000002000a47a       0x18 /opt/cc3200/eclipse//../CC3200-Linux-SDK/lib/libdriver.a(spi.o)
                0x000000002000a47a                SPIFIFOLevelSet
 .text.SPIWordCountSet
                0x000000002000a492       0x10 /opt/cc3200/eclipse//../CC3200-Linux-SDK/lib/libdriver.a(spi.o)
                0x000000002000a492                SPIWordCountSet
 *fill*         0x000000002000a4a2        0x2 
 .text.SPIIntUnregister
                0x000000002000a4a4       0x4c /opt/cc3200/eclipse//../CC3200-Linux-SDK/lib/libdriver.a(spi.o)
                0x000000002000a4a4                SPIIntUnregister
 .text.SPIIntEnable
                0x000000002000a4f0       0x3c /opt/cc3200/eclipse//../CC3200-Linux-SDK/lib/libdriver.a(spi.o)
                0x000000002000a4f0                SPIIntEnable
 .text.SPIIntClear
                0x000000002000a52c       0x34 /opt/cc3200/eclipse//../CC3200-Linux-SDK/lib/libdriver.a(spi.o)
                0x000000002000a52c                SPIIntClear
 .text.SPICSEnable
                0x000000002000a560        0xe /opt/cc3200/eclipse//../CC3200-Linux-SDK/lib/libdriver.a(spi.o)
                0x000000002000a560                SPICSEnable
 .text.SPICSDisable
                0x000000002000a56e        0xe /opt/cc3200/eclipse//../CC3200-Linux-SDK/lib/libdriver.a(spi.o)
                0x000000002000a56e                SPICSDisable
 .text.UARTEnable
                0x000000002000a57c       0x16 /opt/cc3200/eclipse//../CC3200-Linux-SDK/lib/libdriver.a(uart.o)
                0x000000002000a57c                UARTEnable
 .text.UARTDisable
                0x000000002000a592       0x1c /opt/cc3200/eclipse//../CC3200-Linux-SDK/lib/libdriver.a(uart.o)
                0x000000002000a592                UARTDisable
 .text.UARTConfigSetExpClk
                0x000000002000a5ae       0x48 /opt/cc3200/eclipse//../CC3200-Linux-SDK/lib/libdriver.a(uart.o)
                0x000000002000a5ae                UARTConfigSetExpClk
 .text.UARTCharPut
                0x000000002000a5f6        0xa /opt/cc3200/eclipse//../CC3200-Linux-SDK/lib/libdriver.a(uart.o)
                0x000000002000a5f6                UARTCharPut
 .text.uDMAChannelEnable
                0x000000002000a600       0x14 /opt/cc3200/eclipse//../CC3200-Linux-SDK/lib/libdriver.a(udma.o)
                0x000000002000a600                uDMAChannelEnable
 .text.uDMAChannelAttributeEnable
                0x000000002000a614       0x48 /opt/cc3200/eclipse//../CC3200-Linux-SDK/lib/libdriver.a(udma.o)
                0x000000002000a614                uDMAChannelAttributeEnable
 .text.uDMAChannelAttributeDisable
                0x000000002000a65c       0x48 /opt/cc3200/eclipse//../CC3200-Linux-SDK/lib/libdriver.a(udma.o)
                0x000000002000a65c                uDMAChannelAttributeDisable
 .text.uDMAChannelControlSet
                0x000000002000a6a4       0x20 /opt/cc3200/eclipse//../CC3200-Linux-SDK/lib/libdriver.a(udma.o)
                0x000000002000a6a4                uDMAChannelControlSet
 .text.uDMAChannelTransferSet
                0x000000002000a6c4       0x84 /opt/cc3200/eclipse//../CC3200-Linux-SDK/lib/libdriver.a(udma.o)
                0x000000002000a6c4                uDMAChannelTransferSet
 .text.uDMAChannelAssign
                0x000000002000a748       0x2c /opt/cc3200/eclipse//../CC3200-Linux-SDK/lib/libdriver.a(udma.o)
                0x000000002000a748                uDMAChannelAssign
 .text.UtilsDelay
                0x000000002000a774        0x8 /opt/cc3200/eclipse//../CC3200-Linux-SDK/lib/libdriver.a(utils.o)
                0x000000002000a774                UtilsDelay
 .text.CPUcpsie
                0x000000002000a77c       0x10 /opt/cc3200/eclipse//../CC3200-Linux-SDK/lib/libdriver.a(cpu.o)
                0x000000002000a77c                CPUcpsie
 .text          0x000000002000a78c       0x30 /usr/bin/../lib/gcc/arm-none-eabi/4.9.3/armv7e-m/libgcc.a(_aeabi_uldivmod.o)
                0x000000002000a78c                __aeabi_uldivmod
 .text          0x000000002000a7bc       0x60 /usr/bin/../lib/gcc/arm-none-eabi/4.9.3/armv7e-m/libgcc.a(bpabi.o)
                0x000000002000a7bc                __gnu_ldivmod_helper
                0x000000002000a7ec                __gnu_uldivmod_helper
 .text          0x000000002000a81c        0x4 /usr/bin/../lib/gcc/arm-none-eabi/4.9.3/armv7e-m/libgcc.a(_dvmd_tls.o)
                0x000000002000a81c                __aeabi_ldiv0
                0x000000002000a81c                __aeabi_idiv0
 .text          0x000000002000a820      0x29c /usr/bin/../lib/gcc/arm-none-eabi/4.9.3/armv7e-m/libgcc.a(_divdi3.o)
                0x000000002000a820                __divdi3
 .text          0x000000002000aabc      0x26c /usr/bin/../lib/gcc/arm-none-eabi/4.9.3/armv7e-m/libgcc.a(_udivdi3.o)
                0x000000002000aabc                __udivdi3
 .text.malloc   0x000000002000ad28       0x10 /usr/bin/../lib/gcc/arm-none-eabi/4.9.3/../../../../arm-none-eabi/lib/armv7e-m/libg.a(lib_a-malloc.o)
                0x000000002000ad28                malloc
 .text.free     0x000000002000ad38       0x10 /usr/bin/../lib/gcc/arm-none-eabi/4.9.3/../../../../arm-none-eabi/lib/armv7e-m/libg.a(lib_a-malloc.o)
                0x000000002000ad38                free
 .text._malloc_r
                0x000000002000ad48      0x524 /usr/bin/../lib/gcc/arm-none-eabi/4.9.3/../../../../arm-none-eabi/lib/armv7e-m/libg.a(lib_a-mallocr.o)
                0x000000002000ad48                _malloc_r
 .text.memcmp   0x000000002000b26c       0x64 /usr/bin/../lib/gcc/arm-none-eabi/4.9.3/../../../../arm-none-eabi/lib/armv7e-m/libg.a(lib_a-memcmp.o)
                0x000000002000b26c                memcmp
 .text          0x000000002000b2d0      0x134 /usr/bin/../lib/gcc/arm-none-eabi/4.9.3/../../../../arm-none-eabi/lib/armv7e-m/libg.a(lib_a-memcpy.o)
                0x000000002000b2d0                memcpy
 .text.memmove  0x000000002000b404       0xc8 /usr/bin/../lib/gcc/arm-none-eabi/4.9.3/../../../../arm-none-eabi/lib/armv7e-m/libg.a(lib_a-memmove.o)
                0x000000002000b404                memmove
 .text.memset   0x000000002000b4cc       0x9c /usr/bin/../lib/gcc/arm-none-eabi/4.9.3/../../../../arm-none-eabi/lib/armv7e-m/libg.a(lib_a-memset.o)
                0x000000002000b4cc                memset
 .text.__malloc_lock
                0x000000002000b568        0x4 /usr/bin/../lib/gcc/arm-none-eabi/4.9.3/../../../../arm-none-eabi/lib/armv7e-m/libg.a(lib_a-mlock.o)
                0x000000002000b568                __malloc_lock
 .text.__malloc_unlock
                0x000000002000b56c        0x4 /usr/bin/../lib/gcc/arm-none-eabi/4.9.3/../../../../arm-none-eabi/lib/armv7e-m/libg.a(lib_a-mlock.o)
                0x000000002000b56c                __malloc_unlock
 .text.realloc  0x000000002000b570       0x10 /usr/bin/../lib/gcc/arm-none-eabi/4.9.3/../../../../arm-none-eabi/lib/armv7e-m/libg.a(lib_a-realloc.o)
                0x000000002000b570                realloc
 .text._realloc_r
                0x000000002000b580      0x3ec /usr/bin/../lib/gcc/arm-none-eabi/4.9.3/../../../../arm-none-eabi/lib/armv7e-m/libg.a(lib_a-reallocr.o)
                0x000000002000b580                _realloc_r
 .text._sbrk_r  0x000000002000b96c       0x24 /usr/bin/../lib/gcc/arm-none-eabi/4.9.3/../../../../arm-none-eabi/lib/armv7e-m/libg.a(lib_a-sbrkr.o)
                0x000000002000b96c                _sbrk_r
 .text.strlen   0x000000002000b990       0x5c /usr/bin/../lib/gcc/arm-none-eabi/4.9.3/../../../../arm-none-eabi/lib/armv7e-m/libg.a(lib_a-strlen.o)
                0x000000002000b990                strlen
 .text.strncmp  0x000000002000b9ec       0x98 /usr/bin/../lib/gcc/arm-none-eabi/4.9.3/../../../../arm-none-eabi/lib/armv7e-m/libg.a(lib_a-strncmp.o)
                0x000000002000b9ec                strncmp
 .text.critical_factorization
                0x000000002000ba84       0xb8 /usr/bin/../lib/gcc/arm-none-eabi/4.9.3/../../../../arm-none-eabi/lib/armv7e-m/libg.a(lib_a-strstr.o)
 .text.two_way_long_needle
                0x000000002000bb3c      0x1f8 /usr/bin/../lib/gcc/arm-none-eabi/4.9.3/../../../../arm-none-eabi/lib/armv7e-m/libg.a(lib_a-strstr.o)
 .text.strstr   0x000000002000bd34      0x220 /usr/bin/../lib/gcc/arm-none-eabi/4.9.3/../../../../arm-none-eabi/lib/armv7e-m/libg.a(lib_a-strstr.o)
                0x000000002000bd34                strstr
 .text._svfprintf_r
                0x000000002000bf54     0x1494 /usr/bin/../lib/gcc/arm-none-eabi/4.9.3/../../../../arm-none-eabi/lib/armv7e-m/libg.a(lib_a-svfprintf.o)
                0x000000002000bf54                _svfprintf_r
 .text._vsnprintf_r
                0x000000002000d3e8       0x74 /usr/bin/../lib/gcc/arm-none-eabi/4.9.3/../../../../arm-none-eabi/lib/armv7e-m/libg.a(lib_a-vsnprintf.o)
                0x000000002000d3e8                _vsnprintf_r
 .text.vsnprintf
                0x000000002000d45c       0x20 /usr/bin/../lib/gcc/arm-none-eabi/4.9.3/../../../../arm-none-eabi/lib/armv7e-m/libg.a(lib_a-vsnprintf.o)
                0x000000002000d45c                vsnprintf
 .text.quorem   0x000000002000d47c      0x12c /usr/bin/../lib/gcc/arm-none-eabi/4.9.3/../../../../arm-none-eabi/lib/armv7e-m/libg.a(lib_a-dtoa.o)
 .text._dtoa_r  0x000000002000d5a8      0xe94 /usr/bin/../lib/gcc/arm-none-eabi/4.9.3/../../../../arm-none-eabi/lib/armv7e-m/libg.a(lib_a-dtoa.o)
                0x000000002000d5a8                _dtoa_r
 .text._malloc_trim_r
                0x000000002000e43c       0x9c /usr/bin/../lib/gcc/arm-none-eabi/4.9.3/../../../../arm-none-eabi/lib/armv7e-m/libg.a(lib_a-freer.o)
                0x000000002000e43c                _malloc_trim_r
 .text._free_r  0x000000002000e4d8      0x1b0 /usr/bin/../lib/gcc/arm-none-eabi/4.9.3/../../../../arm-none-eabi/lib/armv7e-m/libg.a(lib_a-freer.o)
                0x000000002000e4d8                _free_r
 .text._localeconv_r
                0x000000002000e688        0x8 /usr/bin/../lib/gcc/arm-none-eabi/4.9.3/../../../../arm-none-eabi/lib/armv7e-m/libg.a(lib_a-locale.o)
                0x000000002000e688                _localeconv_r
 .text.memchr   0x000000002000e690       0x94 /usr/bin/../lib/gcc/arm-none-eabi/4.9.3/../../../../arm-none-eabi/lib/armv7e-m/libg.a(lib_a-memchr.o)
                0x000000002000e690                memchr
 .text._Balloc  0x000000002000e724       0x4c /usr/bin/../lib/gcc/arm-none-eabi/4.9.3/../../../../arm-none-eabi/lib/armv7e-m/libg.a(lib_a-mprec.o)
                0x000000002000e724                _Balloc
 .text._Bfree   0x000000002000e770       0x14 /usr/bin/../lib/gcc/arm-none-eabi/4.9.3/../../../../arm-none-eabi/lib/armv7e-m/libg.a(lib_a-mprec.o)
                0x000000002000e770                _Bfree
 .text.__multadd
                0x000000002000e784       0x84 /usr/bin/../lib/gcc/arm-none-eabi/4.9.3/../../../../arm-none-eabi/lib/armv7e-m/libg.a(lib_a-mprec.o)
                0x000000002000e784                __multadd
 .text.__hi0bits
                0x000000002000e808       0x40 /usr/bin/../lib/gcc/arm-none-eabi/4.9.3/../../../../arm-none-eabi/lib/armv7e-m/libg.a(lib_a-mprec.o)
                0x000000002000e808                __hi0bits
 .text.__lo0bits
                0x000000002000e848       0x5c /usr/bin/../lib/gcc/arm-none-eabi/4.9.3/../../../../arm-none-eabi/lib/armv7e-m/libg.a(lib_a-mprec.o)
                0x000000002000e848                __lo0bits
 .text.__i2b    0x000000002000e8a4       0x14 /usr/bin/../lib/gcc/arm-none-eabi/4.9.3/../../../../arm-none-eabi/lib/armv7e-m/libg.a(lib_a-mprec.o)
                0x000000002000e8a4                __i2b
 .text.__multiply
                0x000000002000e8b8      0x134 /usr/bin/../lib/gcc/arm-none-eabi/4.9.3/../../../../arm-none-eabi/lib/armv7e-m/libg.a(lib_a-mprec.o)
                0x000000002000e8b8                __multiply
 .text.__pow5mult
                0x000000002000e9ec       0xa0 /usr/bin/../lib/gcc/arm-none-eabi/4.9.3/../../../../arm-none-eabi/lib/armv7e-m/libg.a(lib_a-mprec.o)
                0x000000002000e9ec                __pow5mult
 .text.__lshift
                0x000000002000ea8c       0xac /usr/bin/../lib/gcc/arm-none-eabi/4.9.3/../../../../arm-none-eabi/lib/armv7e-m/libg.a(lib_a-mprec.o)
                0x000000002000ea8c                __lshift
 .text.__mcmp   0x000000002000eb38       0x48 /usr/bin/../lib/gcc/arm-none-eabi/4.9.3/../../../../arm-none-eabi/lib/armv7e-m/libg.a(lib_a-mprec.o)
                0x000000002000eb38                __mcmp
 .text.__mdiff  0x000000002000eb80       0xd4 /usr/bin/../lib/gcc/arm-none-eabi/4.9.3/../../../../arm-none-eabi/lib/armv7e-m/libg.a(lib_a-mprec.o)
                0x000000002000eb80                __mdiff
 .text.__d2b    0x000000002000ec54       0xb8 /usr/bin/../lib/gcc/arm-none-eabi/4.9.3/../../../../arm-none-eabi/lib/armv7e-m/libg.a(lib_a-mprec.o)
                0x000000002000ec54                __d2b
 .text.__fpclassifyd
                0x000000002000ed0c       0x58 /usr/bin/../lib/gcc/arm-none-eabi/4.9.3/../../../../arm-none-eabi/lib/armv7e-m/libg.a(lib_a-s_fpclassify.o)
                0x000000002000ed0c                __fpclassifyd
 .text.strchr   0x000000002000ed64       0xcc /usr/bin/../lib/gcc/arm-none-eabi/4.9.3/../../../../arm-none-eabi/lib/armv7e-m/libg.a(lib_a-strchr.o)
                0x000000002000ed64                strchr
 .text.__ssprint_r
                0x000000002000ee30      0x104 /usr/bin/../lib/gcc/arm-none-eabi/4.9.3/../../../../arm-none-eabi/lib/armv7e-m/libg.a(lib_a-svfiprintf.o)
                0x000000002000ee30                __ssprint_r
 .text._calloc_r
                0x000000002000ef34       0x60 /usr/bin/../lib/gcc/arm-none-eabi/4.9.3/../../../../arm-none-eabi/lib/armv7e-m/libg.a(lib_a-callocr.o)
                0x000000002000ef34                _calloc_r
 .text          0x000000002000ef94      0x370 /usr/bin/../lib/gcc/arm-none-eabi/4.9.3/armv7e-m/libgcc.a(_arm_addsubdf3.o)
                0x000000002000ef94                __aeabi_drsub
                0x000000002000ef9c                __aeabi_dsub
                0x000000002000ef9c                __subdf3
                0x000000002000efa0                __adddf3
                0x000000002000efa0                __aeabi_dadd
                0x000000002000f218                __aeabi_ui2d
                0x000000002000f218                __floatunsidf
                0x000000002000f238                __floatsidf
                0x000000002000f238                __aeabi_i2d
                0x000000002000f25c                __extendsfdf2
                0x000000002000f25c                __aeabi_f2d
                0x000000002000f298                __aeabi_ul2d
                0x000000002000f298                __floatundidf
                0x000000002000f2a8                __floatdidf
                0x000000002000f2a8                __aeabi_l2d
 .text          0x000000002000f304      0x424 /usr/bin/../lib/gcc/arm-none-eabi/4.9.3/armv7e-m/libgcc.a(_arm_muldivdf3.o)
                0x000000002000f304                __aeabi_dmul
                0x000000002000f304                __muldf3
                0x000000002000f558                __aeabi_ddiv
                0x000000002000f558                __divdf3
 .text          0x000000002000f728      0x110 /usr/bin/../lib/gcc/arm-none-eabi/4.9.3/armv7e-m/libgcc.a(_arm_cmpdf2.o)
                0x000000002000f728                __gtdf2
                0x000000002000f728                __gedf2
                0x000000002000f730                __ltdf2
                0x000000002000f730                __ledf2
                0x000000002000f738                __cmpdf2
                0x000000002000f738                __eqdf2
                0x000000002000f738                __nedf2
                0x000000002000f7b4                __aeabi_cdrcmple
                0x000000002000f7c4                __aeabi_cdcmple
                0x000000002000f7c4                __aeabi_cdcmpeq
                0x000000002000f7d4                __aeabi_dcmpeq
                0x000000002000f7e8                __aeabi_dcmplt
                0x000000002000f7fc                __aeabi_dcmple
                0x000000002000f810                __aeabi_dcmpge
                0x000000002000f824                __aeabi_dcmpgt
 .text          0x000000002000f838       0x50 /usr/bin/../lib/gcc/arm-none-eabi/4.9.3/armv7e-m/libgcc.a(_arm_fixdfsi.o)
                0x000000002000f838                __fixdfsi
                0x000000002000f838                __aeabi_d2iz
 *(.rodata*)
 .rodata        0x000000002000f888       0x17 ./FreeRTOS/Source/tasks.o
 *fill*         0x000000002000f89f        0x1 
 .rodata.ucExpectedStackBytes.6149
                0x000000002000f8a0       0x14 ./FreeRTOS/Source/tasks.o
 .rodata        0x000000002000f8b4        0xd ./FreeRTOS/Source/timers.o
 *fill*         0x000000002000f8c1        0x3 
 .rodata        0x000000002000f8c4      0x4b3 ./main.o
 *fill*         0x000000002000fd77        0x1 
 .rodata.__FUNCTION__.5767
                0x000000002000fd78       0x22 ./main.o
 *fill*         0x000000002000fd9a        0x2 
 .rodata.__FUNCTION__.5778
                0x000000002000fd9c        0xc ./main.o
 .rodata.__FUNCTION__.5816
                0x000000002000fda8        0x5 ./main.o
 *fill*         0x000000002000fdad        0x3 
 .rodata        0x000000002000fdb0       0x2a ./uart_if.o
 .rodata.str1.1
                0x000000002000fdda      0x34c /opt/cc3200/eclipse//../CC3200-Linux-SDK/lib/libxmpp.a(xmpp.o)
                                        0x358 (size before relaxing)
 .rodata.g_ccB64Tbl
                0x0000000020010126       0x40 /opt/cc3200/eclipse//../CC3200-Linux-SDK/lib/libxmpp.a(base64.o)
 .rodata.str1.1
                0x0000000020010166        0x8 /opt/cc3200/eclipse//../CC3200-Linux-SDK/lib/libosi.a(osi_freertos.o)
 .rodata._SlDeviceGetCmdCtrl
                0x000000002001016e        0x4 /opt/cc3200/eclipse//../CC3200-Linux-SDK/lib/libsimplelink.a(device.o)
                0x000000002001016e                _SlDeviceGetCmdCtrl
 .rodata._SlStopCmdCtrl
                0x0000000020010172        0x4 /opt/cc3200/eclipse//../CC3200-Linux-SDK/lib/libsimplelink.a(device.o)
                0x0000000020010172                _SlStopCmdCtrl
 .rodata.StartResponseLUT
                0x0000000020010176        0x8 /opt/cc3200/eclipse//../CC3200-Linux-SDK/lib/libsimplelink.a(device.o)
                0x0000000020010176                StartResponseLUT
 *fill*         0x000000002001017e        0x2 
 .rodata.g_H2NSyncPattern
                0x0000000020010180        0x8 /opt/cc3200/eclipse//../CC3200-Linux-SDK/lib/libsimplelink.a(driver.o)
                0x0000000020010180                g_H2NSyncPattern
 .rodata.g_H2NCnysPattern
                0x0000000020010188        0x8 /opt/cc3200/eclipse//../CC3200-Linux-SDK/lib/libsimplelink.a(driver.o)
                0x0000000020010188                g_H2NCnysPattern
 .rodata._SlActionLookupTable
                0x0000000020010190       0x38 /opt/cc3200/eclipse//../CC3200-Linux-SDK/lib/libsimplelink.a(driver.o)
                0x0000000020010190                _SlActionLookupTable
 .rodata.OpcodeTranslateTable
                0x00000000200101c8       0x3c /opt/cc3200/eclipse//../CC3200-Linux-SDK/lib/libsimplelink.a(driver.o)
                0x00000000200101c8                OpcodeTranslateTable
 .rodata.RxMsgClassLUT
                0x0000000020010204       0x20 /opt/cc3200/eclipse//../CC3200-Linux-SDK/lib/libsimplelink.a(driver.o)
                0x0000000020010204                RxMsgClassLUT
 .rodata._SlNetAppSendTokenValueCmdCtrl
                0x0000000020010224        0x4 /opt/cc3200/eclipse//../CC3200-Linux-SDK/lib/libsimplelink.a(netapp.o)
                0x0000000020010224                _SlNetAppSendTokenValueCmdCtrl
 .rodata._SlRegisterServiceCtrl
                0x0000000020010228        0x4 /opt/cc3200/eclipse//../CC3200-Linux-SDK/lib/libsimplelink.a(netapp.o)
                0x0000000020010228                _SlRegisterServiceCtrl
 .rodata._SlNetCfgSetCmdCtrl
                0x000000002001022c        0x4 /opt/cc3200/eclipse//../CC3200-Linux-SDK/lib/libsimplelink.a(netcfg.o)
                0x000000002001022c                _SlNetCfgSetCmdCtrl
 .rodata._SlSendCmdCtrl
                0x0000000020010230        0x4 /opt/cc3200/eclipse//../CC3200-Linux-SDK/lib/libsimplelink.a(socket.o)
                0x0000000020010230                _SlSendCmdCtrl
 .rodata._SlSockSocketCmdCtrl
                0x0000000020010234        0x4 /opt/cc3200/eclipse//../CC3200-Linux-SDK/lib/libsimplelink.a(socket.o)
                0x0000000020010234                _SlSockSocketCmdCtrl
 .rodata._SlPayloadByProtocolLUT
                0x0000000020010238       0x10 /opt/cc3200/eclipse//../CC3200-Linux-SDK/lib/libsimplelink.a(socket.o)
                0x0000000020010238                _SlPayloadByProtocolLUT
 .rodata._SlRecvCmdCtrl
                0x0000000020010248        0x4 /opt/cc3200/eclipse//../CC3200-Linux-SDK/lib/libsimplelink.a(socket.o)
                0x0000000020010248                _SlRecvCmdCtrl
 .rodata._SlSetSockOptCmdCtrl
                0x000000002001024c        0x4 /opt/cc3200/eclipse//../CC3200-Linux-SDK/lib/libsimplelink.a(socket.o)
                0x000000002001024c                _SlSetSockOptCmdCtrl
 .rodata._SlWlanCfgSetCmdCtrl
                0x0000000020010250        0x4 /opt/cc3200/eclipse//../CC3200-Linux-SDK/lib/libsimplelink.a(wlan.o)
                0x0000000020010250                _SlWlanCfgSetCmdCtrl
 .rodata._SlProfileDelCmdCtrl
                0x0000000020010254        0x4 /opt/cc3200/eclipse//../CC3200-Linux-SDK/lib/libsimplelink.a(wlan.o)
                0x0000000020010254                _SlProfileDelCmdCtrl
 .rodata._SlWlanSetModeCmdCtrl
                0x0000000020010258        0x4 /opt/cc3200/eclipse//../CC3200-Linux-SDK/lib/libsimplelink.a(wlan.o)
                0x0000000020010258                _SlWlanSetModeCmdCtrl
 .rodata._SlRxFilterSetCmdCtrl
                0x000000002001025c        0x4 /opt/cc3200/eclipse//../CC3200-Linux-SDK/lib/libsimplelink.a(wlan.o)
                0x000000002001025c                _SlRxFilterSetCmdCtrl
 .rodata._SlPolicySetCmdCtrl
                0x0000000020010260        0x4 /opt/cc3200/eclipse//../CC3200-Linux-SDK/lib/libsimplelink.a(wlan.o)
                0x0000000020010260                _SlPolicySetCmdCtrl
 .rodata.g_pulEnRegs
                0x0000000020010264       0x18 /opt/cc3200/eclipse//../CC3200-Linux-SDK/lib/libdriver.a(interrupt.o)
 .rodata.g_pulDisRegs
                0x000000002001027c       0x18 /opt/cc3200/eclipse//../CC3200-Linux-SDK/lib/libdriver.a(interrupt.o)
 .rodata.g_pulUnpendRegs
                0x0000000020010294       0x18 /opt/cc3200/eclipse//../CC3200-Linux-SDK/lib/libdriver.a(interrupt.o)
 .rodata.g_pulRegs
                0x00000000200102ac       0xd4 /opt/cc3200/eclipse//../CC3200-Linux-SDK/lib/libdriver.a(interrupt.o)
 .rodata.g_ulPinToPadMap
                0x0000000020010380      0x100 /opt/cc3200/eclipse//../CC3200-Linux-SDK/lib/libdriver.a(pin.o)
 .rodata.PRCM_PeriphRegsList
                0x0000000020010480       0xa8 /opt/cc3200/eclipse//../CC3200-Linux-SDK/lib/libdriver.a(prcm.o)
 .rodata.g_ppulSPIIntMap
                0x0000000020010528       0x24 /opt/cc3200/eclipse//../CC3200-Linux-SDK/lib/libdriver.a(spi.o)
 .rodata.g_ulSPIDmaMaskMap
                0x000000002001054c       0x18 /opt/cc3200/eclipse//../CC3200-Linux-SDK/lib/libdriver.a(spi.o)
 .rodata.str1.4
                0x0000000020010564        0x2 /usr/bin/../lib/gcc/arm-none-eabi/4.9.3/../../../../arm-none-eabi/lib/armv7e-m/libg.a(lib_a-impure.o)
 *fill*         0x0000000020010566        0x2 
 .rodata.zeroes.6911
                0x0000000020010568       0x10 /usr/bin/../lib/gcc/arm-none-eabi/4.9.3/../../../../arm-none-eabi/lib/armv7e-m/libg.a(lib_a-svfprintf.o)
 .rodata.blanks.6910
                0x0000000020010578       0x10 /usr/bin/../lib/gcc/arm-none-eabi/4.9.3/../../../../arm-none-eabi/lib/armv7e-m/libg.a(lib_a-svfprintf.o)
 .rodata.str1.4
                0x0000000020010588       0x42 /usr/bin/../lib/gcc/arm-none-eabi/4.9.3/../../../../arm-none-eabi/lib/armv7e-m/libg.a(lib_a-svfprintf.o)
 *fill*         0x00000000200105ca        0x2 
 .rodata.str1.4
                0x00000000200105cc       0x10 /usr/bin/../lib/gcc/arm-none-eabi/4.9.3/../../../../arm-none-eabi/lib/armv7e-m/libg.a(lib_a-dtoa.o)
                                         0x12 (size before relaxing)
 .rodata.str1.4
                0x00000000200105dc        0xc /usr/bin/../lib/gcc/arm-none-eabi/4.9.3/../../../../arm-none-eabi/lib/armv7e-m/libg.a(lib_a-locale.o)
                                         0x12 (size before relaxing)
 .rodata.__mprec_tens
                0x00000000200105e8       0xc8 /usr/bin/../lib/gcc/arm-none-eabi/4.9.3/../../../../arm-none-eabi/lib/armv7e-m/libg.a(lib_a-mprec.o)
                0x00000000200105e8                __mprec_tens
 .rodata.p05.5302
                0x00000000200106b0        0xc /usr/bin/../lib/gcc/arm-none-eabi/4.9.3/../../../../arm-none-eabi/lib/armv7e-m/libg.a(lib_a-mprec.o)
 *fill*         0x00000000200106bc        0x4 
 .rodata.__mprec_bigtens
                0x00000000200106c0       0x28 /usr/bin/../lib/gcc/arm-none-eabi/4.9.3/../../../../arm-none-eabi/lib/armv7e-m/libg.a(lib_a-mprec.o)
                0x00000000200106c0                __mprec_bigtens
 *(.ARM.extab* .gnu.linkonce.armextab.*)
                0x00000000200106e8                . = ALIGN (0x8)
                0x00000000200106e8                _etext = .

.glue_7         0x00000000200106e8        0x0
 .glue_7        0x0000000000000000        0x0 linker stubs

.glue_7t        0x00000000200106e8        0x0
 .glue_7t       0x0000000000000000        0x0 linker stubs

.vfp11_veneer   0x00000000200106e8        0x0
 .vfp11_veneer  0x0000000000000000        0x0 linker stubs

.v4_bx          0x00000000200106e8        0x0
 .v4_bx         0x0000000000000000        0x0 linker stubs

.iplt           0x00000000200106e8        0x0
 .iplt          0x0000000000000000        0x0 /usr/bin/../lib/gcc/arm-none-eabi/4.9.3/armv7e-m/crtbegin.o

.ARM            0x00000000200106e8        0x8
                0x00000000200106e8                __exidx_start = .
 *(.ARM.exidx*)
 .ARM.exidx     0x00000000200106e8        0x8 /usr/bin/../lib/gcc/arm-none-eabi/4.9.3/armv7e-m/libgcc.a(_divdi3.o)
 .ARM.exidx     0x00000000200106f0        0x0 /usr/bin/../lib/gcc/arm-none-eabi/4.9.3/armv7e-m/libgcc.a(_udivdi3.o)
                                          0x8 (size before relaxing)
                0x00000000200106f0                __exidx_end = .
                0x00000000200106f0                __init_data = .

.rel.dyn        0x00000000200106f0        0x0
 .rel.iplt      0x0000000000000000        0x0 /usr/bin/../lib/gcc/arm-none-eabi/4.9.3/armv7e-m/crtbegin.o

.data           0x00000000200106f0      0x898
                0x00000000200106f0                _data = .
 *(.data*)
 .data.uxCriticalNesting
                0x00000000200106f0        0x4 ./FreeRTOS/Source/portable/GCC/ARM_CM4/port.o
 .data.xNextTaskUnblockTime
                0x00000000200106f4        0x4 ./FreeRTOS/Source/tasks.o
 .data.ulReg    0x00000000200106f8       0x14 ./gpio_if.o
 .data.g_XMPPStatus
                0x000000002001070c        0x4 /opt/cc3200/eclipse//../CC3200-Linux-SDK/lib/libxmpp.a(xmpp.o)
                0x000000002001070c                g_XMPPStatus
 .data.impure_data
                0x0000000020010710      0x428 /usr/bin/../lib/gcc/arm-none-eabi/4.9.3/../../../../arm-none-eabi/lib/armv7e-m/libg.a(lib_a-impure.o)
 .data._impure_ptr
                0x0000000020010b38        0x4 /usr/bin/../lib/gcc/arm-none-eabi/4.9.3/../../../../arm-none-eabi/lib/armv7e-m/libg.a(lib_a-impure.o)
                0x0000000020010b38                _impure_ptr
 .data.__malloc_av_
                0x0000000020010b3c      0x408 /usr/bin/../lib/gcc/arm-none-eabi/4.9.3/../../../../arm-none-eabi/lib/armv7e-m/libg.a(lib_a-mallocr.o)
                0x0000000020010b3c                __malloc_av_
 .data.__malloc_trim_threshold
                0x0000000020010f44        0x4 /usr/bin/../lib/gcc/arm-none-eabi/4.9.3/../../../../arm-none-eabi/lib/armv7e-m/libg.a(lib_a-mallocr.o)
                0x0000000020010f44                __malloc_trim_threshold
 .data.__malloc_sbrk_base
                0x0000000020010f48        0x4 /usr/bin/../lib/gcc/arm-none-eabi/4.9.3/../../../../arm-none-eabi/lib/armv7e-m/libg.a(lib_a-mallocr.o)
                0x0000000020010f48                __malloc_sbrk_base
 .data.lconv    0x0000000020010f4c       0x38 /usr/bin/../lib/gcc/arm-none-eabi/4.9.3/../../../../arm-none-eabi/lib/armv7e-m/libg.a(lib_a-locale.o)
                0x0000000020010f88                . = ALIGN (0x8)
 *fill*         0x0000000020010f84        0x4 
                0x0000000020010f88                _edata = .

.igot.plt       0x0000000020010f88        0x0
 .igot.plt      0x0000000000000000        0x0 /usr/bin/../lib/gcc/arm-none-eabi/4.9.3/armv7e-m/crtbegin.o

.bss            0x0000000020010f88     0x4848
                0x0000000020010f88                _bss = .
 *(.bss*)
 .bss.ucHeap    0x0000000020010f88     0x2710 ./FreeRTOS/Source/portable/MemMang/heap_4.o
 .bss.xStart    0x0000000020013698        0x8 ./FreeRTOS/Source/portable/MemMang/heap_4.o
 .bss.pxEnd     0x00000000200136a0        0x4 ./FreeRTOS/Source/portable/MemMang/heap_4.o
 .bss.xFreeBytesRemaining
                0x00000000200136a4        0x4 ./FreeRTOS/Source/portable/MemMang/heap_4.o
 .bss.xMinimumEverFreeBytesRemaining
                0x00000000200136a8        0x4 ./FreeRTOS/Source/portable/MemMang/heap_4.o
 .bss.xBlockAllocatedBit
                0x00000000200136ac        0x4 ./FreeRTOS/Source/portable/MemMang/heap_4.o
 .bss.pxCurrentTCB
                0x00000000200136b0        0x4 ./FreeRTOS/Source/tasks.o
                0x00000000200136b0                pxCurrentTCB
 .bss.pxReadyTasksLists
                0x00000000200136b4       0xc8 ./FreeRTOS/Source/tasks.o
 .bss.xDelayedTaskList1
                0x000000002001377c       0x14 ./FreeRTOS/Source/tasks.o
 .bss.xDelayedTaskList2
                0x0000000020013790       0x14 ./FreeRTOS/Source/tasks.o
 .bss.pxDelayedTaskList
                0x00000000200137a4        0x4 ./FreeRTOS/Source/tasks.o
 .bss.pxOverflowDelayedTaskList
                0x00000000200137a8        0x4 ./FreeRTOS/Source/tasks.o
 .bss.xPendingReadyList
                0x00000000200137ac       0x14 ./FreeRTOS/Source/tasks.o
 .bss.xTasksWaitingTermination
                0x00000000200137c0       0x14 ./FreeRTOS/Source/tasks.o
 .bss.uxTasksDeleted
                0x00000000200137d4        0x4 ./FreeRTOS/Source/tasks.o
 .bss.xSuspendedTaskList
                0x00000000200137d8       0x14 ./FreeRTOS/Source/tasks.o
 .bss.xIdleTaskHandle
                0x00000000200137ec        0x4 ./FreeRTOS/Source/tasks.o
 .bss.uxCurrentNumberOfTasks
                0x00000000200137f0        0x4 ./FreeRTOS/Source/tasks.o
 .bss.xTickCount
                0x00000000200137f4        0x4 ./FreeRTOS/Source/tasks.o
 .bss.uxTopReadyPriority
                0x00000000200137f8        0x4 ./FreeRTOS/Source/tasks.o
 .bss.xSchedulerRunning
                0x00000000200137fc        0x4 ./FreeRTOS/Source/tasks.o
 .bss.uxPendedTicks
                0x0000000020013800        0x4 ./FreeRTOS/Source/tasks.o
 .bss.xYieldPending
                0x0000000020013804        0x4 ./FreeRTOS/Source/tasks.o
 .bss.xNumOfOverflows
                0x0000000020013808        0x4 ./FreeRTOS/Source/tasks.o
 .bss.uxTaskNumber
                0x000000002001380c        0x4 ./FreeRTOS/Source/tasks.o
 .bss.uxSchedulerSuspended
                0x0000000020013810        0x4 ./FreeRTOS/Source/tasks.o
 .bss.xActiveTimerList1
                0x0000000020013814       0x14 ./FreeRTOS/Source/timers.o
 .bss.xActiveTimerList2
                0x0000000020013828       0x14 ./FreeRTOS/Source/timers.o
 .bss.pxCurrentTimerList
                0x000000002001383c        0x4 ./FreeRTOS/Source/timers.o
 .bss.pxOverflowTimerList
                0x0000000020013840        0x4 ./FreeRTOS/Source/timers.o
 .bss.xTimerQueue
                0x0000000020013844        0x4 ./FreeRTOS/Source/timers.o
 .bss.xTimerTaskHandle
                0x0000000020013848        0x4 ./FreeRTOS/Source/timers.o
 .bss.xLastTime.5223
                0x000000002001384c        0x4 ./FreeRTOS/Source/timers.o
 .bss.g_uiLED1Port
                0x0000000020013850        0x4 ./gpio_if.o
                0x0000000020013850                g_uiLED1Port
 .bss.g_uiLED2Port
                0x0000000020013854        0x4 ./gpio_if.o
                0x0000000020013854                g_uiLED2Port
 .bss.g_uiLED3Port
                0x0000000020013858        0x4 ./gpio_if.o
                0x0000000020013858                g_uiLED3Port
 .bss.g_ulStatus
                0x000000002001385c        0x4 ./main.o
                0x000000002001385c                g_ulStatus
 .bss.g_ulGatewayIP
                0x0000000020013860        0x4 ./main.o
                0x0000000020013860                g_ulGatewayIP
 .bss.heap_end  0x0000000020013864        0x4 ./startup_gcc.o
 .bss.pui32Stack
                0x0000000020013868     0x1000 ./startup_gcc.o
 .bss.__Errorlog
                0x0000000020014868        0x4 ./uart_if.o
 .bss.g_FirstClientConnect
                0x000000002001486c        0x4 /opt/cc3200/eclipse//../CC3200-Linux-SDK/lib/libxmpp.a(xmpp.o)
                0x000000002001486c                g_FirstClientConnect
 .bss.g_JabberMsgSentFromPeer
                0x0000000020014870        0x4 /opt/cc3200/eclipse//../CC3200-Linux-SDK/lib/libxmpp.a(xmpp.o)
                0x0000000020014870                g_JabberMsgSentFromPeer
 .bss.g_XmppSetStatus
                0x0000000020014874        0x4 /opt/cc3200/eclipse//../CC3200-Linux-SDK/lib/libxmpp.a(xmpp.o)
                0x0000000020014874                g_XmppSetStatus
 .bss.xSimpleLinkSpawnQueue
                0x0000000020014878        0x4 /opt/cc3200/eclipse//../CC3200-Linux-SDK/lib/libosi.a(osi_freertos.o)
                0x0000000020014878                xSimpleLinkSpawnQueue
 .bss.xSimpleLinkSpawnTaskHndl
                0x000000002001487c        0x4 /opt/cc3200/eclipse//../CC3200-Linux-SDK/lib/libosi.a(osi_freertos.o)
                0x000000002001487c                xSimpleLinkSpawnTaskHndl
 .bss.xHigherPriorityTaskWoken
                0x0000000020014880        0x4 /opt/cc3200/eclipse//../CC3200-Linux-SDK/lib/libosi.a(osi_freertos.o)
                0x0000000020014880                xHigherPriorityTaskWoken
 .bss.gFirstCmdMode
                0x0000000020014884        0x1 /opt/cc3200/eclipse//../CC3200-Linux-SDK/lib/libsimplelink.a(driver.o)
                0x0000000020014884                gFirstCmdMode
 *fill*         0x0000000020014885        0x3 
 .bss.pPingCallBackFunc
                0x0000000020014888        0x4 /opt/cc3200/eclipse//../CC3200-Linux-SDK/lib/libsimplelink.a(driver.o)
                0x0000000020014888                pPingCallBackFunc
 .bss.g_pCB     0x000000002001488c        0x4 /opt/cc3200/eclipse//../CC3200-Linux-SDK/lib/libsimplelink.a(driver.o)
                0x000000002001488c                g_pCB
 .bss.g_SpiFd   0x0000000020014890        0x4 /opt/cc3200/eclipse//../CC3200-Linux-SDK/lib/libsimplelink.a(cc_pal.o)
                0x0000000020014890                g_SpiFd
 .bss.g_ucDMAEnabled
                0x0000000020014894        0x1 /opt/cc3200/eclipse//../CC3200-Linux-SDK/lib/libsimplelink.a(cc_pal.o)
                0x0000000020014894                g_ucDMAEnabled
 *fill*         0x0000000020014895        0x3 
 .bss.__malloc_max_total_mem
                0x0000000020014898        0x4 /usr/bin/../lib/gcc/arm-none-eabi/4.9.3/../../../../arm-none-eabi/lib/armv7e-m/libg.a(lib_a-mallocr.o)
                0x0000000020014898                __malloc_max_total_mem
 .bss.__malloc_max_sbrked_mem
                0x000000002001489c        0x4 /usr/bin/../lib/gcc/arm-none-eabi/4.9.3/../../../../arm-none-eabi/lib/armv7e-m/libg.a(lib_a-mallocr.o)
                0x000000002001489c                __malloc_max_sbrked_mem
 .bss.__malloc_top_pad
                0x00000000200148a0        0x4 /usr/bin/../lib/gcc/arm-none-eabi/4.9.3/../../../../arm-none-eabi/lib/armv7e-m/libg.a(lib_a-mallocr.o)
                0x00000000200148a0                __malloc_top_pad
 .bss.__malloc_current_mallinfo
                0x00000000200148a4       0x28 /usr/bin/../lib/gcc/arm-none-eabi/4.9.3/../../../../arm-none-eabi/lib/armv7e-m/libg.a(lib_a-mallocr.o)
                0x00000000200148a4                __malloc_current_mallinfo
 *(COMMON)
 COMMON         0x00000000200148cc       0x50 ./FreeRTOS/Source/queue.o
                0x00000000200148cc                xQueueRegistry
 COMMON         0x000000002001491c        0x3 ./gpio_if.o
                0x000000002001491c                g_ucLED1Pin
                0x000000002001491d                g_ucLED2Pin
                0x000000002001491e                g_ucLED3Pin
 *fill*         0x000000002001491f        0x1 
 COMMON         0x0000000020014920       0x29 ./main.o
                0x0000000020014920                g_ucConnectionBSSID
                0x0000000020014928                g_ucConnectionSSID
 *fill*         0x0000000020014949        0x3 
 COMMON         0x000000002001494c      0xcad /opt/cc3200/eclipse//../CC3200-Linux-SDK/lib/libxmpp.a(xmpp.o)
                0x000000002001494c                MyJid
                0x00000000200149cc                g_SendBuf
                0x0000000020014bcc                g_XmppPassword
                0x0000000020014bed                g_MyBaseKey
                0x0000000020014c6d                RemoteJid
                0x0000000020014ced                g_XmppDomain
                0x0000000020014d10                g_XmppOpt
                0x0000000020014d34                g_XmppUserName
                0x0000000020014d55                g_RosterJid
                0x0000000020014dd6                g_SockID
                0x0000000020014dd8                g_RecvBuf
                0x00000000200155d8                g_XmppResource
 *fill*         0x00000000200155f9        0x3 
 COMMON         0x00000000200155fc      0x17c /opt/cc3200/eclipse//../CC3200-Linux-SDK/lib/libsimplelink.a(driver.o)
                0x00000000200155fc                RxIrqCnt
                0x0000000020015600                g_StatMem
 COMMON         0x0000000020015778       0x54 /opt/cc3200/eclipse//../CC3200-Linux-SDK/lib/libsimplelink.a(cc_pal.o)
                0x0000000020015778                g_cDummy
                0x000000002001577c                g_ucDinDout
 COMMON         0x00000000200157cc        0x4 /usr/bin/../lib/gcc/arm-none-eabi/4.9.3/../../../../arm-none-eabi/lib/armv7e-m/libg.a(lib_a-reent.o)
                0x00000000200157cc                errno
                0x00000000200157d0                _ebss = .

.heap           0x00000000200157d0    0x10000
                0x00000000200157d0                _heap = .
                0x00000000200257d0                . = (. + HEAP_SIZE)
 *fill*         0x00000000200157d0    0x10000 
                0x00000000200257d0                . = ALIGN (0x8)
                0x00000000200257d0                _eheap = .
OUTPUT(xmpp.elf elf32-littlearm)

.debug_info     0x0000000000000000    0x15c00
 .debug_info    0x0000000000000000      0x313 ./FreeRTOS/Source/portable/MemMang/heap_4.o
 .debug_info    0x0000000000000313      0x23f ./FreeRTOS/Source/portable/GCC/ARM_CM4/port.o
 .debug_info    0x0000000000000552      0x2a4 ./FreeRTOS/Source/list.o
 .debug_info    0x00000000000007f6      0xd8f ./FreeRTOS/Source/queue.o
 .debug_info    0x0000000000001585     0x178f ./FreeRTOS/Source/tasks.o
 .debug_info    0x0000000000002d14      0x9f8 ./FreeRTOS/Source/timers.o
 .debug_info    0x000000000000370c      0x3e9 ./gpio_if.o
 .debug_info    0x0000000000003af5     0x108e ./main.o
 .debug_info    0x0000000000004b83       0x49 ./pinmux.o
 .debug_info    0x0000000000004bcc      0x1eb ./startup_gcc.o
 .debug_info    0x0000000000004db7      0x2b7 ./uart_if.o
 .debug_info    0x000000000000506e     0x1424 /opt/cc3200/eclipse//../CC3200-Linux-SDK/lib/libxmpp.a(xmpp.o)
 .debug_info    0x0000000000006492      0x10d /opt/cc3200/eclipse//../CC3200-Linux-SDK/lib/libxmpp.a(base64.o)
 .debug_info    0x000000000000659f      0xefd /opt/cc3200/eclipse//../CC3200-Linux-SDK/lib/libosi.a(osi_freertos.o)
 .debug_info    0x000000000000749c      0xfb4 /opt/cc3200/eclipse//../CC3200-Linux-SDK/lib/libsimplelink.a(device.o)
 .debug_info    0x0000000000008450     0x2104 /opt/cc3200/eclipse//../CC3200-Linux-SDK/lib/libsimplelink.a(driver.o)
 .debug_info    0x000000000000a554     0x1f03 /opt/cc3200/eclipse//../CC3200-Linux-SDK/lib/libsimplelink.a(netapp.o)
 .debug_info    0x000000000000c457      0x48d /opt/cc3200/eclipse//../CC3200-Linux-SDK/lib/libsimplelink.a(netcfg.o)
 .debug_info    0x000000000000c8e4     0x1f29 /opt/cc3200/eclipse//../CC3200-Linux-SDK/lib/libsimplelink.a(socket.o)
 .debug_info    0x000000000000e80d     0x2045 /opt/cc3200/eclipse//../CC3200-Linux-SDK/lib/libsimplelink.a(wlan.o)
 .debug_info    0x0000000000010852     0x12d3 /opt/cc3200/eclipse//../CC3200-Linux-SDK/lib/libsimplelink.a(cc_pal.o)
 .debug_info    0x0000000000011b25      0x465 /opt/cc3200/eclipse//../CC3200-Linux-SDK/lib/libdriver.a(gpio.o)
 .debug_info    0x0000000000011f8a      0x3f0 /opt/cc3200/eclipse//../CC3200-Linux-SDK/lib/libdriver.a(interrupt.o)
 .debug_info    0x000000000001237a      0x5cc /opt/cc3200/eclipse//../CC3200-Linux-SDK/lib/libdriver.a(pin.o)
 .debug_info    0x0000000000012946     0x162c /opt/cc3200/eclipse//../CC3200-Linux-SDK/lib/libdriver.a(prcm.o)
 .debug_info    0x0000000000013f72      0xc23 /opt/cc3200/eclipse//../CC3200-Linux-SDK/lib/libdriver.a(spi.o)
 .debug_info    0x0000000000014b95      0x92d /opt/cc3200/eclipse//../CC3200-Linux-SDK/lib/libdriver.a(uart.o)
 .debug_info    0x00000000000154c2      0x5f8 /opt/cc3200/eclipse//../CC3200-Linux-SDK/lib/libdriver.a(udma.o)
 .debug_info    0x0000000000015aba       0x50 /opt/cc3200/eclipse//../CC3200-Linux-SDK/lib/libdriver.a(utils.o)
 .debug_info    0x0000000000015b0a       0xf6 /opt/cc3200/eclipse//../CC3200-Linux-SDK/lib/libdriver.a(cpu.o)

.debug_abbrev   0x0000000000000000     0x3a6d
 .debug_abbrev  0x0000000000000000      0x173 ./FreeRTOS/Source/portable/MemMang/heap_4.o
 .debug_abbrev  0x0000000000000173      0x163 ./FreeRTOS/Source/portable/GCC/ARM_CM4/port.o
 .debug_abbrev  0x00000000000002d6       0xbf ./FreeRTOS/Source/list.o
 .debug_abbrev  0x0000000000000395      0x190 ./FreeRTOS/Source/queue.o
 .debug_abbrev  0x0000000000000525      0x28a ./FreeRTOS/Source/tasks.o
 .debug_abbrev  0x00000000000007af      0x1c6 ./FreeRTOS/Source/timers.o
 .debug_abbrev  0x0000000000000975      0x136 ./gpio_if.o
 .debug_abbrev  0x0000000000000aab      0x311 ./main.o
 .debug_abbrev  0x0000000000000dbc       0x3a ./pinmux.o
 .debug_abbrev  0x0000000000000df6      0x124 ./startup_gcc.o
 .debug_abbrev  0x0000000000000f1a      0x14a ./uart_if.o
 .debug_abbrev  0x0000000000001064      0x2a2 /opt/cc3200/eclipse//../CC3200-Linux-SDK/lib/libxmpp.a(xmpp.o)
 .debug_abbrev  0x0000000000001306       0x9e /opt/cc3200/eclipse//../CC3200-Linux-SDK/lib/libxmpp.a(base64.o)
 .debug_abbrev  0x00000000000013a4      0x2fc /opt/cc3200/eclipse//../CC3200-Linux-SDK/lib/libosi.a(osi_freertos.o)
 .debug_abbrev  0x00000000000016a0      0x38b /opt/cc3200/eclipse//../CC3200-Linux-SDK/lib/libsimplelink.a(device.o)
 .debug_abbrev  0x0000000000001a2b      0x36b /opt/cc3200/eclipse//../CC3200-Linux-SDK/lib/libsimplelink.a(driver.o)
 .debug_abbrev  0x0000000000001d96      0x397 /opt/cc3200/eclipse//../CC3200-Linux-SDK/lib/libsimplelink.a(netapp.o)
 .debug_abbrev  0x000000000000212d      0x191 /opt/cc3200/eclipse//../CC3200-Linux-SDK/lib/libsimplelink.a(netcfg.o)
 .debug_abbrev  0x00000000000022be      0x377 /opt/cc3200/eclipse//../CC3200-Linux-SDK/lib/libsimplelink.a(socket.o)
 .debug_abbrev  0x0000000000002635      0x30c /opt/cc3200/eclipse//../CC3200-Linux-SDK/lib/libsimplelink.a(wlan.o)
 .debug_abbrev  0x0000000000002941      0x2ed /opt/cc3200/eclipse//../CC3200-Linux-SDK/lib/libsimplelink.a(cc_pal.o)
 .debug_abbrev  0x0000000000002c2e      0x18c /opt/cc3200/eclipse//../CC3200-Linux-SDK/lib/libdriver.a(gpio.o)
 .debug_abbrev  0x0000000000002dba      0x191 /opt/cc3200/eclipse//../CC3200-Linux-SDK/lib/libdriver.a(interrupt.o)
 .debug_abbrev  0x0000000000002f4b      0x139 /opt/cc3200/eclipse//../CC3200-Linux-SDK/lib/libdriver.a(pin.o)
 .debug_abbrev  0x0000000000003084      0x335 /opt/cc3200/eclipse//../CC3200-Linux-SDK/lib/libdriver.a(prcm.o)
 .debug_abbrev  0x00000000000033b9      0x20e /opt/cc3200/eclipse//../CC3200-Linux-SDK/lib/libdriver.a(spi.o)
 .debug_abbrev  0x00000000000035c7      0x1e1 /opt/cc3200/eclipse//../CC3200-Linux-SDK/lib/libdriver.a(uart.o)
 .debug_abbrev  0x00000000000037a8      0x1cd /opt/cc3200/eclipse//../CC3200-Linux-SDK/lib/libdriver.a(udma.o)
 .debug_abbrev  0x0000000000003975       0x48 /opt/cc3200/eclipse//../CC3200-Linux-SDK/lib/libdriver.a(utils.o)
 .debug_abbrev  0x00000000000039bd       0xb0 /opt/cc3200/eclipse//../CC3200-Linux-SDK/lib/libdriver.a(cpu.o)

.debug_aranges  0x0000000000000000     0x1328
 .debug_aranges
                0x0000000000000000       0x50 ./FreeRTOS/Source/portable/MemMang/heap_4.o
 .debug_aranges
                0x0000000000000050       0x88 ./FreeRTOS/Source/portable/GCC/ARM_CM4/port.o
 .debug_aranges
                0x00000000000000d8       0x40 ./FreeRTOS/Source/list.o
 .debug_aranges
                0x0000000000000118      0x120 ./FreeRTOS/Source/queue.o
 .debug_aranges
                0x0000000000000238      0x1e8 ./FreeRTOS/Source/tasks.o
 .debug_aranges
                0x0000000000000420       0xb0 ./FreeRTOS/Source/timers.o
 .debug_aranges
                0x00000000000004d0       0x68 ./gpio_if.o
 .debug_aranges
                0x0000000000000538       0x90 ./main.o
 .debug_aranges
                0x00000000000005c8       0x20 ./pinmux.o
 .debug_aranges
                0x00000000000005e8       0x48 ./startup_gcc.o
 .debug_aranges
                0x0000000000000630       0x50 ./uart_if.o
 .debug_aranges
                0x0000000000000680       0x80 /opt/cc3200/eclipse//../CC3200-Linux-SDK/lib/libxmpp.a(xmpp.o)
 .debug_aranges
                0x0000000000000700       0x20 /opt/cc3200/eclipse//../CC3200-Linux-SDK/lib/libxmpp.a(base64.o)
 .debug_aranges
                0x0000000000000720      0x128 /opt/cc3200/eclipse//../CC3200-Linux-SDK/lib/libosi.a(osi_freertos.o)
 .debug_aranges
                0x0000000000000848       0x68 /opt/cc3200/eclipse//../CC3200-Linux-SDK/lib/libsimplelink.a(device.o)
 .debug_aranges
                0x00000000000008b0       0xf8 /opt/cc3200/eclipse//../CC3200-Linux-SDK/lib/libsimplelink.a(driver.o)
 .debug_aranges
                0x00000000000009a8       0xa8 /opt/cc3200/eclipse//../CC3200-Linux-SDK/lib/libsimplelink.a(netapp.o)
 .debug_aranges
                0x0000000000000a50       0x28 /opt/cc3200/eclipse//../CC3200-Linux-SDK/lib/libsimplelink.a(netcfg.o)
 .debug_aranges
                0x0000000000000a78       0xe0 /opt/cc3200/eclipse//../CC3200-Linux-SDK/lib/libsimplelink.a(socket.o)
 .debug_aranges
                0x0000000000000b58       0xb0 /opt/cc3200/eclipse//../CC3200-Linux-SDK/lib/libsimplelink.a(wlan.o)
 .debug_aranges
                0x0000000000000c08       0x78 /opt/cc3200/eclipse//../CC3200-Linux-SDK/lib/libsimplelink.a(cc_pal.o)
 .debug_aranges
                0x0000000000000c80       0x90 /opt/cc3200/eclipse//../CC3200-Linux-SDK/lib/libdriver.a(gpio.o)
 .debug_aranges
                0x0000000000000d10       0x98 /opt/cc3200/eclipse//../CC3200-Linux-SDK/lib/libdriver.a(interrupt.o)
 .debug_aranges
                0x0000000000000da8       0x90 /opt/cc3200/eclipse//../CC3200-Linux-SDK/lib/libdriver.a(pin.o)
 .debug_aranges
                0x0000000000000e38      0x198 /opt/cc3200/eclipse//../CC3200-Linux-SDK/lib/libdriver.a(prcm.o)
 .debug_aranges
                0x0000000000000fd0       0xe0 /opt/cc3200/eclipse//../CC3200-Linux-SDK/lib/libdriver.a(spi.o)
 .debug_aranges
                0x00000000000010b0      0x138 /opt/cc3200/eclipse//../CC3200-Linux-SDK/lib/libdriver.a(uart.o)
 .debug_aranges
                0x00000000000011e8       0xd8 /opt/cc3200/eclipse//../CC3200-Linux-SDK/lib/libdriver.a(udma.o)
 .debug_aranges
                0x00000000000012c0       0x20 /opt/cc3200/eclipse//../CC3200-Linux-SDK/lib/libdriver.a(utils.o)
 .debug_aranges
                0x00000000000012e0       0x48 /opt/cc3200/eclipse//../CC3200-Linux-SDK/lib/libdriver.a(cpu.o)

.debug_ranges   0x0000000000000000     0x1898
 .debug_ranges  0x0000000000000000       0x40 ./FreeRTOS/Source/portable/MemMang/heap_4.o
 .debug_ranges  0x0000000000000040       0x78 ./FreeRTOS/Source/portable/GCC/ARM_CM4/port.o
 .debug_ranges  0x00000000000000b8       0x30 ./FreeRTOS/Source/list.o
 .debug_ranges  0x00000000000000e8      0x110 ./FreeRTOS/Source/queue.o
 .debug_ranges  0x00000000000001f8      0x1d8 ./FreeRTOS/Source/tasks.o
 .debug_ranges  0x00000000000003d0       0xa0 ./FreeRTOS/Source/timers.o
 .debug_ranges  0x0000000000000470       0x58 ./gpio_if.o
 .debug_ranges  0x00000000000004c8       0x80 ./main.o
 .debug_ranges  0x0000000000000548       0x10 ./pinmux.o
 .debug_ranges  0x0000000000000558       0x38 ./startup_gcc.o
 .debug_ranges  0x0000000000000590       0x40 ./uart_if.o
 .debug_ranges  0x00000000000005d0       0x70 /opt/cc3200/eclipse//../CC3200-Linux-SDK/lib/libxmpp.a(xmpp.o)
 .debug_ranges  0x0000000000000640       0x10 /opt/cc3200/eclipse//../CC3200-Linux-SDK/lib/libxmpp.a(base64.o)
 .debug_ranges  0x0000000000000650      0x118 /opt/cc3200/eclipse//../CC3200-Linux-SDK/lib/libosi.a(osi_freertos.o)
 .debug_ranges  0x0000000000000768       0xe0 /opt/cc3200/eclipse//../CC3200-Linux-SDK/lib/libsimplelink.a(device.o)
 .debug_ranges  0x0000000000000848      0x1b0 /opt/cc3200/eclipse//../CC3200-Linux-SDK/lib/libsimplelink.a(driver.o)
 .debug_ranges  0x00000000000009f8      0x160 /opt/cc3200/eclipse//../CC3200-Linux-SDK/lib/libsimplelink.a(netapp.o)
 .debug_ranges  0x0000000000000b58       0x38 /opt/cc3200/eclipse//../CC3200-Linux-SDK/lib/libsimplelink.a(netcfg.o)
 .debug_ranges  0x0000000000000b90      0x140 /opt/cc3200/eclipse//../CC3200-Linux-SDK/lib/libsimplelink.a(socket.o)
 .debug_ranges  0x0000000000000cd0      0x1b0 /opt/cc3200/eclipse//../CC3200-Linux-SDK/lib/libsimplelink.a(wlan.o)
 .debug_ranges  0x0000000000000e80       0xb0 /opt/cc3200/eclipse//../CC3200-Linux-SDK/lib/libsimplelink.a(cc_pal.o)
 .debug_ranges  0x0000000000000f30       0x80 /opt/cc3200/eclipse//../CC3200-Linux-SDK/lib/libdriver.a(gpio.o)