Archive member included because of file (symbol)

/opt/cc3200/eclipse//../CC3200-Linux-SDK/lib/libsimplelink_nonos.a(device.o)
                              ./main.o (sl_Start)
/opt/cc3200/eclipse//../CC3200-Linux-SDK/lib/libsimplelink_nonos.a(driver.o)
                              /opt/cc3200/eclipse//../CC3200-Linux-SDK/lib/libsimplelink_nonos.a(device.o) (_SlDrvDriverCBDeinit)
/opt/cc3200/eclipse//../CC3200-Linux-SDK/lib/libsimplelink_nonos.a(netapp.o)
                              ./main.o (sl_NetAppMDNSUnRegisterService)
/opt/cc3200/eclipse//../CC3200-Linux-SDK/lib/libsimplelink_nonos.a(netcfg.o)
                              ./main.o (sl_NetCfgSet)
/opt/cc3200/eclipse//../CC3200-Linux-SDK/lib/libsimplelink_nonos.a(nonos.o)
                              /opt/cc3200/eclipse//../CC3200-Linux-SDK/lib/libsimplelink_nonos.a(driver.o) (_SlNonOsSemSet)
/opt/cc3200/eclipse//../CC3200-Linux-SDK/lib/libsimplelink_nonos.a(socket.o)
                              ./main.o (sl_Socket)
/opt/cc3200/eclipse//../CC3200-Linux-SDK/lib/libsimplelink_nonos.a(wlan.o)
                              ./main.o (sl_WlanConnect)
/opt/cc3200/eclipse//../CC3200-Linux-SDK/lib/libsimplelink_nonos.a(cc_pal.o)
                              /opt/cc3200/eclipse//../CC3200-Linux-SDK/lib/libsimplelink_nonos.a(device.o) (spi_Open)
/opt/cc3200/eclipse//../CC3200-Linux-SDK/lib/libdriver.a(interrupt.o)
                              ./main.o (IntMasterEnable)
/opt/cc3200/eclipse//../CC3200-Linux-SDK/lib/libdriver.a(pin.o)
                              ./pinmux.o (PinTypeUART)
/opt/cc3200/eclipse//../CC3200-Linux-SDK/lib/libdriver.a(prcm.o)
                              ./pinmux.o (PRCMPeripheralClkEnable)
/opt/cc3200/eclipse//../CC3200-Linux-SDK/lib/libdriver.a(spi.o)
                              /opt/cc3200/eclipse//../CC3200-Linux-SDK/lib/libsimplelink_nonos.a(cc_pal.o) (SPIEnable)
/opt/cc3200/eclipse//../CC3200-Linux-SDK/lib/libdriver.a(uart.o)
                              ./uart_if.o (UARTConfigSetExpClk)
/opt/cc3200/eclipse//../CC3200-Linux-SDK/lib/libdriver.a(udma.o)
                              ./udma_if.o (uDMAEnable)
/opt/cc3200/eclipse//../CC3200-Linux-SDK/lib/libdriver.a(utils.o)
                              /opt/cc3200/eclipse//../CC3200-Linux-SDK/lib/libsimplelink_nonos.a(cc_pal.o) (UtilsDelay)
/opt/cc3200/eclipse//../CC3200-Linux-SDK/lib/libdriver.a(cpu.o)
                              /opt/cc3200/eclipse//../CC3200-Linux-SDK/lib/libdriver.a(interrupt.o) (CPUcpsid)
/opt/cc3200/eclipse//../CC3200-Linux-SDK/lib/libdriver.a(flash.o)
                              /opt/cc3200/eclipse//../CC3200-Linux-SDK/lib/libdriver.a(prcm.o) (FlashDisable)
/usr/bin/../lib/gcc/arm-none-eabi/4.9.3/armv7e-m/libgcc.a(_aeabi_uldivmod.o)
                              /opt/cc3200/eclipse//../CC3200-Linux-SDK/lib/libdriver.a(prcm.o) (__aeabi_uldivmod)
/usr/bin/../lib/gcc/arm-none-eabi/4.9.3/armv7e-m/libgcc.a(bpabi.o)
                              /usr/bin/../lib/gcc/arm-none-eabi/4.9.3/armv7e-m/libgcc.a(_aeabi_uldivmod.o) (__gnu_uldivmod_helper)
/usr/bin/../lib/gcc/arm-none-eabi/4.9.3/armv7e-m/libgcc.a(_dvmd_tls.o)
                              /usr/bin/../lib/gcc/arm-none-eabi/4.9.3/armv7e-m/libgcc.a(_aeabi_uldivmod.o) (__aeabi_ldiv0)
/usr/bin/../lib/gcc/arm-none-eabi/4.9.3/armv7e-m/libgcc.a(_divdi3.o)
                              /usr/bin/../lib/gcc/arm-none-eabi/4.9.3/armv7e-m/libgcc.a(bpabi.o) (__divdi3)
/usr/bin/../lib/gcc/arm-none-eabi/4.9.3/armv7e-m/libgcc.a(_udivdi3.o)
                              /usr/bin/../lib/gcc/arm-none-eabi/4.9.3/armv7e-m/libgcc.a(bpabi.o) (__udivdi3)
/usr/bin/../lib/gcc/arm-none-eabi/4.9.3/../../../../arm-none-eabi/lib/armv7e-m/libg.a(lib_a-exit.o)
                              /usr/bin/../lib/gcc/arm-none-eabi/4.9.3/../../../../arm-none-eabi/lib/armv7e-m/crt0.o (exit)
/usr/bin/../lib/gcc/arm-none-eabi/4.9.3/../../../../arm-none-eabi/lib/armv7e-m/libg.a(lib_a-impure.o)
                              /usr/bin/../lib/gcc/arm-none-eabi/4.9.3/../../../../arm-none-eabi/lib/armv7e-m/libg.a(lib_a-exit.o) (_global_impure_ptr)
/usr/bin/../lib/gcc/arm-none-eabi/4.9.3/../../../../arm-none-eabi/lib/armv7e-m/libg.a(lib_a-init.o)
                              /usr/bin/../lib/gcc/arm-none-eabi/4.9.3/../../../../arm-none-eabi/lib/armv7e-m/crt0.o (__libc_init_array)
/usr/bin/../lib/gcc/arm-none-eabi/4.9.3/../../../../arm-none-eabi/lib/armv7e-m/libg.a(lib_a-malloc.o)
                              ./uart_if.o (malloc)
/usr/bin/../lib/gcc/arm-none-eabi/4.9.3/../../../../arm-none-eabi/lib/armv7e-m/libg.a(lib_a-mallocr.o)
                              /usr/bin/../lib/gcc/arm-none-eabi/4.9.3/../../../../arm-none-eabi/lib/armv7e-m/libg.a(lib_a-malloc.o) (_malloc_r)
/usr/bin/../lib/gcc/arm-none-eabi/4.9.3/../../../../arm-none-eabi/lib/armv7e-m/libg.a(lib_a-memcpy.o)
                              ./main.o (memcpy)
/usr/bin/../lib/gcc/arm-none-eabi/4.9.3/../../../../arm-none-eabi/lib/armv7e-m/libg.a(lib_a-memmove.o)
[...]
Memory Configuration

Name             Origin             Length             Attributes
SRAM             0x0000000020004000 0x000000000003c000 xrw
*default*        0x0000000000000000 0xffffffffffffffff

Linker script and memory map

LOAD /usr/bin/../lib/gcc/arm-none-eabi/4.9.3/armv7e-m/crti.o
LOAD /usr/bin/../lib/gcc/arm-none-eabi/4.9.3/armv7e-m/crtbegin.o
LOAD /usr/bin/../lib/gcc/arm-none-eabi/4.9.3/../../../../arm-none-eabi/lib/armv7e-m/crt0.o
LOAD ./main.o
LOAD ./pinmux.o
LOAD ./startup_gcc.o
LOAD ./uart_if.o
LOAD ./udma_if.o
LOAD /opt/cc3200/eclipse//../CC3200-Linux-SDK/lib/libsimplelink_nonos.a
LOAD /opt/cc3200/eclipse//../CC3200-Linux-SDK/lib/libdriver.a
START GROUP
LOAD /usr/bin/../lib/gcc/arm-none-eabi/4.9.3/armv7e-m/libgcc.a
LOAD /usr/bin/../lib/gcc/arm-none-eabi/4.9.3/../../../../arm-none-eabi/lib/armv7e-m/libg.a
LOAD /usr/bin/../lib/gcc/arm-none-eabi/4.9.3/../../../../arm-none-eabi/lib/armv7e-m/libc.a
END GROUP
LOAD /usr/bin/../lib/gcc/arm-none-eabi/4.9.3/armv7e-m/crtend.o
LOAD /usr/bin/../lib/gcc/arm-none-eabi/4.9.3/armv7e-m/crtn.o
                0x0000000000010000                HEAP_SIZE = 0x10000

.text           0x0000000020004000     0x98f8
                0x0000000020004000                _text = .
 *(.intvecs)
 .intvecs       0x0000000020004000      0x400 ./startup_gcc.o
                0x0000000020004000                g_pfnVectors
 *(.text*)
 .text.SimpleLinkWlanEventHandler
                0x0000000020004400      0x164 ./main.o
                0x0000000020004400                SimpleLinkWlanEventHandler
 .text.SimpleLinkNetAppEventHandler
                0x0000000020004564       0xb8 ./main.o
                0x0000000020004564                SimpleLinkNetAppEventHandler
 .text.SimpleLinkHttpServerCallback
                0x000000002000461c       0x14 ./main.o
                0x000000002000461c                SimpleLinkHttpServerCallback
 .text.SimpleLinkSockEventHandler
                0x0000000020004630       0x14 ./main.o
                0x0000000020004630                SimpleLinkSockEventHandler
 .text.InitializeAppVariables
                0x0000000020004644       0x5c ./main.o
 .text.ConfigureSimpleLinkToDefaultState
                0x00000000200046a0      0x388 ./main.o
 .text.IpAddressParser
                0x0000000020004a28       0x8c ./main.o
                0x0000000020004a28                IpAddressParser
 .text.UserInput
                0x0000000020004ab4      0x348 ./main.o
                0x0000000020004ab4                UserInput
 .text.BsdUdpClient
                0x0000000020004dfc      0x138 ./main.o
                0x0000000020004dfc                BsdUdpClient
 .text.BsdUdpServer
                0x0000000020004f34      0x16c ./main.o
                0x0000000020004f34                BsdUdpServer
 .text.WlanConnect
                0x00000000200050a0       0x94 ./main.o
 .text.DisplayBanner
                0x0000000020005134       0x3c ./main.o
 .text.BoardInit
                0x0000000020005170       0x20 ./main.o
 .text.main     0x0000000020005190      0x128 ./main.o
                0x0000000020005190                main
 .text.PinMuxConfig
                0x00000000200052b8       0x20 ./pinmux.o
                0x00000000200052b8                PinMuxConfig
 .text.ResetISR
                0x00000000200052d8       0x58 ./startup_gcc.o
                0x00000000200052d8                ResetISR
 .text.NmiSR    0x0000000020005330        0x8 ./startup_gcc.o
 .text.FaultISR
                0x0000000020005338        0x8 ./startup_gcc.o
 .text.BusFaultHandler
                0x0000000020005340        0x8 ./startup_gcc.o
 .text.IntDefaultHandler
                0x0000000020005348        0x8 ./startup_gcc.o
 .text._sbrk    0x0000000020005350       0x54 ./startup_gcc.o
                0x0000000020005350                _sbrk
 .text.InitTerm
                0x00000000200053a4       0x2c ./uart_if.o
                0x00000000200053a4                InitTerm
 .text.Message  0x00000000200053d0       0x34 ./uart_if.o
                0x00000000200053d0                Message
 .text.GetCmd   0x0000000020005404       0xc0 ./uart_if.o
                0x0000000020005404                GetCmd
 .text.Report   0x00000000200054c4       0x9c ./uart_if.o
                0x00000000200054c4                Report
 .text.DmaSwIntHandler
                0x0000000020005560       0x24 ./udma_if.o
                0x0000000020005560                DmaSwIntHandler
 .text.DmaErrorIntHandler
                0x0000000020005584       0x14 ./udma_if.o
                0x0000000020005584                DmaErrorIntHandler
 .text.UDMAInit
                0x0000000020005598       0x7c ./udma_if.o
                0x0000000020005598                UDMAInit
 .text.sl_Start
                0x0000000020005614       0xa4 /opt/cc3200/eclipse//../CC3200-Linux-SDK/lib/libsimplelink_nonos.a(device.o)
                0x0000000020005614                sl_Start
 .text._sl_HandleAsync_InitComplete
                0x00000000200056b8       0x60 /opt/cc3200/eclipse//../CC3200-Linux-SDK/lib/libsimplelink_nonos.a(device.o)
                0x00000000200056b8                _sl_HandleAsync_InitComplete
 .text._sl_HandleAsync_Stop
                0x0000000020005718       0x38 /opt/cc3200/eclipse//../CC3200-Linux-SDK/lib/libsimplelink_nonos.a(device.o)
                0x0000000020005718                _sl_HandleAsync_Stop
 .text.sl_Stop  0x0000000020005750       0x98 /opt/cc3200/eclipse//../CC3200-Linux-SDK/lib/libsimplelink_nonos.a(device.o)
                0x0000000020005750                sl_Stop
 .text.sl_DevGet
                0x00000000200057e8       0x70 /opt/cc3200/eclipse//../CC3200-Linux-SDK/lib/libsimplelink_nonos.a(device.o)
                0x00000000200057e8                sl_DevGet
 .text._SlDrvDeviceEventHandler
                0x0000000020005858       0x14 /opt/cc3200/eclipse//../CC3200-Linux-SDK/lib/libsimplelink_nonos.a(device.o)
                0x0000000020005858                _SlDrvDeviceEventHandler
 .text._SlDrvDriverCBDeinit
                0x000000002000586c       0x84 /opt/cc3200/eclipse//../CC3200-Linux-SDK/lib/libsimplelink_nonos.a(driver.o)
                0x000000002000586c                _SlDrvDriverCBDeinit
 .text._SlDrvRxIrqHandler
                0x00000000200058f0       0x44 /opt/cc3200/eclipse//../CC3200-Linux-SDK/lib/libsimplelink_nonos.a(driver.o)
                0x00000000200058f0                _SlDrvRxIrqHandler
 .text._SlDrvMsgWrite
                0x0000000020005934      0x110 /opt/cc3200/eclipse//../CC3200-Linux-SDK/lib/libsimplelink_nonos.a(driver.o)
                0x0000000020005934                _SlDrvMsgWrite
 .text._SlAsyncEventGenericHandler
                0x0000000020005a44       0x44 /opt/cc3200/eclipse//../CC3200-Linux-SDK/lib/libsimplelink_nonos.a(driver.o)
                0x0000000020005a44                _SlAsyncEventGenericHandler
 .text._SlDrvClassifyRxMsg
                0x0000000020005a88       0x7c /opt/cc3200/eclipse//../CC3200-Linux-SDK/lib/libsimplelink_nonos.a(driver.o)
                0x0000000020005a88                _SlDrvClassifyRxMsg
 .text._SlDrvRxHdrRead
                0x0000000020005b04      0x150 /opt/cc3200/eclipse//../CC3200-Linux-SDK/lib/libsimplelink_nonos.a(driver.o)
                0x0000000020005b04                _SlDrvRxHdrRead
 .text._SlDrvCmdSend
                0x0000000020005c54       0x74 /opt/cc3200/eclipse//../CC3200-Linux-SDK/lib/libsimplelink_nonos.a(driver.o)
                0x0000000020005c54                _SlDrvCmdSend
 .text._SlRemoveFromList
                0x0000000020005cc8       0x44 /opt/cc3200/eclipse//../CC3200-Linux-SDK/lib/libsimplelink_nonos.a(driver.o)
                0x0000000020005cc8                _SlRemoveFromList
 .text._SlFindAndSetActiveObj
                0x0000000020005d0c       0x8c /opt/cc3200/eclipse//../CC3200-Linux-SDK/lib/libsimplelink_nonos.a(driver.o)
                0x0000000020005d0c                _SlFindAndSetActiveObj
 .text._SlDrvSyncObjWaitForever
                0x0000000020005d98       0x12 /opt/cc3200/eclipse//../CC3200-Linux-SDK/lib/libsimplelink_nonos.a(driver.o)
                0x0000000020005d98                _SlDrvSyncObjWaitForever
 .text._SlDrvSyncObjSignal
                0x0000000020005daa        0xe /opt/cc3200/eclipse//../CC3200-Linux-SDK/lib/libsimplelink_nonos.a(driver.o)
                0x0000000020005daa                _SlDrvSyncObjSignal
 .text._SlDrvObjLockWaitForever
                0x0000000020005db8       0x12 /opt/cc3200/eclipse//../CC3200-Linux-SDK/lib/libsimplelink_nonos.a(driver.o)
                0x0000000020005db8                _SlDrvObjLockWaitForever
 *fill*         0x0000000020005dca        0x2 
 .text._SlDrvProtectionObjLockWaitForever
                0x0000000020005dcc       0x1c /opt/cc3200/eclipse//../CC3200-Linux-SDK/lib/libsimplelink_nonos.a(driver.o)
                0x0000000020005dcc                _SlDrvProtectionObjLockWaitForever
 .text._SlDrvObjUnLock
                0x0000000020005de8        0xe /opt/cc3200/eclipse//../CC3200-Linux-SDK/lib/libsimplelink_nonos.a(driver.o)
                0x0000000020005de8                _SlDrvObjUnLock
 *fill*         0x0000000020005df6        0x2 
 .text._SlDrvDataWriteOp
                0x0000000020005df8       0xc0 /opt/cc3200/eclipse//../CC3200-Linux-SDK/lib/libsimplelink_nonos.a(driver.o)
                0x0000000020005df8                _SlDrvDataWriteOp
 .text._SlDrvProtectionObjUnLock
                0x0000000020005eb8       0x18 /opt/cc3200/eclipse//../CC3200-Linux-SDK/lib/libsimplelink_nonos.a(driver.o)
                0x0000000020005eb8                _SlDrvProtectionObjUnLock
 .text._SlDrvWaitForPoolObj
                0x0000000020005ed0       0xc4 /opt/cc3200/eclipse//../CC3200-Linux-SDK/lib/libsimplelink_nonos.a(driver.o)
                0x0000000020005ed0                _SlDrvWaitForPoolObj
 .text._SlDrvProtectAsyncRespSetting
                0x0000000020005f94       0x30 /opt/cc3200/eclipse//../CC3200-Linux-SDK/lib/libsimplelink_nonos.a(driver.o)
                0x0000000020005f94                _SlDrvProtectAsyncRespSetting
 .text._SlDrvReleasePoolObj
                0x0000000020005fc4       0xc8 /opt/cc3200/eclipse//../CC3200-Linux-SDK/lib/libsimplelink_nonos.a(driver.o)
                0x0000000020005fc4                _SlDrvReleasePoolObj
 .text._SlDrvDataReadOp
                0x000000002000608c       0xd8 /opt/cc3200/eclipse//../CC3200-Linux-SDK/lib/libsimplelink_nonos.a(driver.o)
                0x000000002000608c                _SlDrvDataReadOp
 .text._SlDrvMemZero
                0x0000000020006164        0x8 /opt/cc3200/eclipse//../CC3200-Linux-SDK/lib/libsimplelink_nonos.a(driver.o)
                0x0000000020006164                _SlDrvMemZero
 .text._SlDrvDriverCBInit
                0x000000002000616c       0xd8 /opt/cc3200/eclipse//../CC3200-Linux-SDK/lib/libsimplelink_nonos.a(driver.o)
                0x000000002000616c                _SlDrvDriverCBInit
 .text._SlDrvMsgRead
                0x0000000020006244      0x378 /opt/cc3200/eclipse//../CC3200-Linux-SDK/lib/libsimplelink_nonos.a(driver.o)
                0x0000000020006244                _SlDrvMsgRead
 .text._SlDrvMsgReadCmdCtx
                0x00000000200065bc       0x90 /opt/cc3200/eclipse//../CC3200-Linux-SDK/lib/libsimplelink_nonos.a(driver.o)
                0x00000000200065bc                _SlDrvMsgReadCmdCtx
 .text._SlDrvCmdOp
                0x000000002000664c       0x68 /opt/cc3200/eclipse//../CC3200-Linux-SDK/lib/libsimplelink_nonos.a(driver.o)
                0x000000002000664c                _SlDrvCmdOp
 .text._SlDrvBasicCmd
                0x00000000200066b4       0x2c /opt/cc3200/eclipse//../CC3200-Linux-SDK/lib/libsimplelink_nonos.a(driver.o)
                0x00000000200066b4                _SlDrvBasicCmd
 .text._SlDrvMsgReadSpawnCtx
                0x00000000200066e0       0x6c /opt/cc3200/eclipse//../CC3200-Linux-SDK/lib/libsimplelink_nonos.a(driver.o)
                0x00000000200066e0                _SlDrvMsgReadSpawnCtx
 .text._SlDrvResetCmdExt
                0x000000002000674c        0x6 /opt/cc3200/eclipse//../CC3200-Linux-SDK/lib/libsimplelink_nonos.a(driver.o)
                0x000000002000674c                _SlDrvResetCmdExt
 *fill*         0x0000000020006752        0x2 
 .text.sl_NetAppMDNSRegisterUnregisterService
                0x0000000020006754       0x7c /opt/cc3200/eclipse//../CC3200-Linux-SDK/lib/libsimplelink_nonos.a(netapp.o)
                0x0000000020006754                sl_NetAppMDNSRegisterUnregisterService
 .text.sl_NetAppMDNSUnRegisterService
                0x00000000200067d0       0x16 /opt/cc3200/eclipse//../CC3200-Linux-SDK/lib/libsimplelink_nonos.a(netapp.o)
                0x00000000200067d0                sl_NetAppMDNSUnRegisterService
 *fill*         0x00000000200067e6        0x2 
 .text._sl_HandleAsync_DnsGetHostByService
                0x00000000200067e8       0x5c /opt/cc3200/eclipse//../CC3200-Linux-SDK/lib/libsimplelink_nonos.a(netapp.o)
                0x00000000200067e8                _sl_HandleAsync_DnsGetHostByService
 .text._sl_HandleAsync_DnsGetHostByName
                0x0000000020006844       0x60 /opt/cc3200/eclipse//../CC3200-Linux-SDK/lib/libsimplelink_nonos.a(netapp.o)
                0x0000000020006844                _sl_HandleAsync_DnsGetHostByName
 .text.CopyPingResultsToReport
                0x00000000200068a4       0x1a /opt/cc3200/eclipse//../CC3200-Linux-SDK/lib/libsimplelink_nonos.a(netapp.o)
                0x00000000200068a4                CopyPingResultsToReport
 *fill*         0x00000000200068be        0x2 
 .text._sl_HandleAsync_PingResponse
                0x00000000200068c0       0x6c /opt/cc3200/eclipse//../CC3200-Linux-SDK/lib/libsimplelink_nonos.a(netapp.o)
                0x00000000200068c0                _sl_HandleAsync_PingResponse
 .text._sl_NetAppSendTokenValue
                0x000000002000692c       0x50 /opt/cc3200/eclipse//../CC3200-Linux-SDK/lib/libsimplelink_nonos.a(netapp.o)
                0x000000002000692c                _sl_NetAppSendTokenValue
 .text._SlDrvNetAppEventHandler
                0x000000002000697c       0xd6 /opt/cc3200/eclipse//../CC3200-Linux-SDK/lib/libsimplelink_nonos.a(netapp.o)
                0x000000002000697c                _SlDrvNetAppEventHandler
 *fill*         0x0000000020006a52        0x2 
 .text.sl_NetCfgSet
                0x0000000020006a54       0x48 /opt/cc3200/eclipse//../CC3200-Linux-SDK/lib/libsimplelink_nonos.a(netcfg.o)
                0x0000000020006a54                sl_NetCfgSet
 .text._SlNonOsSemSet
                0x0000000020006a9c        0x6 /opt/cc3200/eclipse//../CC3200-Linux-SDK/lib/libsimplelink_nonos.a(nonos.o)
                0x0000000020006a9c                _SlNonOsSemSet
 *fill*         0x0000000020006aa2        0x2 
 .text._SlNonOsSpawn
                0x0000000020006aa4       0x28 /opt/cc3200/eclipse//../CC3200-Linux-SDK/lib/libsimplelink_nonos.a(nonos.o)
                0x0000000020006aa4                _SlNonOsSpawn
 .text._SlNonOsMainLoopTask
                0x0000000020006acc       0x40 /opt/cc3200/eclipse//../CC3200-Linux-SDK/lib/libsimplelink_nonos.a(nonos.o)
                0x0000000020006acc                _SlNonOsMainLoopTask
 .text._SlNonOsSemGet
                0x0000000020006b0c       0x2e /opt/cc3200/eclipse//../CC3200-Linux-SDK/lib/libsimplelink_nonos.a(nonos.o)
                0x0000000020006b0c                _SlNonOsSemGet
 .text._sl_BuildAddress
                0x0000000020006b3a       0x28 /opt/cc3200/eclipse//../CC3200-Linux-SDK/lib/libsimplelink_nonos.a(socket.o)
                0x0000000020006b3a                _sl_BuildAddress
 *fill*         0x0000000020006b62        0x2 
 .text._sl_TruncatePayloadByProtocol
                0x0000000020006b64       0x1c /opt/cc3200/eclipse//../CC3200-Linux-SDK/lib/libsimplelink_nonos.a(socket.o)
                0x0000000020006b64                _sl_TruncatePayloadByProtocol
 .text.sl_Socket
                0x0000000020006b80       0x34 /opt/cc3200/eclipse//../CC3200-Linux-SDK/lib/libsimplelink_nonos.a(socket.o)
                0x0000000020006b80                sl_Socket
 .text.sl_Close
                0x0000000020006bb4       0x24 /opt/cc3200/eclipse//../CC3200-Linux-SDK/lib/libsimplelink_nonos.a(socket.o)
                0x0000000020006bb4                sl_Close
 .text.sl_Bind  0x0000000020006bd8       0x56 /opt/cc3200/eclipse//../CC3200-Linux-SDK/lib/libsimplelink_nonos.a(socket.o)
                0x0000000020006bd8                sl_Bind
 .text.sl_SendTo
                0x0000000020006c2e       0xb6 /opt/cc3200/eclipse//../CC3200-Linux-SDK/lib/libsimplelink_nonos.a(socket.o)
                0x0000000020006c2e                sl_SendTo
 .text.sl_RecvFrom
                0x0000000020006ce4       0xa8 /opt/cc3200/eclipse//../CC3200-Linux-SDK/lib/libsimplelink_nonos.a(socket.o)
                0x0000000020006ce4                sl_RecvFrom
 .text._sl_HandleAsync_Connect
                0x0000000020006d8c       0x50 /opt/cc3200/eclipse//../CC3200-Linux-SDK/lib/libsimplelink_nonos.a(socket.o)
                0x0000000020006d8c                _sl_HandleAsync_Connect
 .text.sl_Htonl
                0x0000000020006ddc       0x22 /opt/cc3200/eclipse//../CC3200-Linux-SDK/lib/libsimplelink_nonos.a(socket.o)
                0x0000000020006ddc                sl_Htonl
 .text.sl_Htons
                0x0000000020006dfe       0x14 /opt/cc3200/eclipse//../CC3200-Linux-SDK/lib/libsimplelink_nonos.a(socket.o)
                0x0000000020006dfe                sl_Htons
 *fill*         0x0000000020006e12        0x2 
 .text._sl_HandleAsync_Accept
                0x0000000020006e14       0x50 /opt/cc3200/eclipse//../CC3200-Linux-SDK/lib/libsimplelink_nonos.a(socket.o)
                0x0000000020006e14                _sl_HandleAsync_Accept
 .text._sl_HandleAsync_Select
                0x0000000020006e64       0x40 /opt/cc3200/eclipse//../CC3200-Linux-SDK/lib/libsimplelink_nonos.a(socket.o)
                0x0000000020006e64                _sl_HandleAsync_Select
 .text.sl_WlanConnect
                0x0000000020006ea4      0x172 /opt/cc3200/eclipse//../CC3200-Linux-SDK/lib/libsimplelink_nonos.a(wlan.o)
                0x0000000020006ea4                sl_WlanConnect
 .text.sl_WlanDisconnect
                0x0000000020007016        0x8 /opt/cc3200/eclipse//../CC3200-Linux-SDK/lib/libsimplelink_nonos.a(wlan.o)
                0x0000000020007016                sl_WlanDisconnect
 *fill*         0x000000002000701e        0x2 
 .text.sl_WlanPolicySet
                0x0000000020007020       0x40 /opt/cc3200/eclipse//../CC3200-Linux-SDK/lib/libsimplelink_nonos.a(wlan.o)
                0x0000000020007020                sl_WlanPolicySet
 .text.sl_WlanProfileDel
                0x0000000020007060       0x24 /opt/cc3200/eclipse//../CC3200-Linux-SDK/lib/libsimplelink_nonos.a(wlan.o)
                0x0000000020007060                sl_WlanProfileDel
 .text.sl_WlanRxFilterSet
                0x0000000020007084       0x38 /opt/cc3200/eclipse//../CC3200-Linux-SDK/lib/libsimplelink_nonos.a(wlan.o)
                0x0000000020007084                sl_WlanRxFilterSet
 .text.sl_WlanSetMode
                0x00000000200070bc       0x24 /opt/cc3200/eclipse//../CC3200-Linux-SDK/lib/libsimplelink_nonos.a(wlan.o)
                0x00000000200070bc                sl_WlanSetMode
 .text.sl_WlanSet
                0x00000000200070e0       0x44 /opt/cc3200/eclipse//../CC3200-Linux-SDK/lib/libsimplelink_nonos.a(wlan.o)
                0x00000000200070e0                sl_WlanSet
 .text.DmaSpiSwIntHandler
                0x0000000020007124       0x24 /opt/cc3200/eclipse//../CC3200-Linux-SDK/lib/libsimplelink_nonos.a(cc_pal.o)
                0x0000000020007124                DmaSpiSwIntHandler
 .text.SetupDMAReceive
                0x0000000020007148       0x74 /opt/cc3200/eclipse//../CC3200-Linux-SDK/lib/libsimplelink_nonos.a(cc_pal.o)
 .text.spi_Open
                0x00000000200071bc      0x128 /opt/cc3200/eclipse//../CC3200-Linux-SDK/lib/libsimplelink_nonos.a(cc_pal.o)
                0x00000000200071bc                spi_Open
 .text.spi_Close
                0x00000000200072e4       0x70 /opt/cc3200/eclipse//../CC3200-Linux-SDK/lib/libsimplelink_nonos.a(cc_pal.o)
                0x00000000200072e4                spi_Close
 .text.spi_Read
                0x0000000020007354       0xd8 /opt/cc3200/eclipse//../CC3200-Linux-SDK/lib/libsimplelink_nonos.a(cc_pal.o)
                0x0000000020007354                spi_Read
 .text.spi_Write
                0x000000002000742c       0xf4 /opt/cc3200/eclipse//../CC3200-Linux-SDK/lib/libsimplelink_nonos.a(cc_pal.o)
                0x000000002000742c                spi_Write
 .text.NwpRegisterInterruptHandler
                0x0000000020007520       0x36 /opt/cc3200/eclipse//../CC3200-Linux-SDK/lib/libsimplelink_nonos.a(cc_pal.o)
                0x0000000020007520                NwpRegisterInterruptHandler
 *fill*         0x0000000020007556        0x2 
 .text.NwpMaskInterrupt
                0x0000000020007558        0xc /opt/cc3200/eclipse//../CC3200-Linux-SDK/lib/libsimplelink_nonos.a(cc_pal.o)
                0x0000000020007558                NwpMaskInterrupt
 .text.NwpUnMaskInterrupt
                0x0000000020007564        0xc /opt/cc3200/eclipse//../CC3200-Linux-SDK/lib/libsimplelink_nonos.a(cc_pal.o)
                0x0000000020007564                NwpUnMaskInterrupt
 .text.NwpPowerOn
                0x0000000020007570       0x30 /opt/cc3200/eclipse//../CC3200-Linux-SDK/lib/libsimplelink_nonos.a(cc_pal.o)
                0x0000000020007570                NwpPowerOn
 .text.NwpPowerOff
                0x00000000200075a0       0x3c /opt/cc3200/eclipse//../CC3200-Linux-SDK/lib/libsimplelink_nonos.a(cc_pal.o)
                0x00000000200075a0                NwpPowerOff
 .text.NwpPowerOnPreamble
                0x00000000200075dc       0x60 /opt/cc3200/eclipse//../CC3200-Linux-SDK/lib/libsimplelink_nonos.a(cc_pal.o)
                0x00000000200075dc                NwpPowerOnPreamble
 .text.IntDefaultHandler
                0x000000002000763c        0x2 /opt/cc3200/eclipse//../CC3200-Linux-SDK/lib/libdriver.a(interrupt.o)
 .text.IntMasterEnable
                0x000000002000763e        0xa /opt/cc3200/eclipse//../CC3200-Linux-SDK/lib/libdriver.a(interrupt.o)
                0x000000002000763e                IntMasterEnable
 .text.IntVTableBaseSet
                0x0000000020007648        0xc /opt/cc3200/eclipse//../CC3200-Linux-SDK/lib/libdriver.a(interrupt.o)
                0x0000000020007648                IntVTableBaseSet
 .text.IntRegister
                0x0000000020007654       0x10 /opt/cc3200/eclipse//../CC3200-Linux-SDK/lib/libdriver.a(interrupt.o)
                0x0000000020007654                IntRegister
 .text.IntUnregister
                0x0000000020007664       0x14 /opt/cc3200/eclipse//../CC3200-Linux-SDK/lib/libdriver.a(interrupt.o)
                0x0000000020007664                IntUnregister
 .text.IntPrioritySet
                0x0000000020007678       0x28 /opt/cc3200/eclipse//../CC3200-Linux-SDK/lib/libdriver.a(interrupt.o)
                0x0000000020007678                IntPrioritySet
 .text.IntEnable
                0x00000000200076a0       0x64 /opt/cc3200/eclipse//../CC3200-Linux-SDK/lib/libdriver.a(interrupt.o)
                0x00000000200076a0                IntEnable
 .text.IntDisable
                0x0000000020007704       0x64 /opt/cc3200/eclipse//../CC3200-Linux-SDK/lib/libdriver.a(interrupt.o)
                0x0000000020007704                IntDisable
 .text.IntPendClear
                0x0000000020007768       0x3c /opt/cc3200/eclipse//../CC3200-Linux-SDK/lib/libdriver.a(interrupt.o)
                0x0000000020007768                IntPendClear
 .text.PinModeSet
                0x00000000200077a4       0x28 /opt/cc3200/eclipse//../CC3200-Linux-SDK/lib/libdriver.a(pin.o)
                0x00000000200077a4                PinModeSet
 .text.PinConfigSet
                0x00000000200077cc       0x5c /opt/cc3200/eclipse//../CC3200-Linux-SDK/lib/libdriver.a(pin.o)
                0x00000000200077cc                PinConfigSet
 .text.PinTypeUART
                0x0000000020007828       0x16 /opt/cc3200/eclipse//../CC3200-Linux-SDK/lib/libdriver.a(pin.o)
                0x0000000020007828                PinTypeUART
 *fill*         0x000000002000783e        0x2 
 .text.PRCMSysResetCauseGet
                0x0000000020007840       0x2c /opt/cc3200/eclipse//../CC3200-Linux-SDK/lib/libdriver.a(prcm.o)
                0x0000000020007840                PRCMSysResetCauseGet
 .text.PRCMPeripheralClkEnable
                0x000000002000786c       0x2c /opt/cc3200/eclipse//../CC3200-Linux-SDK/lib/libdriver.a(prcm.o)
                0x000000002000786c                PRCMPeripheralClkEnable
 .text.PRCMPeripheralClkDisable
                0x0000000020007898       0x1c /opt/cc3200/eclipse//../CC3200-Linux-SDK/lib/libdriver.a(prcm.o)
                0x0000000020007898                PRCMPeripheralClkDisable
 .text.PRCMPeripheralClockGet
                0x00000000200078b4       0x48 /opt/cc3200/eclipse//../CC3200-Linux-SDK/lib/libdriver.a(prcm.o)
                0x00000000200078b4                PRCMPeripheralClockGet
 .text.PRCMPeripheralReset
                0x00000000200078fc       0x40 /opt/cc3200/eclipse//../CC3200-Linux-SDK/lib/libdriver.a(prcm.o)
                0x00000000200078fc                PRCMPeripheralReset
 .text.PRCMPeripheralStatusGet
                0x000000002000793c       0x1c /opt/cc3200/eclipse//../CC3200-Linux-SDK/lib/libdriver.a(prcm.o)
                0x000000002000793c                PRCMPeripheralStatusGet
 .text.PRCMCC3200MCUInit
                0x0000000020007958      0x120 /opt/cc3200/eclipse//../CC3200-Linux-SDK/lib/libdriver.a(prcm.o)
                0x0000000020007958                PRCMCC3200MCUInit
 .text.SPIDmaMaskGet
                0x0000000020007a78       0x38 /opt/cc3200/eclipse//../CC3200-Linux-SDK/lib/libdriver.a(spi.o)
 .text.SPIEnable
                0x0000000020007ab0        0xe /opt/cc3200/eclipse//../CC3200-Linux-SDK/lib/libdriver.a(spi.o)
                0x0000000020007ab0                SPIEnable
 .text.SPIDisable
                0x0000000020007abe        0xe /opt/cc3200/eclipse//../CC3200-Linux-SDK/lib/libdriver.a(spi.o)
                0x0000000020007abe                SPIDisable
 .text.SPIDmaEnable
                0x0000000020007acc        0xc /opt/cc3200/eclipse//../CC3200-Linux-SDK/lib/libdriver.a(spi.o)
                0x0000000020007acc                SPIDmaEnable
 .text.SPIDmaDisable
                0x0000000020007ad8        0xc /opt/cc3200/eclipse//../CC3200-Linux-SDK/lib/libdriver.a(spi.o)
                0x0000000020007ad8                SPIDmaDisable
 .text.SPIReset
                0x0000000020007ae4       0x16 /opt/cc3200/eclipse//../CC3200-Linux-SDK/lib/libdriver.a(spi.o)
                0x0000000020007ae4                SPIReset
 .text.SPIConfigSetExpClk
                0x0000000020007afa       0x5a /opt/cc3200/eclipse//../CC3200-Linux-SDK/lib/libdriver.a(spi.o)
                0x0000000020007afa                SPIConfigSetExpClk
 .text.SPIFIFOEnable
                0x0000000020007b54        0xc /opt/cc3200/eclipse//../CC3200-Linux-SDK/lib/libdriver.a(spi.o)
                0x0000000020007b54                SPIFIFOEnable
 .text.SPIFIFODisable
                0x0000000020007b60        0xe /opt/cc3200/eclipse//../CC3200-Linux-SDK/lib/libdriver.a(spi.o)
                0x0000000020007b60                SPIFIFODisable
 .text.SPIFIFOLevelSet
                0x0000000020007b6e       0x18 /opt/cc3200/eclipse//../CC3200-Linux-SDK/lib/libdriver.a(spi.o)
                0x0000000020007b6e                SPIFIFOLevelSet
 .text.SPIWordCountSet
                0x0000000020007b86       0x10 /opt/cc3200/eclipse//../CC3200-Linux-SDK/lib/libdriver.a(spi.o)
                0x0000000020007b86                SPIWordCountSet
 *fill*         0x0000000020007b96        0x2 
 .text.SPIIntUnregister
                0x0000000020007b98       0x4c /opt/cc3200/eclipse//../CC3200-Linux-SDK/lib/libdriver.a(spi.o)
                0x0000000020007b98                SPIIntUnregister
 .text.SPIIntEnable
                0x0000000020007be4       0x3c /opt/cc3200/eclipse//../CC3200-Linux-SDK/lib/libdriver.a(spi.o)
                0x0000000020007be4                SPIIntEnable
 .text.SPIIntClear
                0x0000000020007c20       0x34 /opt/cc3200/eclipse//../CC3200-Linux-SDK/lib/libdriver.a(spi.o)
                0x0000000020007c20                SPIIntClear
 .text.SPICSEnable
                0x0000000020007c54        0xe /opt/cc3200/eclipse//../CC3200-Linux-SDK/lib/libdriver.a(spi.o)
                0x0000000020007c54                SPICSEnable
 .text.SPICSDisable
                0x0000000020007c62        0xe /opt/cc3200/eclipse//../CC3200-Linux-SDK/lib/libdriver.a(spi.o)
                0x0000000020007c62                SPICSDisable
 .text.UARTEnable
                0x0000000020007c70       0x16 /opt/cc3200/eclipse//../CC3200-Linux-SDK/lib/libdriver.a(uart.o)
                0x0000000020007c70                UARTEnable
 .text.UARTDisable
                0x0000000020007c86       0x1c /opt/cc3200/eclipse//../CC3200-Linux-SDK/lib/libdriver.a(uart.o)
                0x0000000020007c86                UARTDisable
 .text.UARTConfigSetExpClk
                0x0000000020007ca2       0x48 /opt/cc3200/eclipse//../CC3200-Linux-SDK/lib/libdriver.a(uart.o)
                0x0000000020007ca2                UARTConfigSetExpClk
 .text.UARTCharsAvail
                0x0000000020007cea        0xc /opt/cc3200/eclipse//../CC3200-Linux-SDK/lib/libdriver.a(uart.o)
                0x0000000020007cea                UARTCharsAvail
 .text.UARTCharGetNonBlocking
                0x0000000020007cf6        0xe /opt/cc3200/eclipse//../CC3200-Linux-SDK/lib/libdriver.a(uart.o)
                0x0000000020007cf6                UARTCharGetNonBlocking
 .text.UARTCharGet
                0x0000000020007d04        0xa /opt/cc3200/eclipse//../CC3200-Linux-SDK/lib/libdriver.a(uart.o)
                0x0000000020007d04                UARTCharGet
 .text.UARTCharPut
                0x0000000020007d0e        0xa /opt/cc3200/eclipse//../CC3200-Linux-SDK/lib/libdriver.a(uart.o)
                0x0000000020007d0e                UARTCharPut
 .text.uDMAEnable
                0x0000000020007d18        0xc /opt/cc3200/eclipse//../CC3200-Linux-SDK/lib/libdriver.a(udma.o)
                0x0000000020007d18                uDMAEnable
 .text.uDMAChannelEnable
                0x0000000020007d24       0x14 /opt/cc3200/eclipse//../CC3200-Linux-SDK/lib/libdriver.a(udma.o)
                0x0000000020007d24                uDMAChannelEnable
 .text.uDMAControlBaseSet
                0x0000000020007d38        0xc /opt/cc3200/eclipse//../CC3200-Linux-SDK/lib/libdriver.a(udma.o)
                0x0000000020007d38                uDMAControlBaseSet
 .text.uDMAChannelAttributeEnable
                0x0000000020007d44       0x48 /opt/cc3200/eclipse//../CC3200-Linux-SDK/lib/libdriver.a(udma.o)
                0x0000000020007d44                uDMAChannelAttributeEnable
 .text.uDMAChannelAttributeDisable
                0x0000000020007d8c       0x48 /opt/cc3200/eclipse//../CC3200-Linux-SDK/lib/libdriver.a(udma.o)
                0x0000000020007d8c                uDMAChannelAttributeDisable
 .text.uDMAChannelControlSet
                0x0000000020007dd4       0x20 /opt/cc3200/eclipse//../CC3200-Linux-SDK/lib/libdriver.a(udma.o)
                0x0000000020007dd4                uDMAChannelControlSet
 .text.uDMAChannelTransferSet
                0x0000000020007df4       0x84 /opt/cc3200/eclipse//../CC3200-Linux-SDK/lib/libdriver.a(udma.o)
                0x0000000020007df4                uDMAChannelTransferSet
 .text.uDMAIntRegister
                0x0000000020007e78       0x12 /opt/cc3200/eclipse//../CC3200-Linux-SDK/lib/libdriver.a(udma.o)
                0x0000000020007e78                uDMAIntRegister
 *fill*         0x0000000020007e8a        0x2 
 .text.uDMAIntStatus
                0x0000000020007e8c        0xc /opt/cc3200/eclipse//../CC3200-Linux-SDK/lib/libdriver.a(udma.o)
                0x0000000020007e8c                uDMAIntStatus
 .text.uDMAIntClear
                0x0000000020007e98        0xc /opt/cc3200/eclipse//../CC3200-Linux-SDK/lib/libdriver.a(udma.o)
                0x0000000020007e98                uDMAIntClear
 .text.uDMAChannelAssign
                0x0000000020007ea4       0x2c /opt/cc3200/eclipse//../CC3200-Linux-SDK/lib/libdriver.a(udma.o)
                0x0000000020007ea4                uDMAChannelAssign
 .text.UtilsDelay
                0x0000000020007ed0        0x8 /opt/cc3200/eclipse//../CC3200-Linux-SDK/lib/libdriver.a(utils.o)
                0x0000000020007ed0                UtilsDelay
 .text.CPUcpsie
                0x0000000020007ed8       0x10 /opt/cc3200/eclipse//../CC3200-Linux-SDK/lib/libdriver.a(cpu.o)
                0x0000000020007ed8                CPUcpsie
 .text          0x0000000020007ee8       0x30 /usr/bin/../lib/gcc/arm-none-eabi/4.9.3/armv7e-m/libgcc.a(_aeabi_uldivmod.o)
                0x0000000020007ee8                __aeabi_uldivmod
 .text          0x0000000020007f18       0x60 /usr/bin/../lib/gcc/arm-none-eabi/4.9.3/armv7e-m/libgcc.a(bpabi.o)
                0x0000000020007f18                __gnu_ldivmod_helper
                0x0000000020007f48                __gnu_uldivmod_helper
 .text          0x0000000020007f78        0x4 /usr/bin/../lib/gcc/arm-none-eabi/4.9.3/armv7e-m/libgcc.a(_dvmd_tls.o)
                0x0000000020007f78                __aeabi_ldiv0
                0x0000000020007f78                __aeabi_idiv0
 .text          0x0000000020007f7c      0x29c /usr/bin/../lib/gcc/arm-none-eabi/4.9.3/armv7e-m/libgcc.a(_divdi3.o)
                0x0000000020007f7c                __divdi3
 .text          0x0000000020008218      0x26c /usr/bin/../lib/gcc/arm-none-eabi/4.9.3/armv7e-m/libgcc.a(_udivdi3.o)
                0x0000000020008218                __udivdi3
 .text.malloc   0x0000000020008484       0x10 /usr/bin/../lib/gcc/arm-none-eabi/4.9.3/../../../../arm-none-eabi/lib/armv7e-m/libg.a(lib_a-malloc.o)
                0x0000000020008484                malloc
 .text.free     0x0000000020008494       0x10 /usr/bin/../lib/gcc/arm-none-eabi/4.9.3/../../../../arm-none-eabi/lib/armv7e-m/libg.a(lib_a-malloc.o)
                0x0000000020008494                free
 .text._malloc_r
                0x00000000200084a4      0x524 /usr/bin/../lib/gcc/arm-none-eabi/4.9.3/../../../../arm-none-eabi/lib/armv7e-m/libg.a(lib_a-mallocr.o)
                0x00000000200084a4                _malloc_r
 .text          0x00000000200089c8      0x134 /usr/bin/../lib/gcc/arm-none-eabi/4.9.3/../../../../arm-none-eabi/lib/armv7e-m/libg.a(lib_a-memcpy.o)
                0x00000000200089c8                memcpy
 .text.memmove  0x0000000020008afc       0xc8 /usr/bin/../lib/gcc/arm-none-eabi/4.9.3/../../../../arm-none-eabi/lib/armv7e-m/libg.a(lib_a-memmove.o)
                0x0000000020008afc                memmove
 .text.memset   0x0000000020008bc4       0x9c /usr/bin/../lib/gcc/arm-none-eabi/4.9.3/../../../../arm-none-eabi/lib/armv7e-m/libg.a(lib_a-memset.o)
                0x0000000020008bc4                memset
 .text.__malloc_lock
                0x0000000020008c60        0x4 /usr/bin/../lib/gcc/arm-none-eabi/4.9.3/../../../../arm-none-eabi/lib/armv7e-m/libg.a(lib_a-mlock.o)
                0x0000000020008c60                __malloc_lock
 .text.__malloc_unlock
                0x0000000020008c64        0x4 /usr/bin/../lib/gcc/arm-none-eabi/4.9.3/../../../../arm-none-eabi/lib/armv7e-m/libg.a(lib_a-mlock.o)
                0x0000000020008c64                __malloc_unlock
 .text.realloc  0x0000000020008c68       0x10 /usr/bin/../lib/gcc/arm-none-eabi/4.9.3/../../../../arm-none-eabi/lib/armv7e-m/libg.a(lib_a-realloc.o)
                0x0000000020008c68                realloc
 .text._realloc_r
                0x0000000020008c78      0x3ec /usr/bin/../lib/gcc/arm-none-eabi/4.9.3/../../../../arm-none-eabi/lib/armv7e-m/libg.a(lib_a-reallocr.o)
                0x0000000020008c78                _realloc_r
 .text._sbrk_r  0x0000000020009064       0x24 /usr/bin/../lib/gcc/arm-none-eabi/4.9.3/../../../../arm-none-eabi/lib/armv7e-m/libg.a(lib_a-sbrkr.o)
                0x0000000020009064                _sbrk_r
 .text.strlen   0x0000000020009088       0x5c /usr/bin/../lib/gcc/arm-none-eabi/4.9.3/../../../../arm-none-eabi/lib/armv7e-m/libg.a(lib_a-strlen.o)
                0x0000000020009088                strlen
 .text.strtok   0x00000000200090e4       0x10 /usr/bin/../lib/gcc/arm-none-eabi/4.9.3/../../../../arm-none-eabi/lib/armv7e-m/libg.a(lib_a-strtok.o)
                0x00000000200090e4                strtok
 .text.__strtok_r
                0x00000000200090f4       0x64 /usr/bin/../lib/gcc/arm-none-eabi/4.9.3/../../../../arm-none-eabi/lib/armv7e-m/libg.a(lib_a-strtok_r.o)
                0x00000000200090f4                __strtok_r
 .text._strtoul_r
                0x0000000020009158      0x128 /usr/bin/../lib/gcc/arm-none-eabi/4.9.3/../../../../arm-none-eabi/lib/armv7e-m/libg.a(lib_a-strtoul.o)
                0x0000000020009158                _strtoul_r
 .text.strtoul  0x0000000020009280       0x18 /usr/bin/../lib/gcc/arm-none-eabi/4.9.3/../../../../arm-none-eabi/lib/armv7e-m/libg.a(lib_a-strtoul.o)
                0x0000000020009280                strtoul
 .text._vsnprintf_r
                0x0000000020009298       0x74 /usr/bin/../lib/gcc/arm-none-eabi/4.9.3/../../../../arm-none-eabi/lib/armv7e-m/libg.a(lib_a-vsnprintf.o)
                0x0000000020009298                _vsnprintf_r
 .text.vsnprintf
                0x000000002000930c       0x20 /usr/bin/../lib/gcc/arm-none-eabi/4.9.3/../../../../arm-none-eabi/lib/armv7e-m/libg.a(lib_a-vsnprintf.o)
                0x000000002000930c                vsnprintf
 .text._malloc_trim_r
                0x000000002000932c       0x9c /usr/bin/../lib/gcc/arm-none-eabi/4.9.3/../../../../arm-none-eabi/lib/armv7e-m/libg.a(lib_a-freer.o)
                0x000000002000932c                _malloc_trim_r
 .text._free_r  0x00000000200093c8      0x1b0 /usr/bin/../lib/gcc/arm-none-eabi/4.9.3/../../../../arm-none-eabi/lib/armv7e-m/libg.a(lib_a-freer.o)
                0x00000000200093c8                _free_r
 .text._svfprintf_r
                0x0000000020009578     0x1494 /usr/bin/../lib/gcc/arm-none-eabi/4.9.3/../../../../arm-none-eabi/lib/armv7e-m/libg.a(lib_a-svfprintf.o)
                0x0000000020009578                _svfprintf_r
 .text.quorem   0x000000002000aa0c      0x12c /usr/bin/../lib/gcc/arm-none-eabi/4.9.3/../../../../arm-none-eabi/lib/armv7e-m/libg.a(lib_a-dtoa.o)
 .text._dtoa_r  0x000000002000ab38      0xe94 /usr/bin/../lib/gcc/arm-none-eabi/4.9.3/../../../../arm-none-eabi/lib/armv7e-m/libg.a(lib_a-dtoa.o)
                0x000000002000ab38                _dtoa_r
 .text._localeconv_r
                0x000000002000b9cc        0x8 /usr/bin/../lib/gcc/arm-none-eabi/4.9.3/../../../../arm-none-eabi/lib/armv7e-m/libg.a(lib_a-locale.o)
                0x000000002000b9cc                _localeconv_r
 .text.memchr   0x000000002000b9d4       0x94 /usr/bin/../lib/gcc/arm-none-eabi/4.9.3/../../../../arm-none-eabi/lib/armv7e-m/libg.a(lib_a-memchr.o)
                0x000000002000b9d4                memchr
 .text._Balloc  0x000000002000ba68       0x4c /usr/bin/../lib/gcc/arm-none-eabi/4.9.3/../../../../arm-none-eabi/lib/armv7e-m/libg.a(lib_a-mprec.o)
                0x000000002000ba68                _Balloc
 .text._Bfree   0x000000002000bab4       0x14 /usr/bin/../lib/gcc/arm-none-eabi/4.9.3/../../../../arm-none-eabi/lib/armv7e-m/libg.a(lib_a-mprec.o)
                0x000000002000bab4                _Bfree
 .text.__multadd
                0x000000002000bac8       0x84 /usr/bin/../lib/gcc/arm-none-eabi/4.9.3/../../../../arm-none-eabi/lib/armv7e-m/libg.a(lib_a-mprec.o)
                0x000000002000bac8                __multadd
 .text.__hi0bits
                0x000000002000bb4c       0x40 /usr/bin/../lib/gcc/arm-none-eabi/4.9.3/../../../../arm-none-eabi/lib/armv7e-m/libg.a(lib_a-mprec.o)
                0x000000002000bb4c                __hi0bits
 .text.__lo0bits
                0x000000002000bb8c       0x5c /usr/bin/../lib/gcc/arm-none-eabi/4.9.3/../../../../arm-none-eabi/lib/armv7e-m/libg.a(lib_a-mprec.o)
                0x000000002000bb8c                __lo0bits
 .text.__i2b    0x000000002000bbe8       0x14 /usr/bin/../lib/gcc/arm-none-eabi/4.9.3/../../../../arm-none-eabi/lib/armv7e-m/libg.a(lib_a-mprec.o)
                0x000000002000bbe8                __i2b
 .text.__multiply
                0x000000002000bbfc      0x134 /usr/bin/../lib/gcc/arm-none-eabi/4.9.3/../../../../arm-none-eabi/lib/armv7e-m/libg.a(lib_a-mprec.o)
                0x000000002000bbfc                __multiply
 .text.__pow5mult
                0x000000002000bd30       0xa0 /usr/bin/../lib/gcc/arm-none-eabi/4.9.3/../../../../arm-none-eabi/lib/armv7e-m/libg.a(lib_a-mprec.o)
                0x000000002000bd30                __pow5mult
 .text.__lshift
                0x000000002000bdd0       0xac /usr/bin/../lib/gcc/arm-none-eabi/4.9.3/../../../../arm-none-eabi/lib/armv7e-m/libg.a(lib_a-mprec.o)
                0x000000002000bdd0                __lshift
 .text.__mcmp   0x000000002000be7c       0x48 /usr/bin/../lib/gcc/arm-none-eabi/4.9.3/../../../../arm-none-eabi/lib/armv7e-m/libg.a(lib_a-mprec.o)
                0x000000002000be7c                __mcmp
 .text.__mdiff  0x000000002000bec4       0xd4 /usr/bin/../lib/gcc/arm-none-eabi/4.9.3/../../../../arm-none-eabi/lib/armv7e-m/libg.a(lib_a-mprec.o)
                0x000000002000bec4                __mdiff
 .text.__d2b    0x000000002000bf98       0xb8 /usr/bin/../lib/gcc/arm-none-eabi/4.9.3/../../../../arm-none-eabi/lib/armv7e-m/libg.a(lib_a-mprec.o)
                0x000000002000bf98                __d2b
 .text.__fpclassifyd
                0x000000002000c050       0x58 /usr/bin/../lib/gcc/arm-none-eabi/4.9.3/../../../../arm-none-eabi/lib/armv7e-m/libg.a(lib_a-s_fpclassify.o)
                0x000000002000c050                __fpclassifyd
 .text.__ssprint_r
                0x000000002000c0a8      0x104 /usr/bin/../lib/gcc/arm-none-eabi/4.9.3/../../../../arm-none-eabi/lib/armv7e-m/libg.a(lib_a-svfiprintf.o)
                0x000000002000c0a8                __ssprint_r
 .text._calloc_r
                0x000000002000c1ac       0x60 /usr/bin/../lib/gcc/arm-none-eabi/4.9.3/../../../../arm-none-eabi/lib/armv7e-m/libg.a(lib_a-callocr.o)
                0x000000002000c1ac                _calloc_r
 .text          0x000000002000c20c      0x370 /usr/bin/../lib/gcc/arm-none-eabi/4.9.3/armv7e-m/libgcc.a(_arm_addsubdf3.o)
                0x000000002000c20c                __aeabi_drsub
                0x000000002000c214                __aeabi_dsub
                0x000000002000c214                __subdf3
                0x000000002000c218                __adddf3
                0x000000002000c218                __aeabi_dadd
                0x000000002000c490                __aeabi_ui2d
                0x000000002000c490                __floatunsidf
                0x000000002000c4b0                __floatsidf
                0x000000002000c4b0                __aeabi_i2d
                0x000000002000c4d4                __extendsfdf2
                0x000000002000c4d4                __aeabi_f2d
                0x000000002000c510                __aeabi_ul2d
                0x000000002000c510                __floatundidf
                0x000000002000c520                __floatdidf
                0x000000002000c520                __aeabi_l2d
 .text          0x000000002000c57c      0x424 /usr/bin/../lib/gcc/arm-none-eabi/4.9.3/armv7e-m/libgcc.a(_arm_muldivdf3.o)
                0x000000002000c57c                __aeabi_dmul
                0x000000002000c57c                __muldf3
                0x000000002000c7d0                __aeabi_ddiv
                0x000000002000c7d0                __divdf3
 .text          0x000000002000c9a0      0x110 /usr/bin/../lib/gcc/arm-none-eabi/4.9.3/armv7e-m/libgcc.a(_arm_cmpdf2.o)
                0x000000002000c9a0                __gtdf2
                0x000000002000c9a0                __gedf2
                0x000000002000c9a8                __ltdf2
                0x000000002000c9a8                __ledf2
                0x000000002000c9b0                __cmpdf2
                0x000000002000c9b0                __eqdf2
                0x000000002000c9b0                __nedf2
                0x000000002000ca2c                __aeabi_cdrcmple
                0x000000002000ca3c                __aeabi_cdcmple
                0x000000002000ca3c                __aeabi_cdcmpeq
                0x000000002000ca4c                __aeabi_dcmpeq
                0x000000002000ca60                __aeabi_dcmplt
                0x000000002000ca74                __aeabi_dcmple
                0x000000002000ca88                __aeabi_dcmpge
                0x000000002000ca9c                __aeabi_dcmpgt
 .text          0x000000002000cab0       0x50 /usr/bin/../lib/gcc/arm-none-eabi/4.9.3/armv7e-m/libgcc.a(_arm_fixdfsi.o)
                0x000000002000cab0                __fixdfsi
                0x000000002000cab0                __aeabi_d2iz
 *(.rodata*)
 .rodata        0x000000002000cb00      0x6ee ./main.o
 *fill*         0x000000002000d1ee        0x2 
 .rodata.__FUNCTION__.5781
                0x000000002000d1f0       0x22 ./main.o
 *fill*         0x000000002000d212        0x2 
 .rodata.__FUNCTION__.5805
                0x000000002000d214        0xa ./main.o
 *fill*         0x000000002000d21e        0x2 
 .rodata.__FUNCTION__.5835
                0x000000002000d220        0xd ./main.o
 *fill*         0x000000002000d22d        0x3 
 .rodata.__FUNCTION__.5853
                0x000000002000d230        0xd ./main.o
 *fill*         0x000000002000d23d        0x3 
 .rodata.__FUNCTION__.5861
                0x000000002000d240        0xc ./main.o
 .rodata.__FUNCTION__.5877
                0x000000002000d24c        0x5 ./main.o
 *fill*         0x000000002000d251        0x3 
 .rodata        0x000000002000d254       0x2a ./uart_if.o
 .rodata._SlDeviceGetCmdCtrl
                0x000000002000d27e        0x4 /opt/cc3200/eclipse//../CC3200-Linux-SDK/lib/libsimplelink_nonos.a(device.o)
                0x000000002000d27e                _SlDeviceGetCmdCtrl
 .rodata._SlStopCmdCtrl
                0x000000002000d282        0x4 /opt/cc3200/eclipse//../CC3200-Linux-SDK/lib/libsimplelink_nonos.a(device.o)
                0x000000002000d282                _SlStopCmdCtrl
 .rodata.StartResponseLUT
                0x000000002000d286        0x8 /opt/cc3200/eclipse//../CC3200-Linux-SDK/lib/libsimplelink_nonos.a(device.o)
                0x000000002000d286                StartResponseLUT
 *fill*         0x000000002000d28e        0x2 
 .rodata.g_H2NSyncPattern
                0x000000002000d290        0x8 /opt/cc3200/eclipse//../CC3200-Linux-SDK/lib/libsimplelink_nonos.a(driver.o)
                0x000000002000d290                g_H2NSyncPattern
 .rodata.g_H2NCnysPattern
                0x000000002000d298        0x8 /opt/cc3200/eclipse//../CC3200-Linux-SDK/lib/libsimplelink_nonos.a(driver.o)
                0x000000002000d298                g_H2NCnysPattern
 .rodata._SlActionLookupTable
                0x000000002000d2a0       0x38 /opt/cc3200/eclipse//../CC3200-Linux-SDK/lib/libsimplelink_nonos.a(driver.o)
                0x000000002000d2a0                _SlActionLookupTable
 .rodata.OpcodeTranslateTable
                0x000000002000d2d8       0x3c /opt/cc3200/eclipse//../CC3200-Linux-SDK/lib/libsimplelink_nonos.a(driver.o)
                0x000000002000d2d8                OpcodeTranslateTable
 .rodata.RxMsgClassLUT
                0x000000002000d314       0x20 /opt/cc3200/eclipse//../CC3200-Linux-SDK/lib/libsimplelink_nonos.a(driver.o)
                0x000000002000d314                RxMsgClassLUT
 .rodata._SlNetAppSendTokenValueCmdCtrl
                0x000000002000d334        0x4 /opt/cc3200/eclipse//../CC3200-Linux-SDK/lib/libsimplelink_nonos.a(netapp.o)
                0x000000002000d334                _SlNetAppSendTokenValueCmdCtrl
 .rodata._SlRegisterServiceCtrl
                0x000000002000d338        0x4 /opt/cc3200/eclipse//../CC3200-Linux-SDK/lib/libsimplelink_nonos.a(netapp.o)
                0x000000002000d338                _SlRegisterServiceCtrl
 .rodata._SlNetCfgSetCmdCtrl
                0x000000002000d33c        0x4 /opt/cc3200/eclipse//../CC3200-Linux-SDK/lib/libsimplelink_nonos.a(netcfg.o)
                0x000000002000d33c                _SlNetCfgSetCmdCtrl
 .rodata._SlSockSocketCmdCtrl
                0x000000002000d340        0x4 /opt/cc3200/eclipse//../CC3200-Linux-SDK/lib/libsimplelink_nonos.a(socket.o)
                0x000000002000d340                _SlSockSocketCmdCtrl
 .rodata._SlPayloadByProtocolLUT
                0x000000002000d344       0x10 /opt/cc3200/eclipse//../CC3200-Linux-SDK/lib/libsimplelink_nonos.a(socket.o)
                0x000000002000d344                _SlPayloadByProtocolLUT
 .rodata._SlSockCloseCmdCtrl
                0x000000002000d354        0x4 /opt/cc3200/eclipse//../CC3200-Linux-SDK/lib/libsimplelink_nonos.a(socket.o)
                0x000000002000d354                _SlSockCloseCmdCtrl
 .rodata._SlRecvfomCmdCtrl
                0x000000002000d358        0x4 /opt/cc3200/eclipse//../CC3200-Linux-SDK/lib/libsimplelink_nonos.a(socket.o)
                0x000000002000d358                _SlRecvfomCmdCtrl
 .rodata._SlWlanCfgSetCmdCtrl
                0x000000002000d35c        0x4 /opt/cc3200/eclipse//../CC3200-Linux-SDK/lib/libsimplelink_nonos.a(wlan.o)
                0x000000002000d35c                _SlWlanCfgSetCmdCtrl
 .rodata._SlProfileDelCmdCtrl
                0x000000002000d360        0x4 /opt/cc3200/eclipse//../CC3200-Linux-SDK/lib/libsimplelink_nonos.a(wlan.o)
                0x000000002000d360                _SlProfileDelCmdCtrl
 .rodata._SlWlanSetModeCmdCtrl
                0x000000002000d364        0x4 /opt/cc3200/eclipse//../CC3200-Linux-SDK/lib/libsimplelink_nonos.a(wlan.o)
                0x000000002000d364                _SlWlanSetModeCmdCtrl
 .rodata._SlRxFilterSetCmdCtrl
                0x000000002000d368        0x4 /opt/cc3200/eclipse//../CC3200-Linux-SDK/lib/libsimplelink_nonos.a(wlan.o)
                0x000000002000d368                _SlRxFilterSetCmdCtrl
 .rodata._SlPolicySetCmdCtrl
                0x000000002000d36c        0x4 /opt/cc3200/eclipse//../CC3200-Linux-SDK/lib/libsimplelink_nonos.a(wlan.o)
                0x000000002000d36c                _SlPolicySetCmdCtrl
 .rodata.g_pulEnRegs
                0x000000002000d370       0x18 /opt/cc3200/eclipse//../CC3200-Linux-SDK/lib/libdriver.a(interrupt.o)
 .rodata.g_pulDisRegs
                0x000000002000d388       0x18 /opt/cc3200/eclipse//../CC3200-Linux-SDK/lib/libdriver.a(interrupt.o)
 .rodata.g_pulUnpendRegs
                0x000000002000d3a0       0x18 /opt/cc3200/eclipse//../CC3200-Linux-SDK/lib/libdriver.a(interrupt.o)
 .rodata.g_pulRegs
                0x000000002000d3b8       0xd4 /opt/cc3200/eclipse//../CC3200-Linux-SDK/lib/libdriver.a(interrupt.o)
 .rodata.g_ulPinToPadMap
                0x000000002000d48c      0x100 /opt/cc3200/eclipse//../CC3200-Linux-SDK/lib/libdriver.a(pin.o)
 .rodata.PRCM_PeriphRegsList
                0x000000002000d58c       0xa8 /opt/cc3200/eclipse//../CC3200-Linux-SDK/lib/libdriver.a(prcm.o)
 .rodata.g_ppulSPIIntMap
                0x000000002000d634       0x24 /opt/cc3200/eclipse//../CC3200-Linux-SDK/lib/libdriver.a(spi.o)
 .rodata.g_ulSPIDmaMaskMap
                0x000000002000d658       0x18 /opt/cc3200/eclipse//../CC3200-Linux-SDK/lib/libdriver.a(spi.o)
 .rodata.str1.4
                0x000000002000d670        0x2 /usr/bin/../lib/gcc/arm-none-eabi/4.9.3/../../../../arm-none-eabi/lib/armv7e-m/libg.a(lib_a-impure.o)
 *fill*         0x000000002000d672        0x2 
 .rodata._ctype_
                0x000000002000d674      0x101 /usr/bin/../lib/gcc/arm-none-eabi/4.9.3/../../../../arm-none-eabi/lib/armv7e-m/libg.a(lib_a-ctype_.o)
                0x000000002000d674                _ctype_
 *fill*         0x000000002000d775        0x3 
 .rodata.zeroes.6911
                0x000000002000d778       0x10 /usr/bin/../lib/gcc/arm-none-eabi/4.9.3/../../../../arm-none-eabi/lib/armv7e-m/libg.a(lib_a-svfprintf.o)
 .rodata.blanks.6910
                0x000000002000d788       0x10 /usr/bin/../lib/gcc/arm-none-eabi/4.9.3/../../../../arm-none-eabi/lib/armv7e-m/libg.a(lib_a-svfprintf.o)
 .rodata.str1.4
                0x000000002000d798       0x42 /usr/bin/../lib/gcc/arm-none-eabi/4.9.3/../../../../arm-none-eabi/lib/armv7e-m/libg.a(lib_a-svfprintf.o)
 *fill*         0x000000002000d7da        0x2 
 .rodata.str1.4
                0x000000002000d7dc       0x10 /usr/bin/../lib/gcc/arm-none-eabi/4.9.3/../../../../arm-none-eabi/lib/armv7e-m/libg.a(lib_a-dtoa.o)
                                         0x12 (size before relaxing)
 .rodata.str1.4
                0x000000002000d7ec        0xc /usr/bin/../lib/gcc/arm-none-eabi/4.9.3/../../../../arm-none-eabi/lib/armv7e-m/libg.a(lib_a-locale.o)
                                         0x12 (size before relaxing)
 .rodata.__mprec_tens
                0x000000002000d7f8       0xc8 /usr/bin/../lib/gcc/arm-none-eabi/4.9.3/../../../../arm-none-eabi/lib/armv7e-m/libg.a(lib_a-mprec.o)
                0x000000002000d7f8                __mprec_tens
 .rodata.p05.5302
                0x000000002000d8c0        0xc /usr/bin/../lib/gcc/arm-none-eabi/4.9.3/../../../../arm-none-eabi/lib/armv7e-m/libg.a(lib_a-mprec.o)
 *fill*         0x000000002000d8cc        0x4 
 .rodata.__mprec_bigtens
                0x000000002000d8d0       0x28 /usr/bin/../lib/gcc/arm-none-eabi/4.9.3/../../../../arm-none-eabi/lib/armv7e-m/libg.a(lib_a-mprec.o)
                0x000000002000d8d0                __mprec_bigtens
 *(.ARM.extab* .gnu.linkonce.armextab.*)
                0x000000002000d8f8                . = ALIGN (0x8)
                0x000000002000d8f8                _etext = .

.glue_7         0x000000002000d8f8        0x0
 .glue_7        0x0000000000000000        0x0 linker stubs

.glue_7t        0x000000002000d8f8        0x0
 .glue_7t       0x0000000000000000        0x0 linker stubs

.vfp11_veneer   0x000000002000d8f8        0x0
 .vfp11_veneer  0x0000000000000000        0x0 linker stubs

.v4_bx          0x000000002000d8f8        0x0
 .v4_bx         0x0000000000000000        0x0 linker stubs

.iplt           0x000000002000d8f8        0x0
 .iplt          0x0000000000000000        0x0 /usr/bin/../lib/gcc/arm-none-eabi/4.9.3/armv7e-m/crtbegin.o

.ARM            0x000000002000d8f8        0x8
                0x000000002000d8f8                __exidx_start = .
 *(.ARM.exidx*)
 .ARM.exidx     0x000000002000d8f8        0x8 /usr/bin/../lib/gcc/arm-none-eabi/4.9.3/armv7e-m/libgcc.a(_divdi3.o)
 .ARM.exidx     0x000000002000d900        0x0 /usr/bin/../lib/gcc/arm-none-eabi/4.9.3/armv7e-m/libgcc.a(_udivdi3.o)
                                          0x8 (size before relaxing)
                0x000000002000d900                __exidx_end = .
                0x000000002000d900                __init_data = .

.rel.dyn        0x000000002000d900        0x0
 .rel.iplt      0x0000000000000000        0x0 /usr/bin/../lib/gcc/arm-none-eabi/4.9.3/armv7e-m/crtbegin.o

.data           0x000000002000d900      0x888
                0x000000002000d900                _data = .
 *(.data*)
 .data.g_ulDestinationIp
                0x000000002000d900        0x4 ./main.o
                0x000000002000d900                g_ulDestinationIp
 .data.g_uiPortNum
                0x000000002000d904        0x4 ./main.o
                0x000000002000d904                g_uiPortNum
 .data.g_ulPacketCount
                0x000000002000d908        0x4 ./main.o
                0x000000002000d908                g_ulPacketCount
 *fill*         0x000000002000d90c        0x4 
 .data.impure_data
                0x000000002000d910      0x428 /usr/bin/../lib/gcc/arm-none-eabi/4.9.3/../../../../arm-none-eabi/lib/armv7e-m/libg.a(lib_a-impure.o)
 .data._impure_ptr
                0x000000002000dd38        0x4 /usr/bin/../lib/gcc/arm-none-eabi/4.9.3/../../../../arm-none-eabi/lib/armv7e-m/libg.a(lib_a-impure.o)
                0x000000002000dd38                _impure_ptr
 .data.__malloc_av_
                0x000000002000dd3c      0x408 /usr/bin/../lib/gcc/arm-none-eabi/4.9.3/../../../../arm-none-eabi/lib/armv7e-m/libg.a(lib_a-mallocr.o)
                0x000000002000dd3c                __malloc_av_
 .data.__malloc_trim_threshold
                0x000000002000e144        0x4 /usr/bin/../lib/gcc/arm-none-eabi/4.9.3/../../../../arm-none-eabi/lib/armv7e-m/libg.a(lib_a-mallocr.o)
                0x000000002000e144                __malloc_trim_threshold
 .data.__malloc_sbrk_base
                0x000000002000e148        0x4 /usr/bin/../lib/gcc/arm-none-eabi/4.9.3/../../../../arm-none-eabi/lib/armv7e-m/libg.a(lib_a-mallocr.o)
                0x000000002000e148                __malloc_sbrk_base
 .data.__ctype_ptr__
                0x000000002000e14c        0x4 /usr/bin/../lib/gcc/arm-none-eabi/4.9.3/../../../../arm-none-eabi/lib/armv7e-m/libg.a(lib_a-ctype_.o)
                0x000000002000e14c                __ctype_ptr__
 .data.lconv    0x000000002000e150       0x38 /usr/bin/../lib/gcc/arm-none-eabi/4.9.3/../../../../arm-none-eabi/lib/armv7e-m/libg.a(lib_a-locale.o)
                0x000000002000e188                . = ALIGN (0x8)
                0x000000002000e188                _edata = .

.igot.plt       0x000000002000e188        0x0
 .igot.plt      0x0000000000000000        0x0 /usr/bin/../lib/gcc/arm-none-eabi/4.9.3/armv7e-m/crtbegin.o

.bss            0x000000002000e400     0x21ec
                0x000000002000e400                _bss = .
 *(.bss*)
 .bss.g_ulStatus
                0x000000002000e400        0x4 ./main.o
                0x000000002000e400                g_ulStatus
 .bss.g_ulGatewayIP
                0x000000002000e404        0x4 ./main.o
                0x000000002000e404                g_ulGatewayIP
 .bss.g_ulIpAddr
                0x000000002000e408        0x4 ./main.o
                0x000000002000e408                g_ulIpAddr
 .bss.heap_end  0x000000002000e40c        0x4 ./startup_gcc.o
 .bss.pui32Stack
                0x000000002000e410     0x1000 ./startup_gcc.o
 .bss.__Errorlog
                0x000000002000f410        0x4 ./uart_if.o
 .bss.gFirstCmdMode
                0x000000002000f414        0x1 /opt/cc3200/eclipse//../CC3200-Linux-SDK/lib/libsimplelink_nonos.a(driver.o)
                0x000000002000f414                gFirstCmdMode
 *fill*         0x000000002000f415        0x3 
 .bss.pPingCallBackFunc
                0x000000002000f418        0x4 /opt/cc3200/eclipse//../CC3200-Linux-SDK/lib/libsimplelink_nonos.a(driver.o)
                0x000000002000f418                pPingCallBackFunc
 .bss.g_pCB     0x000000002000f41c        0x4 /opt/cc3200/eclipse//../CC3200-Linux-SDK/lib/libsimplelink_nonos.a(driver.o)
                0x000000002000f41c                g_pCB
 .bss.g_SpiFd   0x000000002000f420        0x4 /opt/cc3200/eclipse//../CC3200-Linux-SDK/lib/libsimplelink_nonos.a(cc_pal.o)
                0x000000002000f420                g_SpiFd
 .bss.g_ucDMAEnabled
                0x000000002000f424        0x1 /opt/cc3200/eclipse//../CC3200-Linux-SDK/lib/libsimplelink_nonos.a(cc_pal.o)
                0x000000002000f424                g_ucDMAEnabled
 *fill*         0x000000002000f425        0x3 
 .bss.__malloc_max_total_mem
                0x000000002000f428        0x4 /usr/bin/../lib/gcc/arm-none-eabi/4.9.3/../../../../arm-none-eabi/lib/armv7e-m/libg.a(lib_a-mallocr.o)
                0x000000002000f428                __malloc_max_total_mem
 .bss.__malloc_max_sbrked_mem
                0x000000002000f42c        0x4 /usr/bin/../lib/gcc/arm-none-eabi/4.9.3/../../../../arm-none-eabi/lib/armv7e-m/libg.a(lib_a-mallocr.o)
                0x000000002000f42c                __malloc_max_sbrked_mem
 .bss.__malloc_top_pad
                0x000000002000f430        0x4 /usr/bin/../lib/gcc/arm-none-eabi/4.9.3/../../../../arm-none-eabi/lib/armv7e-m/libg.a(lib_a-mallocr.o)
                0x000000002000f430                __malloc_top_pad
 .bss.__malloc_current_mallinfo
                0x000000002000f434       0x28 /usr/bin/../lib/gcc/arm-none-eabi/4.9.3/../../../../arm-none-eabi/lib/armv7e-m/libg.a(lib_a-mallocr.o)
                0x000000002000f434                __malloc_current_mallinfo
 *(COMMON)
 COMMON         0x000000002000f45c      0x5a1 ./main.o
                0x000000002000f45c                g_ucConnectionBSSID
                0x000000002000f464                g_cBsdBuf
                0x000000002000f9dc                g_ucConnectionSSID
 *fill*         0x000000002000f9fd      0x203 
 COMMON         0x000000002000fc00      0x800 ./udma_if.o
                0x000000002000fc00                gfpAppCallbackHndl
                0x000000002000fd00                iDone
                0x0000000020010000                gpCtlTbl
 COMMON         0x0000000020010400      0x16c /opt/cc3200/eclipse//../CC3200-Linux-SDK/lib/libsimplelink_nonos.a(driver.o)
                0x0000000020010400                RxIrqCnt
                0x0000000020010404                g_StatMem
 COMMON         0x000000002001056c       0x28 /opt/cc3200/eclipse//../CC3200-Linux-SDK/lib/libsimplelink_nonos.a(nonos.o)
                0x000000002001056c                g__SlNonOsCB
 COMMON         0x0000000020010594       0x54 /opt/cc3200/eclipse//../CC3200-Linux-SDK/lib/libsimplelink_nonos.a(cc_pal.o)
                0x0000000020010594                g_cDummy
                0x0000000020010598                g_ucDinDout
 COMMON         0x00000000200105e8        0x4 /usr/bin/../lib/gcc/arm-none-eabi/4.9.3/../../../../arm-none-eabi/lib/armv7e-m/libg.a(lib_a-reent.o)
                0x00000000200105e8                errno
                0x00000000200105ec                _ebss = .

.heap           0x00000000200105ec    0x10004
                0x00000000200105ec                _heap = .
                0x00000000200205ec                . = (. + HEAP_SIZE)
 *fill*         0x00000000200105ec    0x10000 
                0x00000000200205f0                . = ALIGN (0x8)
 *fill*         0x00000000200205ec        0x4 
                0x00000000200205f0                _eheap = .
OUTPUT(udp_socket.elf elf32-littlearm)

.debug_info     0x0000000000000000    0x1015b
 .debug_info    0x0000000000000000     0x1145 ./main.o
 .debug_info    0x0000000000001145       0x49 ./pinmux.o
 .debug_info    0x000000000000118e      0x1eb ./startup_gcc.o
 .debug_info    0x0000000000001379      0x2b0 ./uart_if.o
 .debug_info    0x0000000000001629      0x37b ./udma_if.o
 .debug_info    0x00000000000019a4      0xf88 /opt/cc3200/eclipse//../CC3200-Linux-SDK/lib/libsimplelink_nonos.a(device.o)
 .debug_info    0x000000000000292c     0x20d3 /opt/cc3200/eclipse//../CC3200-Linux-SDK/lib/libsimplelink_nonos.a(driver.o)
 .debug_info    0x00000000000049ff     0x1ebd /opt/cc3200/eclipse//../CC3200-Linux-SDK/lib/libsimplelink_nonos.a(netapp.o)
 .debug_info    0x00000000000068bc      0x44e /opt/cc3200/eclipse//../CC3200-Linux-SDK/lib/libsimplelink_nonos.a(netcfg.o)
 .debug_info    0x0000000000006d0a      0x63b /opt/cc3200/eclipse//../CC3200-Linux-SDK/lib/libsimplelink_nonos.a(nonos.o)
 .debug_info    0x0000000000007345     0x1ec7 /opt/cc3200/eclipse//../CC3200-Linux-SDK/lib/libsimplelink_nonos.a(socket.o)
 .debug_info    0x000000000000920c     0x2006 /opt/cc3200/eclipse//../CC3200-Linux-SDK/lib/libsimplelink_nonos.a(wlan.o)
 .debug_info    0x000000000000b212     0x12d3 /opt/cc3200/eclipse//../CC3200-Linux-SDK/lib/libsimplelink_nonos.a(cc_pal.o)
 .debug_info    0x000000000000c4e5      0x3f0 /opt/cc3200/eclipse//../CC3200-Linux-SDK/lib/libdriver.a(interrupt.o)
 .debug_info    0x000000000000c8d5      0x5cc /opt/cc3200/eclipse//../CC3200-Linux-SDK/lib/libdriver.a(pin.o)
 .debug_info    0x000000000000cea1     0x162c /opt/cc3200/eclipse//../CC3200-Linux-SDK/lib/libdriver.a(prcm.o)
 .debug_info    0x000000000000e4cd      0xc23 /opt/cc3200/eclipse//../CC3200-Linux-SDK/lib/libdriver.a(spi.o)
 .debug_info    0x000000000000f0f0      0x92d /opt/cc3200/eclipse//../CC3200-Linux-SDK/lib/libdriver.a(uart.o)
 .debug_info    0x000000000000fa1d      0x5f8 /opt/cc3200/eclipse//../CC3200-Linux-SDK/lib/libdriver.a(udma.o)
 .debug_info    0x0000000000010015       0x50 /opt/cc3200/eclipse//../CC3200-Linux-SDK/lib/libdriver.a(utils.o)
 .debug_info    0x0000000000010065       0xf6 /opt/cc3200/eclipse//../CC3200-Linux-SDK/lib/libdriver.a(cpu.o)

.debug_abbrev   0x0000000000000000     0x2a87
 .debug_abbrev  0x0000000000000000      0x2e3 ./main.o
 .debug_abbrev  0x00000000000002e3       0x3a ./pinmux.o
 .debug_abbrev  0x000000000000031d      0x124 ./startup_gcc.o
 .debug_abbrev  0x0000000000000441      0x14a ./uart_if.o
 .debug_abbrev  0x000000000000058b      0x143 ./udma_if.o
 .debug_abbrev  0x00000000000006ce      0x39e /opt/cc3200/eclipse//../CC3200-Linux-SDK/lib/libsimplelink_nonos.a(device.o)
 .debug_abbrev  0x0000000000000a6c      0x36b /opt/cc3200/eclipse//../CC3200-Linux-SDK/lib/libsimplelink_nonos.a(driver.o)
 .debug_abbrev  0x0000000000000dd7      0x397 /opt/cc3200/eclipse//../CC3200-Linux-SDK/lib/libsimplelink_nonos.a(netapp.o)
 .debug_abbrev  0x000000000000116e      0x191 /opt/cc3200/eclipse//../CC3200-Linux-SDK/lib/libsimplelink_nonos.a(netcfg.o)
 .debug_abbrev  0x00000000000012ff      0x17b /opt/cc3200/eclipse//../CC3200-Linux-SDK/lib/libsimplelink_nonos.a(nonos.o)
 .debug_abbrev  0x000000000000147a      0x377 /opt/cc3200/eclipse//../CC3200-Linux-SDK/lib/libsimplelink_nonos.a(socket.o)
 .debug_abbrev  0x00000000000017f1      0x2f6 /opt/cc3200/eclipse//../CC3200-Linux-SDK/lib/libsimplelink_nonos.a(wlan.o)
 .debug_abbrev  0x0000000000001ae7      0x2ed /opt/cc3200/eclipse//../CC3200-Linux-SDK/lib/libsimplelink_nonos.a(cc_pal.o)
 .debug_abbrev  0x0000000000001dd4      0x191 /opt/cc3200/eclipse//../CC3200-Linux-SDK/lib/libdriver.a(interrupt.o)
 .debug_abbrev  0x0000000000001f65      0x139 /opt/cc3200/eclipse//../CC3200-Linux-SDK/lib/libdriver.a(pin.o)
 .debug_abbrev  0x000000000000209e      0x335 /opt/cc3200/eclipse//../CC3200-Linux-SDK/lib/libdriver.a(prcm.o)
 .debug_abbrev  0x00000000000023d3      0x20e /opt/cc3200/eclipse//../CC3200-Linux-SDK/lib/libdriver.a(spi.o)
 .debug_abbrev  0x00000000000025e1      0x1e1 /opt/cc3200/eclipse//../CC3200-Linux-SDK/lib/libdriver.a(uart.o)
 .debug_abbrev  0x00000000000027c2      0x1cd /opt/cc3200/eclipse//../CC3200-Linux-SDK/lib/libdriver.a(udma.o)
 .debug_abbrev  0x000000000000298f       0x48 /opt/cc3200/eclipse//../CC3200-Linux-SDK/lib/libdriver.a(utils.o)
 .debug_abbrev  0x00000000000029d7       0xb0 /opt/cc3200/eclipse//../CC3200-Linux-SDK/lib/libdriver.a(cpu.o)

.debug_aranges  0x0000000000000000      0xc40
 .debug_aranges
                0x0000000000000000       0x90 ./main.o
 .debug_aranges
                0x0000000000000090       0x20 ./pinmux.o
 .debug_aranges
                0x00000000000000b0       0x48 ./startup_gcc.o
 .debug_aranges
                0x00000000000000f8       0x50 ./uart_if.o
 .debug_aranges
                0x0000000000000148       0x68 ./udma_if.o
 .debug_aranges
                0x00000000000001b0       0x70 /opt/cc3200/eclipse//../CC3200-Linux-SDK/lib/libsimplelink_nonos.a(device.o)
 .debug_aranges
                0x0000000000000220       0xf8 /opt/cc3200/eclipse//../CC3200-Linux-SDK/lib/libsimplelink_nonos.a(driver.o)
 .debug_aranges
                0x0000000000000318       0xa8 /opt/cc3200/eclipse//../CC3200-Linux-SDK/lib/libsimplelink_nonos.a(netapp.o)
 .debug_aranges
                0x00000000000003c0       0x28 /opt/cc3200/eclipse//../CC3200-Linux-SDK/lib/libsimplelink_nonos.a(netcfg.o)
 .debug_aranges
                0x00000000000003e8       0x38 /opt/cc3200/eclipse//../CC3200-Linux-SDK/lib/libsimplelink_nonos.a(nonos.o)
 .debug_aranges
                0x0000000000000420       0xe0 /opt/cc3200/eclipse//../CC3200-Linux-SDK/lib/libsimplelink_nonos.a(socket.o)
 .debug_aranges
                0x0000000000000500       0xb0 /opt/cc3200/eclipse//../CC3200-Linux-SDK/lib/libsimplelink_nonos.a(wlan.o)
 .debug_aranges
                0x00000000000005b0       0x78 /opt/cc3200/eclipse//../CC3200-Linux-SDK/lib/libsimplelink_nonos.a(cc_pal.o)
 .debug_aranges
                0x0000000000000628       0x98 /opt/cc3200/eclipse//../CC3200-Linux-SDK/lib/libdriver.a(interrupt.o)
 .debug_aranges
                0x00000000000006c0       0x90 /opt/cc3200/eclipse//../CC3200-Linux-SDK/lib/libdriver.a(pin.o)
 .debug_aranges
                0x0000000000000750      0x198 /opt/cc3200/eclipse//../CC3200-Linux-SDK/lib/libdriver.a(prcm.o)
 .debug_aranges
                0x00000000000008e8       0xe0 /opt/cc3200/eclipse//../CC3200-Linux-SDK/lib/libdriver.a(spi.o)
 .debug_aranges
                0x00000000000009c8      0x138 /opt/cc3200/eclipse//../CC3200-Linux-SDK/lib/libdriver.a(uart.o)
 .debug_aranges
                0x0000000000000b00       0xd8 /opt/cc3200/eclipse//../CC3200-Linux-SDK/lib/libdriver.a(udma.o)
 .debug_aranges
                0x0000000000000bd8       0x20 /opt/cc3200/eclipse//../CC3200-Linux-SDK/lib/libdriver.a(utils.o)
 .debug_aranges
                0x0000000000000bf8       0x48 /opt/cc3200/eclipse//../CC3200-Linux-SDK/lib/libdriver.a(cpu.o)

.debug_ranges   0x0000000000000000     0x1240
 .debug_ranges  0x0000000000000000       0x80 ./main.o
 .debug_ranges  0x0000000000000080       0x10 ./pinmux.o
 .debug_ranges  0x0000000000000090       0x38 ./startup_gcc.o
 .debug_ranges  0x00000000000000c8       0x40 ./uart_if.o
 .debug_ranges  0x0000000000000108       0x58 ./udma_if.o
 .debug_ranges  0x0000000000000160       0xe8 /opt/cc3200/eclipse//../CC3200-Linux-SDK/lib/libsimplelink_nonos.a(device.o)
 .debug_ranges  0x0000000000000248      0x1b0 /opt/cc3200/eclipse//../CC3200-Linux-SDK/lib/libsimplelink_nonos.a(driver.o)
 .debug_ranges  0x00000000000003f8      0x160 /opt/cc3200/eclipse//../CC3200-Linux-SDK/lib/libsimplelink_nonos.a(netapp.o)
 .debug_ranges  0x0000000000000558       0x38 /opt/cc3200/eclipse//../CC3200-Linux-SDK/lib/libsimplelink_nonos.a(netcfg.o)
 .debug_ranges  0x0000000000000590       0x28 /opt/cc3200/eclipse//../CC3200-Linux-SDK/lib/libsimplelink_nonos.a(nonos.o)
 .debug_ranges  0x00000000000005b8      0x140 /opt/cc3200/eclipse//../CC3200-Linux-SDK/lib/libsimplelink_nonos.a(socket.o)
 .debug_ranges  0x00000000000006f8      0x1b0 /opt/cc3200/eclipse//../CC3200-Linux-SDK/lib/libsimplelink_nonos.a(wlan.o)
 .debug_ranges  0x00000000000008a8       0xb0 /opt/cc3200/eclipse//../CC3200-Linux-SDK/lib/libsimplelink_nonos.a(cc_pal.o)
 .debug_ranges  0x0000000000000958       0x88 /opt/cc3200/eclipse//../CC3200-Linux-SDK/lib/libdriver.a(interrupt.o)
 .debug_ranges  0x00000000000009e0       0x80 /opt/cc3200/eclipse//../CC3200-Linux-SDK/lib/libdriver.a(pin.o)
 .debug_ranges  0x0000000000000a60      0x478 /opt/cc3200/eclipse//../CC3200-Linux-SDK/lib/libdriver.a(prcm.o)
 .debug_ranges  0x0000000000000ed8      0x100 /opt/cc3200/eclipse//../CC3200-Linux-SDK/lib/libdriver.a(spi.o)
 .debug_ranges  0x0000000000000fd8      0x158 /opt/cc3200/eclipse//../CC3200-Linux-SDK/lib/libdriver.a(uart.o)
 .debug_ranges  0x0000000000001130       0xc8 /opt/cc3200/eclipse//../CC3200-Linux-SDK/lib/libdriver.a(udma.o)
 .debug_ranges  0x00000000000011f8       0x10 /opt/cc3200/eclipse//../CC3200-Linux-SDK/lib/libdriver.a(utils.o)
 .debug_ranges  0x0000000000001208       0x38 /opt/cc3200/eclipse//../CC3200-Linux-SDK/lib/libdriver.a(cpu.o)

.debug_macro    0x0000000000000000     0x7e98
 .debug_macro   0x0000000000000000      0x238 ./main.o
 .debug_macro   0x0000000000000238      0x87a ./main.o
 .debug_macro   0x0000000000000ab2       0x58 ./main.o
 .debug_macro   0x0000000000000b0a       0x22 ./main.o
 .debug_macro   0x0000000000000b2c       0x35 ./main.o
 .debug_macro   0x0000000000000b61       0x9c ./main.o
 .debug_macro   0x0000000000000bfd       0x16 ./main.o
 .debug_macro   0x0000000000000c13      0x10e ./main.o
 .debug_macro   0x0000000000000d21       0x7f ./main.o
 .debug_macro   0x0000000000000da0       0x4a ./main.o
 .debug_macro   0x0000000000000dea       0x52 ./main.o
 .debug_macro   0x0000000000000e3c       0x16 ./main.o
 .debug_macro   0x0000000000000e52       0x43 ./main.o
 .debug_macro   0x0000000000000e95      0x180 ./main.o
 .debug_macro   0x0000000000001015      0x29d ./main.o
 .debug_macro   0x00000000000012b2       0x22 ./main.o
 .debug_macro   0x00000000000012d4       0x16 ./main.o
 .debug_macro   0x00000000000012ea       0x35 ./main.o
 .debug_macro   0x000000000000131f       0x10 ./main.o
 .debug_macro   0x000000000000132f       0xda ./main.o
 .debug_macro   0x0000000000001409       0x89 ./main.o
 .debug_macro   0x0000000000001492      0x273 ./main.o
 .debug_macro   0x0000000000001705      0x11c ./main.o
 .debug_macro   0x0000000000001821      0x20f ./main.o
 .debug_macro   0x0000000000001a30      0x8cf ./main.o
 .debug_macro   0x00000000000022ff      0x259 ./main.o
 .debug_macro   0x0000000000002558      0x424 ./main.o
 .debug_macro   0x000000000000297c      0x22b ./main.o
 .debug_macro   0x0000000000002ba7       0x28 ./main.o
 .debug_macro   0x0000000000002bcf      0x382 ./main.o
 .debug_macro   0x0000000000002f51       0x2e ./main.o
 .debug_macro   0x0000000000002f7f      0x136 ./main.o
 .debug_macro   0x00000000000030b5      0x11e ./main.o
 .debug_macro   0x00000000000031d3       0x3a ./main.o
 .debug_macro   0x000000000000320d       0xe8 ./main.o
 .debug_macro   0x00000000000032f5       0x9a ./main.o
 .debug_macro   0x000000000000338f      0x136 ./main.o
 .debug_macro   0x00000000000034c5      0xba7 ./main.o
 .debug_macro   0x000000000000406c       0x40 ./main.o
 .debug_macro   0x00000000000040ac      0x1c6 ./main.o
 .debug_macro   0x0000000000004272      0x13c ./main.o
 .debug_macro   0x00000000000043ae       0x22 ./main.o
 .debug_macro   0x00000000000043d0       0xc6 ./main.o
 .debug_macro   0x0000000000004496       0x28 ./main.o
 .debug_macro   0x00000000000044be       0x72 ./pinmux.o
 .debug_macro   0x0000000000004530      0x35b ./pinmux.o
 .debug_macro   0x000000000000488b      0x1a7 ./pinmux.o
 .debug_macro   0x0000000000004a32       0x9a ./pinmux.o
 .debug_macro   0x0000000000004acc       0x66 ./startup_gcc.o
 .debug_macro   0x0000000000004b32       0x44 ./startup_gcc.o
 .debug_macro   0x0000000000004b76       0x58 ./startup_gcc.o
 .debug_macro   0x0000000000004bce       0x22 ./startup_gcc.o
 .debug_macro   0x0000000000004bf0      0x1df ./startup_gcc.o
 .debug_macro   0x0000000000004dcf     0x1afd ./startup_gcc.o
 .debug_macro   0x00000000000068cc      0x1af ./uart_if.o
 .debug_macro   0x0000000000006a7b       0x58 ./uart_if.o
 .debug_macro   0x0000000000006ad3       0x1c ./uart_if.o
 .debug_macro   0x0000000000006aef       0x10 ./uart_if.o
 .debug_macro   0x0000000000006aff       0x22 ./uart_if.o
 .debug_macro   0x0000000000006b21       0xbe ./uart_if.o
 .debug_macro   0x0000000000006bdf       0x16 ./uart_if.o
 .debug_macro   0x0000000000006bf5      0x166 ./uart_if.o
 .debug_macro   0x0000000000006d5b       0x22 ./uart_if.o
 .debug_macro   0x0000000000006d7d       0x2e ./uart_if.o
 .debug_macro   0x0000000000006dab      0x1ba ./udma_if.o
 .debug_macro   0x0000000000006f65       0x16 ./udma_if.o
 .debug_macro   0x0000000000006f7b       0x97 ./udma_if.o
 .debug_macro   0x0000000000007012       0xef ./udma_if.o
 .debug_macro   0x0000000000007101       0x10 ./udma_if.o
 .debug_macro   0x0000000000007111      0x4b2 ./udma_if.o
 .debug_macro   0x00000000000075c3      0x37d ./udma_if.o
 .debug_macro   0x0000000000007940      0x558 ./udma_if.o

.debug_line     0x0000000000000000     0x40b7
 .debug_line    0x0000000000000000      0x7c7 ./main.o
 .debug_line    0x00000000000007c7      0x11f ./pinmux.o
 .debug_line    0x00000000000008e6      0x1e0 ./startup_gcc.o
 .debug_line    0x0000000000000ac6      0x3c0 ./uart_if.o
 .debug_line    0x0000000000000e86      0x3c3 ./udma_if.o
 .debug_line    0x0000000000001249      0x21c /opt/cc3200/eclipse//../CC3200-Linux-SDK/lib/libsimplelink_nonos.a(device.o)
 .debug_line    0x0000000000001465      0x6fe /opt/cc3200/eclipse//../CC3200-Linux-SDK/lib/libsimplelink_nonos.a(driver.o)
 .debug_line    0x0000000000001b63      0x3be /opt/cc3200/eclipse//../CC3200-Linux-SDK/lib/libsimplelink_nonos.a(netapp.o)
 .debug_line    0x0000000000001f21       0xc9 /opt/cc3200/eclipse//../CC3200-Linux-SDK/lib/libsimplelink_nonos.a(netcfg.o)
 .debug_line    0x0000000000001fea      0x116 /opt/cc3200/eclipse//../CC3200-Linux-SDK/lib/libsimplelink_nonos.a(nonos.o)
 .debug_line    0x0000000000002100      0x492 /opt/cc3200/eclipse//../CC3200-Linux-SDK/lib/libsimplelink_nonos.a(socket.o)
 .debug_line    0x0000000000002592      0x3b5 /opt/cc3200/eclipse//../CC3200-Linux-SDK/lib/libsimplelink_nonos.a(wlan.o)
 .debug_line    0x0000000000002947      0x305 /opt/cc3200/eclipse//../CC3200-Linux-SDK/lib/libsimplelink_nonos.a(cc_pal.o)
 .debug_line    0x0000000000002c4c      0x1bf /opt/cc3200/eclipse//../CC3200-Linux-SDK/lib/libdriver.a(interrupt.o)
 .debug_line    0x0000000000002e0b      0x186 /opt/cc3200/eclipse//../CC3200-Linux-SDK/lib/libdriver.a(pin.o)
 .debug_line    0x0000000000002f91      0x6a2 /opt/cc3200/eclipse//../CC3200-Linux-SDK/lib/libdriver.a(prcm.o)
 .debug_line    0x0000000000003633      0x357 /opt/cc3200/eclipse//../CC3200-Linux-SDK/lib/libdriver.a(spi.o)
 .debug_line    0x000000000000398a      0x388 /opt/cc3200/eclipse//../CC3200-Linux-SDK/lib/libdriver.a(uart.o)
 .debug_line    0x0000000000003d12      0x2d3 /opt/cc3200/eclipse//../CC3200-Linux-SDK/lib/libdriver.a(udma.o)
 .debug_line    0x0000000000003fe5       0x39 /opt/cc3200/eclipse//../CC3200-Linux-SDK/lib/libdriver.a(utils.o)
 .debug_line    0x000000000000401e       0x99 /opt/cc3200/eclipse//../CC3200-Linux-SDK/lib/libdriver.a(cpu.o)

.debug_str      0x0000000000000000    0x25b03
 .debug_str     0x0000000000000000    0x155d1 ./main.o
                                      0x15890 (size before relaxing)
 .debug_str     0x00000000000155d1     0x1603 ./pinmux.o
                                       0x8f62 (size before relaxing)
 .debug_str     0x0000000000016bd4     0x7539 ./startup_gcc.o
                                       0x9f0d (size before relaxing)
 .debug_str     0x000000000001e10d      0xc8e ./uart_if.o
                                       0xb92b (size before relaxing)
 .debug_str     0x000000000001ed9b     0x3983 ./udma_if.o
                                       0xf028 (size before relaxing)
 .debug_str     0x000000000002271e      0x8a0 /opt/cc3200/eclipse//../CC3200-Linux-SDK/lib/libsimplelink_nonos.a(device.o)
                                        0xa4d (size before relaxing)
 .debug_str     0x0000000000022fbe      0x58c /opt/cc3200/eclipse//../CC3200-Linux-SDK/lib/libsimplelink_nonos.a(driver.o)
                                        0xca7 (size before relaxing)
 .debug_str     0x000000000002354a      0x948 /opt/cc3200/eclipse//../CC3200-Linux-SDK/lib/libsimplelink_nonos.a(netapp.o)
                                       0x1343 (size before relaxing)
 .debug_str     0x0000000000023e92       0x9a /opt/cc3200/eclipse//../CC3200-Linux-SDK/lib/libsimplelink_nonos.a(netcfg.o)
                                        0x3f4 (size before relaxing)
 .debug_str     0x0000000000023f2c       0x6d /opt/cc3200/eclipse//../CC3200-Linux-SDK/lib/libsimplelink_nonos.a(nonos.o)
                                        0x587 (size before relaxing)
 .debug_str     0x0000000000023f99      0x4e3 /opt/cc3200/eclipse//../CC3200-Linux-SDK/lib/libsimplelink_nonos.a(socket.o)
                                        0xdff (size before relaxing)
 .debug_str     0x000000000002447c      0xd1a /opt/cc3200/eclipse//../CC3200-Linux-SDK/lib/libsimplelink_nonos.a(wlan.o)
                                       0x10aa (size before relaxing)
 .debug_str     0x0000000000025196      0x1db /opt/cc3200/eclipse//../CC3200-Linux-SDK/lib/libsimplelink_nonos.a(cc_pal.o)
                                        0x65b (size before relaxing)
 .debug_str     0x0000000000025371      0x1ae /opt/cc3200/eclipse//../CC3200-Linux-SDK/lib/libdriver.a(interrupt.o)
                                        0x2e6 (size before relaxing)
 .debug_str     0x000000000002551f       0x59 /opt/cc3200/eclipse//../CC3200-Linux-SDK/lib/libdriver.a(pin.o)
                                        0x21c (size before relaxing)
 .debug_str     0x0000000000025578      0x294 /opt/cc3200/eclipse//../CC3200-Linux-SDK/lib/libdriver.a(prcm.o)
                                        0x798 (size before relaxing)
 .debug_str     0x000000000002580c      0x173 /opt/cc3200/eclipse//../CC3200-Linux-SDK/lib/libdriver.a(spi.o)
                                        0x46c (size before relaxing)
 .debug_str     0x000000000002597f       0x79 /opt/cc3200/eclipse//../CC3200-Linux-SDK/lib/libdriver.a(uart.o)
                                        0x481 (size before relaxing)
 .debug_str     0x00000000000259f8       0xdf /opt/cc3200/eclipse//../CC3200-Linux-SDK/lib/libdriver.a(udma.o)
                                        0x42e (size before relaxing)
 .debug_str     0x0000000000025ad7        0x8 /opt/cc3200/eclipse//../CC3200-Linux-SDK/lib/libdriver.a(utils.o)
                                         0xed (size before relaxing)
 .debug_str     0x0000000000025adf       0x24 /opt/cc3200/eclipse//../CC3200-Linux-SDK/lib/libdriver.a(cpu.o)
                                        0x12b (size before relaxing)

.comment        0x0000000000000000       0xe0
 .comment       0x0000000000000000       0x70 ./main.o
                                         0x71 (size before relaxing)
 .comment       0x0000000000000000       0x71 ./pinmux.o
 .comment       0x0000000000000000       0x71 ./startup_gcc.o
 .comment       0x0000000000000000       0x71 ./uart_if.o
 .comment       0x0000000000000000       0x71 ./udma_if.o
 .comment       0x0000000000000070       0x70 /opt/cc3200/eclipse//../CC3200-Linux-SDK/lib/libsimplelink_nonos.a(device.o)
                                         0x71 (size before relaxing)
 .comment       0x0000000000000000       0x71 /opt/cc3200/eclipse//../CC3200-Linux-SDK/lib/libsimplelink_nonos.a(driver.o)
 .comment       0x0000000000000000       0x71 /opt/cc3200/eclipse//../CC3200-Linux-SDK/lib/libsimplelink_nonos.a(netapp.o)
 .comment       0x0000000000000000       0x71 /opt/cc3200/eclipse//../CC3200-Linux-SDK/lib/libsimplelink_nonos.a(netcfg.o)
 .comment       0x0000000000000000       0x71 /opt/cc3200/eclipse//../CC3200-Linux-SDK/lib/libsimplelink_nonos.a(nonos.o)
 .comment       0x0000000000000000       0x71 /opt/cc3200/eclipse//../CC3200-Linux-SDK/lib/libsimplelink_nonos.a(socket.o)
 .comment       0x0000000000000000       0x71 /opt/cc3200/eclipse//../CC3200-Linux-SDK/lib/libsimplelink_nonos.a(wlan.o)
 .comment       0x0000000000000000       0x71 /opt/cc3200/eclipse//../CC3200-Linux-SDK/lib/libsimplelink_nonos.a(cc_pal.o)
 .comment       0x0000000000000000       0x71 /opt/cc3200/eclipse//../CC3200-Linux-SDK/lib/libdriver.a(interrupt.o)
 .comment       0x0000000000000000       0x71 /opt/cc3200/eclipse//../CC3200-Linux-SDK/lib/libdriver.a(pin.o)
 .comment       0x0000000000000000       0x71 /opt/cc3200/eclipse//../CC3200-Linux-SDK/lib/libdriver.a(prcm.o)
 .comment       0x0000000000000000       0x71 /opt/cc3200/eclipse//../CC3200-Linux-SDK/lib/libdriver.a(spi.o)
 .comment       0x0000000000000000       0x71 /opt/cc3200/eclipse//../CC3200-Linux-SDK/lib/libdriver.a(uart.o)
 .comment       0x0000000000000000       0x71 /opt/cc3200/eclipse//../CC3200-Linux-SDK/lib/libdriver.a(udma.o)
 .comment       0x0000000000000000       0x71 /opt/cc3200/eclipse//../CC3200-Linux-SDK/lib/libdriver.a(utils.o)
 .comment       0x0000000000000000       0x71 /opt/cc3200/eclipse//../CC3200-Linux-SDK/lib/libdriver.a(cpu.o)

.ARM.attributes
                0x0000000000000000       0x2a
 .ARM.attributes
                0x0000000000000000       0x33 ./main.o
 .ARM.attributes
                0x0000000000000033       0x33 ./pinmux.o
 .ARM.attributes
                0x0000000000000066       0x33 ./startup_gcc.o
 .ARM.attributes
                0x0000000000000099       0x33 ./uart_if.o
 .ARM.attributes
                0x00000000000000cc       0x33 ./udma_if.o
 .ARM.attributes
                0x00000000000000ff       0x33 /opt/cc3200/eclipse//../CC3200-Linux-SDK/lib/libsimplelink_nonos.a(device.o)
 .ARM.attributes
                0x0000000000000132       0x33 /opt/cc3200/eclipse//../CC3200-Linux-SDK/lib/libsimplelink_nonos.a(driver.o)
 .ARM.attributes
                0x0000000000000165       0x33 /opt/cc3200/eclipse//../CC3200-Linux-SDK/lib/libsimplelink_nonos.a(netapp.o)
 .ARM.attributes
                0x0000000000000198       0x33 /opt/cc3200/eclipse//../CC3200-Linux-SDK/lib/libsimplelink_nonos.a(netcfg.o)
 .ARM.attributes
                0x00000000000001cb       0x33 /opt/cc3200/eclipse//../CC3200-Linux-SDK/lib/libsimplelink_nonos.a(nonos.o)
 .ARM.attributes
                0x00000000000001fe       0x33 /opt/cc3200/eclipse//../CC3200-Linux-SDK/lib/libsimplelink_nonos.a(socket.o)
 .ARM.attributes
                0x0000000000000231       0x33 /opt/cc3200/eclipse//../CC3200-Linux-SDK/lib/libsimplelink_nonos.a(wlan.o)
 .ARM.attributes
                0x0000000000000264       0x33 /opt/cc3200/eclipse//../CC3200-Linux-SDK/lib/libsimplelink_nonos.a(cc_pal.o)
 .ARM.attributes
                0x0000000000000297       0x33 /opt/cc3200/eclipse//../CC3200-Linux-SDK/lib/libdriver.a(interrupt.o)
 .ARM.attributes
                0x00000000000002ca       0x33 /opt/cc3200/eclipse//../CC3200-Linux-SDK/lib/libdriver.a(pin.o)
 .ARM.attributes
                0x00000000000002fd       0x33 /opt/cc3200/eclipse//../CC3200-Linux-SDK/lib/libdriver.a(prcm.o)
 .ARM.attributes
                0x0000000000000330       0x33 /opt/cc3200/eclipse//../CC3200-Linux-SDK/lib/libdriver.a(spi.o)
 .ARM.attributes
                0x0000000000000363       0x33 /opt/cc3200/eclipse//../CC3200-Linux-SDK/lib/libdriver.a(uart.o)
 .ARM.attributes
                0x0000000000000396       0x33 /opt/cc3200/eclipse//../CC3200-Linux-SDK/lib/libdriver.a(udma.o)
 .ARM.attributes
                0x00000000000003c9       0x33 /opt/cc3200/eclipse//../CC3200-Linux-SDK/lib/libdriver.a(utils.o)
 .ARM.attributes
                0x00000000000003fc       0x33 /opt/cc3200/eclipse//../CC3200-Linux-SDK/lib/libdriver.a(cpu.o)
 .ARM.attributes
                0x000000000000042f       0x1e /usr/bin/../lib/gcc/arm-none-eabi/4.9.3/armv7e-m/libgcc.a(_aeabi_uldivmod.o)
 .ARM.attributes
                0x000000000000044d       0x2e /usr/bin/../lib/gcc/arm-none-eabi/4.9.3/armv7e-m/libgcc.a(bpabi.o)
 .ARM.attributes
                0x000000000000047b       0x1e /usr/bin/../lib/gcc/arm-none-eabi/4.9.3/armv7e-m/libgcc.a(_dvmd_tls.o)
 .ARM.attributes
                0x0000000000000499       0x2e /usr/bin/../lib/gcc/arm-none-eabi/4.9.3/armv7e-m/libgcc.a(_divdi3.o)
 .ARM.attributes
                0x00000000000004c7       0x2e /usr/bin/../lib/gcc/arm-none-eabi/4.9.3/armv7e-m/libgcc.a(_udivdi3.o)
 .ARM.attributes
                0x00000000000004f5       0x2e /usr/bin/../lib/gcc/arm-none-eabi/4.9.3/../../../../arm-none-eabi/lib/armv7e-m/libg.a(lib_a-impure.o)
 .ARM.attributes
                0x0000000000000523       0x2e /usr/bin/../lib/gcc/arm-none-eabi/4.9.3/../../../../arm-none-eabi/lib/armv7e-m/libg.a(lib_a-malloc.o)
 .ARM.attributes
                0x0000000000000551       0x2e /usr/bin/../lib/gcc/arm-none-eabi/4.9.3/../../../../arm-none-eabi/lib/armv7e-m/libg.a(lib_a-mallocr.o)
 .ARM.attributes
                0x000000000000057f       0x1c /usr/bin/../lib/gcc/arm-none-eabi/4.9.3/../../../../arm-none-eabi/lib/armv7e-m/libg.a(lib_a-memcpy.o)
 .ARM.attributes
                0x000000000000059b       0x2e /usr/bin/../lib/gcc/arm-none-eabi/4.9.3/../../../../arm-none-eabi/lib/armv7e-m/libg.a(lib_a-memmove.o)
 .ARM.attributes
                0x00000000000005c9       0x2e /usr/bin/../lib/gcc/arm-none-eabi/4.9.3/../../../../arm-none-eabi/lib/armv7e-m/libg.a(lib_a-memset.o)
 .ARM.attributes
                0x00000000000005f7       0x2e /usr/bin/../lib/gcc/arm-none-eabi/4.9.3/../../../../arm-none-eabi/lib/armv7e-m/libg.a(lib_a-mlock.o)
 .ARM.attributes
                0x0000000000000625       0x2e /usr/bin/../lib/gcc/arm-none-eabi/4.9.3/../../../../arm-none-eabi/lib/armv7e-m/libg.a(lib_a-realloc.o)
 .ARM.attributes
                0x0000000000000653       0x2e /usr/bin/../lib/gcc/arm-none-eabi/4.9.3/../../../../arm-none-eabi/lib/armv7e-m/libg.a(lib_a-reallocr.o)
 .ARM.attributes
                0x0000000000000681       0x2e /usr/bin/../lib/gcc/arm-none-eabi/4.9.3/../../../../arm-none-eabi/lib/armv7e-m/libg.a(lib_a-sbrkr.o)
 .ARM.attributes
                0x00000000000006af       0x2e /usr/bin/../lib/gcc/arm-none-eabi/4.9.3/../../../../arm-none-eabi/lib/armv7e-m/libg.a(lib_a-strlen.o)
 .ARM.attributes
                0x00000000000006dd       0x2e /usr/bin/../lib/gcc/arm-none-eabi/4.9.3/../../../../arm-none-eabi/lib/armv7e-m/libg.a(lib_a-strtok.o)
 .ARM.attributes
                0x000000000000070b       0x2e /usr/bin/../lib/gcc/arm-none-eabi/4.9.3/../../../../arm-none-eabi/lib/armv7e-m/libg.a(lib_a-strtok_r.o)
 .ARM.attributes
                0x0000000000000739       0x2e /usr/bin/../lib/gcc/arm-none-eabi/4.9.3/../../../../arm-none-eabi/lib/armv7e-m/libg.a(lib_a-strtoul.o)
 .ARM.attributes
                0x0000000000000767       0x2e /usr/bin/../lib/gcc/arm-none-eabi/4.9.3/../../../../arm-none-eabi/lib/armv7e-m/libg.a(lib_a-vsnprintf.o)
 .ARM.attributes
                0x0000000000000795       0x2e /usr/bin/../lib/gcc/arm-none-eabi/4.9.3/../../../../arm-none-eabi/lib/armv7e-m/libg.a(lib_a-ctype_.o)
 .ARM.attributes
                0x00000000000007c3       0x2e /usr/bin/../lib/gcc/arm-none-eabi/4.9.3/../../../../arm-none-eabi/lib/armv7e-m/libg.a(lib_a-freer.o)
 .ARM.attributes
                0x00000000000007f1       0x2e /usr/bin/../lib/gcc/arm-none-eabi/4.9.3/../../../../arm-none-eabi/lib/armv7e-m/libg.a(lib_a-reent.o)
 .ARM.attributes
                0x000000000000081f       0x2e /usr/bin/../lib/gcc/arm-none-eabi/4.9.3/../../../../arm-none-eabi/lib/armv7e-m/libg.a(lib_a-svfprintf.o)
 .ARM.attributes
                0x000000000000084d       0x2e /usr/bin/../lib/gcc/arm-none-eabi/4.9.3/../../../../arm-none-eabi/lib/armv7e-m/libg.a(lib_a-dtoa.o)
 .ARM.attributes
                0x000000000000087b       0x2e /usr/bin/../lib/gcc/arm-none-eabi/4.9.3/../../../../arm-none-eabi/lib/armv7e-m/libg.a(lib_a-locale.o)
 .ARM.attributes
                0x00000000000008a9       0x2e /usr/bin/../lib/gcc/arm-none-eabi/4.9.3/../../../../arm-none-eabi/lib/armv7e-m/libg.a(lib_a-memchr.o)
 .ARM.attributes
                0x00000000000008d7       0x2e /usr/bin/../lib/gcc/arm-none-eabi/4.9.3/../../../../arm-none-eabi/lib/armv7e-m/libg.a(lib_a-mprec.o)
 .ARM.attributes
                0x0000000000000905       0x2e /usr/bin/../lib/gcc/arm-none-eabi/4.9.3/../../../../arm-none-eabi/lib/armv7e-m/libg.a(lib_a-s_fpclassify.o)
 .ARM.attributes
                0x0000000000000933       0x2e /usr/bin/../lib/gcc/arm-none-eabi/4.9.3/../../../../arm-none-eabi/lib/armv7e-m/libg.a(lib_a-svfiprintf.o)
 .ARM.attributes
                0x0000000000000961       0x2e /usr/bin/../lib/gcc/arm-none-eabi/4.9.3/../../../../arm-none-eabi/lib/armv7e-m/libg.a(lib_a-callocr.o)
 .ARM.attributes
                0x000000000000098f       0x1e /usr/bin/../lib/gcc/arm-none-eabi/4.9.3/armv7e-m/libgcc.a(_arm_addsubdf3.o)
 .ARM.attributes
                0x00000000000009ad       0x1e /usr/bin/../lib/gcc/arm-none-eabi/4.9.3/armv7e-m/libgcc.a(_arm_muldivdf3.o)
 .ARM.attributes
                0x00000000000009cb       0x1e /usr/bin/../lib/gcc/arm-none-eabi/4.9.3/armv7e-m/libgcc.a(_arm_cmpdf2.o)
 .ARM.attributes
                0x00000000000009e9       0x1e /usr/bin/../lib/gcc/arm-none-eabi/4.9.3/armv7e-m/libgcc.a(_arm_fixdfsi.o)

.debug_frame    0x0000000000000000     0x2bd4
 .debug_frame   0x0000000000000000      0x254 ./main.o
 .debug_frame   0x0000000000000254       0x2c ./pinmux.o
 .debug_frame   0x0000000000000280       0xbc ./startup_gcc.o
 .debug_frame   0x000000000000033c      0x12c ./uart_if.o
 .debug_frame   0x0000000000000468      0x168 ./udma_if.o
 .debug_frame   0x00000000000005d0      0x14c /opt/cc3200/eclipse//../CC3200-Linux-SDK/lib/libsimplelink_nonos.a(device.o)
 .debug_frame   0x000000000000071c      0x354 /opt/cc3200/eclipse//../CC3200-Linux-SDK/lib/libsimplelink_nonos.a(driver.o)
 .debug_frame   0x0000000000000a70      0x240 /opt/cc3200/eclipse//../CC3200-Linux-SDK/lib/libsimplelink_nonos.a(netapp.o)
 .debug_frame   0x0000000000000cb0       0x58 /opt/cc3200/eclipse//../CC3200-Linux-SDK/lib/libsimplelink_nonos.a(netcfg.o)
 .debug_frame   0x0000000000000d08       0x78 /opt/cc3200/eclipse//../CC3200-Linux-SDK/lib/libsimplelink_nonos.a(nonos.o)
 .debug_frame   0x0000000000000d80      0x2e4 /opt/cc3200/eclipse//../CC3200-Linux-SDK/lib/libsimplelink_nonos.a(socket.o)
 .debug_frame   0x0000000000001064      0x264 /opt/cc3200/eclipse//../CC3200-Linux-SDK/lib/libsimplelink_nonos.a(wlan.o)
 .debug_frame   0x00000000000012c8      0x150 /opt/cc3200/eclipse//../CC3200-Linux-SDK/lib/libsimplelink_nonos.a(cc_pal.o)
 .debug_frame   0x0000000000001418      0x128 /opt/cc3200/eclipse//../CC3200-Linux-SDK/lib/libdriver.a(interrupt.o)
 .debug_frame   0x0000000000001540      0x17c /opt/cc3200/eclipse//../CC3200-Linux-SDK/lib/libdriver.a(pin.o)
 .debug_frame   0x00000000000016bc      0x4a0 /opt/cc3200/eclipse//../CC3200-Linux-SDK/lib/libdriver.a(prcm.o)
 .debug_frame   0x0000000000001b5c      0x208 /opt/cc3200/eclipse//../CC3200-Linux-SDK/lib/libdriver.a(spi.o)
 .debug_frame   0x0000000000001d64      0x28c /opt/cc3200/eclipse//../CC3200-Linux-SDK/lib/libdriver.a(uart.o)
 .debug_frame   0x0000000000001ff0      0x1cc /opt/cc3200/eclipse//../CC3200-Linux-SDK/lib/libdriver.a(udma.o)
 .debug_frame   0x00000000000021bc       0x20 /opt/cc3200/eclipse//../CC3200-Linux-SDK/lib/libdriver.a(utils.o)
 .debug_frame   0x00000000000021dc       0x70 /opt/cc3200/eclipse//../CC3200-Linux-SDK/lib/libdriver.a(cpu.o)
 .debug_frame   0x000000000000224c       0x28 /usr/bin/../lib/gcc/arm-none-eabi/4.9.3/armv7e-m/libgcc.a(_aeabi_uldivmod.o)
 .debug_frame   0x0000000000002274       0x50 /usr/bin/../lib/gcc/arm-none-eabi/4.9.3/armv7e-m/libgcc.a(bpabi.o)
 .debug_frame   0x00000000000022c4       0x34 /usr/bin/../lib/gcc/arm-none-eabi/4.9.3/armv7e-m/libgcc.a(_divdi3.o)