Archive member included because of file (symbol)

/opt/cc3200/eclipse//../CC3200-Linux-SDK/lib/libdriver.a(interrupt.o)
                              ./main.o (IntMasterEnable)
/opt/cc3200/eclipse//../CC3200-Linux-SDK/lib/libdriver.a(pin.o)
                              ./main.o (PinDirModeSet)
/opt/cc3200/eclipse//../CC3200-Linux-SDK/lib/libdriver.a(prcm.o)
                              ./main.o (PRCMPeripheralClkEnable)
/opt/cc3200/eclipse//../CC3200-Linux-SDK/lib/libdriver.a(sdhost.o)
                              ./main.o (SDHostInit)
/opt/cc3200/eclipse//../CC3200-Linux-SDK/lib/libdriver.a(uart.o)
                              ./uart_if.o (UARTConfigSetExpClk)
/opt/cc3200/eclipse//../CC3200-Linux-SDK/lib/libdriver.a(utils.o)
                              ./main.o (UtilsDelay)
/opt/cc3200/eclipse//../CC3200-Linux-SDK/lib/libdriver.a(cpu.o)
                              /opt/cc3200/eclipse//../CC3200-Linux-SDK/lib/libdriver.a(interrupt.o) (CPUcpsid)
/opt/cc3200/eclipse//../CC3200-Linux-SDK/lib/libdriver.a(flash.o)
                              /opt/cc3200/eclipse//../CC3200-Linux-SDK/lib/libdriver.a(prcm.o) (FlashDisable)
/usr/bin/../lib/gcc/arm-none-eabi/4.9.3/armv7e-m/libgcc.a(_aeabi_uldivmod.o)
                              /opt/cc3200/eclipse//../CC3200-Linux-SDK/lib/libdriver.a(prcm.o) (__aeabi_uldivmod)
/usr/bin/../lib/gcc/arm-none-eabi/4.9.3/armv7e-m/libgcc.a(bpabi.o)
                              /usr/bin/../lib/gcc/arm-none-eabi/4.9.3/armv7e-m/libgcc.a(_aeabi_uldivmod.o) (__gnu_uldivmod_helper)
/usr/bin/../lib/gcc/arm-none-eabi/4.9.3/armv7e-m/libgcc.a(_dvmd_tls.o)
                              /usr/bin/../lib/gcc/arm-none-eabi/4.9.3/armv7e-m/libgcc.a(_aeabi_uldivmod.o) (__aeabi_ldiv0)
/usr/bin/../lib/gcc/arm-none-eabi/4.9.3/armv7e-m/libgcc.a(_divdi3.o)
                              /usr/bin/../lib/gcc/arm-none-eabi/4.9.3/armv7e-m/libgcc.a(bpabi.o) (__divdi3)
/usr/bin/../lib/gcc/arm-none-eabi/4.9.3/armv7e-m/libgcc.a(_udivdi3.o)
                              /usr/bin/../lib/gcc/arm-none-eabi/4.9.3/armv7e-m/libgcc.a(bpabi.o) (__udivdi3)
/usr/bin/../lib/gcc/arm-none-eabi/4.9.3/../../../../arm-none-eabi/lib/armv7e-m/libg.a(lib_a-exit.o)
                              /usr/bin/../lib/gcc/arm-none-eabi/4.9.3/../../../../arm-none-eabi/lib/armv7e-m/crt0.o (exit)
/usr/bin/../lib/gcc/arm-none-eabi/4.9.3/../../../../arm-none-eabi/lib/armv7e-m/libg.a(lib_a-impure.o)
                              /usr/bin/../lib/gcc/arm-none-eabi/4.9.3/../../../../arm-none-eabi/lib/armv7e-m/libg.a(lib_a-exit.o) (_global_impure_ptr)
/usr/bin/../lib/gcc/arm-none-eabi/4.9.3/../../../../arm-none-eabi/lib/armv7e-m/libg.a(lib_a-init.o)
                              /usr/bin/../lib/gcc/arm-none-eabi/4.9.3/../../../../arm-none-eabi/lib/armv7e-m/crt0.o (__libc_init_array)
/usr/bin/../lib/gcc/arm-none-eabi/4.9.3/../../../../arm-none-eabi/lib/armv7e-m/libg.a(lib_a-malloc.o)
                              ./uart_if.o (malloc)
/usr/bin/../lib/gcc/arm-none-eabi/4.9.3/../../../../arm-none-eabi/lib/armv7e-m/libg.a(lib_a-mallocr.o)
                              /usr/bin/../lib/gcc/arm-none-eabi/4.9.3/../../../../arm-none-eabi/lib/armv7e-m/libg.a(lib_a-malloc.o) (_malloc_r)
/usr/bin/../lib/gcc/arm-none-eabi/4.9.3/../../../../arm-none-eabi/lib/armv7e-m/libg.a(lib_a-memmove.o)
                              ./uart_if.o (memmove)
/usr/bin/../lib/gcc/arm-none-eabi/4.9.3/../../../../arm-none-eabi/lib/armv7e-m/libg.a(lib_a-memset.o)
                              /usr/bin/../lib/gcc/arm-none-eabi/4.9.3/../../../../arm-none-eabi/lib/armv7e-m/crt0.o (memset)
/usr/bin/../lib/gcc/arm-none-eabi/4.9.3/../../../../arm-none-eabi/lib/armv7e-m/libg.a(lib_a-mlock.o)
                              /usr/bin/../lib/gcc/arm-none-eabi/4.9.3/../../../../arm-none-eabi/lib/armv7e-m/libg.a(lib_a-mallocr.o) (__malloc_lock)
/usr/bin/../lib/gcc/arm-none-eabi/4.9.3/../../../../arm-none-eabi/lib/armv7e-m/libg.a(lib_a-realloc.o)
                              ./uart_if.o (realloc)
/usr/bin/../lib/gcc/arm-none-eabi/4.9.3/../../../../arm-none-eabi/lib/armv7e-m/libg.a(lib_a-reallocr.o)
                              /usr/bin/../lib/gcc/arm-none-eabi/4.9.3/../../../../arm-none-eabi/lib/armv7e-m/libg.a(lib_a-realloc.o) (_realloc_r)
/usr/bin/../lib/gcc/arm-none-eabi/4.9.3/../../../../arm-none-eabi/lib/armv7e-m/libg.a(lib_a-sbrkr.o)
                              /usr/bin/../lib/gcc/arm-none-eabi/4.9.3/../../../../arm-none-eabi/lib/armv7e-m/libg.a(lib_a-mallocr.o) (_sbrk_r)
/usr/bin/../lib/gcc/arm-none-eabi/4.9.3/../../../../arm-none-eabi/lib/armv7e-m/libg.a(lib_a-strlen.o)
                              ./uart_if.o (strlen)
/usr/bin/../lib/gcc/arm-none-eabi/4.9.3/../../../../arm-none-eabi/lib/armv7e-m/libg.a(lib_a-vsnprintf.o)
                              ./uart_if.o (vsnprintf)
/usr/bin/../lib/gcc/arm-none-eabi/4.9.3/../../../../arm-none-eabi/lib/armv7e-m/libg.a(lib_a-__call_atexit.o)
[...]
Memory Configuration

Name             Origin             Length             Attributes
SRAM             0x0000000020004000 0x000000000003c000 xrw
*default*        0x0000000000000000 0xffffffffffffffff

Linker script and memory map

LOAD /usr/bin/../lib/gcc/arm-none-eabi/4.9.3/armv7e-m/crti.o
LOAD /usr/bin/../lib/gcc/arm-none-eabi/4.9.3/armv7e-m/crtbegin.o
LOAD /usr/bin/../lib/gcc/arm-none-eabi/4.9.3/../../../../arm-none-eabi/lib/armv7e-m/crt0.o
LOAD ./main.o
LOAD ./pinmux.o
LOAD ./startup_gcc.o
LOAD ./uart_if.o
LOAD /opt/cc3200/eclipse//../CC3200-Linux-SDK/lib/libdriver.a
START GROUP
LOAD /usr/bin/../lib/gcc/arm-none-eabi/4.9.3/armv7e-m/libgcc.a
LOAD /usr/bin/../lib/gcc/arm-none-eabi/4.9.3/../../../../arm-none-eabi/lib/armv7e-m/libg.a
LOAD /usr/bin/../lib/gcc/arm-none-eabi/4.9.3/../../../../arm-none-eabi/lib/armv7e-m/libc.a
END GROUP
LOAD /usr/bin/../lib/gcc/arm-none-eabi/4.9.3/armv7e-m/crtend.o
LOAD /usr/bin/../lib/gcc/arm-none-eabi/4.9.3/armv7e-m/crtn.o
                0x0000000000010000                HEAP_SIZE = 0x10000

.text           0x0000000020004000     0x6008
                0x0000000020004000                _text = .
 *(.intvecs)
 .intvecs       0x0000000020004000      0x400 ./startup_gcc.o
                0x0000000020004000                g_pfnVectors
 *(.text*)
 .text.SendCmd  0x0000000020004400       0x58 ./main.o
 .text.CardCapacityGet
                0x0000000020004458       0xd0 ./main.o
 .text.CardInit
                0x0000000020004528      0x14c ./main.o
 .text.CardSelect
                0x0000000020004674       0x4c ./main.o
 .text.CardDeselect
                0x00000000200046c0       0x10 ./main.o
 .text.CardReadBlock
                0x00000000200046d0       0x7c ./main.o
 .text.BoardInit
                0x000000002000474c       0x14 ./main.o
 .text.main     0x0000000020004760      0x1c4 ./main.o
                0x0000000020004760                main
 .text.PinMuxConfig
                0x0000000020004924       0x40 ./pinmux.o
                0x0000000020004924                PinMuxConfig
 .text.ResetISR
                0x0000000020004964       0x58 ./startup_gcc.o
                0x0000000020004964                ResetISR
 .text.NmiSR    0x00000000200049bc        0x8 ./startup_gcc.o
 .text.FaultISR
                0x00000000200049c4        0x8 ./startup_gcc.o
 .text.BusFaultHandler
                0x00000000200049cc        0x8 ./startup_gcc.o
 .text.IntDefaultHandler
                0x00000000200049d4        0x8 ./startup_gcc.o
 .text._sbrk    0x00000000200049dc       0x54 ./startup_gcc.o
                0x00000000200049dc                _sbrk
 .text.InitTerm
                0x0000000020004a30       0x2c ./uart_if.o
                0x0000000020004a30                InitTerm
 .text.Message  0x0000000020004a5c       0x34 ./uart_if.o
                0x0000000020004a5c                Message
 .text.ClearTerm
                0x0000000020004a90       0x10 ./uart_if.o
                0x0000000020004a90                ClearTerm
 .text.Report   0x0000000020004aa0       0x9c ./uart_if.o
                0x0000000020004aa0                Report
 .text.IntMasterEnable
                0x0000000020004b3c        0xa /opt/cc3200/eclipse//../CC3200-Linux-SDK/lib/libdriver.a(interrupt.o)
                0x0000000020004b3c                IntMasterEnable
 *fill*         0x0000000020004b46        0x2 
 .text.IntEnable
                0x0000000020004b48       0x64 /opt/cc3200/eclipse//../CC3200-Linux-SDK/lib/libdriver.a(interrupt.o)
                0x0000000020004b48                IntEnable
 .text.PinModeSet
                0x0000000020004bac       0x28 /opt/cc3200/eclipse//../CC3200-Linux-SDK/lib/libdriver.a(pin.o)
                0x0000000020004bac                PinModeSet
 .text.PinDirModeSet
                0x0000000020004bd4       0x24 /opt/cc3200/eclipse//../CC3200-Linux-SDK/lib/libdriver.a(pin.o)
                0x0000000020004bd4                PinDirModeSet
 .text.PinConfigSet
                0x0000000020004bf8       0x5c /opt/cc3200/eclipse//../CC3200-Linux-SDK/lib/libdriver.a(pin.o)
                0x0000000020004bf8                PinConfigSet
 .text.PinTypeUART
                0x0000000020004c54       0x16 /opt/cc3200/eclipse//../CC3200-Linux-SDK/lib/libdriver.a(pin.o)
                0x0000000020004c54                PinTypeUART
 .text.PinTypeSDHost
                0x0000000020004c6a       0x16 /opt/cc3200/eclipse//../CC3200-Linux-SDK/lib/libdriver.a(pin.o)
                0x0000000020004c6a                PinTypeSDHost
 .text.PRCMSysResetCauseGet
                0x0000000020004c80       0x2c /opt/cc3200/eclipse//../CC3200-Linux-SDK/lib/libdriver.a(prcm.o)
                0x0000000020004c80                PRCMSysResetCauseGet
 .text.PRCMPeripheralClkEnable
                0x0000000020004cac       0x2c /opt/cc3200/eclipse//../CC3200-Linux-SDK/lib/libdriver.a(prcm.o)
                0x0000000020004cac                PRCMPeripheralClkEnable
 .text.PRCMPeripheralClkDisable
                0x0000000020004cd8       0x1c /opt/cc3200/eclipse//../CC3200-Linux-SDK/lib/libdriver.a(prcm.o)
                0x0000000020004cd8                PRCMPeripheralClkDisable
 .text.PRCMPeripheralClockGet
                0x0000000020004cf4       0x48 /opt/cc3200/eclipse//../CC3200-Linux-SDK/lib/libdriver.a(prcm.o)
                0x0000000020004cf4                PRCMPeripheralClockGet
 .text.PRCMPeripheralReset
                0x0000000020004d3c       0x40 /opt/cc3200/eclipse//../CC3200-Linux-SDK/lib/libdriver.a(prcm.o)
                0x0000000020004d3c                PRCMPeripheralReset
 .text.PRCMCC3200MCUInit
                0x0000000020004d7c      0x120 /opt/cc3200/eclipse//../CC3200-Linux-SDK/lib/libdriver.a(prcm.o)
                0x0000000020004d7c                PRCMCC3200MCUInit
 .text.SDHostInit
                0x0000000020004e9c       0x66 /opt/cc3200/eclipse//../CC3200-Linux-SDK/lib/libdriver.a(sdhost.o)
                0x0000000020004e9c                SDHostInit
 .text.SDHostCmdReset
                0x0000000020004f02       0x18 /opt/cc3200/eclipse//../CC3200-Linux-SDK/lib/libdriver.a(sdhost.o)
                0x0000000020004f02                SDHostCmdReset
 .text.SDHostCmdSend
                0x0000000020004f1a       0x26 /opt/cc3200/eclipse//../CC3200-Linux-SDK/lib/libdriver.a(sdhost.o)
                0x0000000020004f1a                SDHostCmdSend
 .text.SDHostDataRead
                0x0000000020004f40       0x10 /opt/cc3200/eclipse//../CC3200-Linux-SDK/lib/libdriver.a(sdhost.o)
                0x0000000020004f40                SDHostDataRead
 .text.SDHostIntStatus
                0x0000000020004f50       0x18 /opt/cc3200/eclipse//../CC3200-Linux-SDK/lib/libdriver.a(sdhost.o)
                0x0000000020004f50                SDHostIntStatus
 .text.SDHostIntClear
                0x0000000020004f68       0x14 /opt/cc3200/eclipse//../CC3200-Linux-SDK/lib/libdriver.a(sdhost.o)
                0x0000000020004f68                SDHostIntClear
 .text.SDHostSetExpClk
                0x0000000020004f7c       0x4e /opt/cc3200/eclipse//../CC3200-Linux-SDK/lib/libdriver.a(sdhost.o)
                0x0000000020004f7c                SDHostSetExpClk
 .text.SDHostRespGet
                0x0000000020004fca       0x1a /opt/cc3200/eclipse//../CC3200-Linux-SDK/lib/libdriver.a(sdhost.o)
                0x0000000020004fca                SDHostRespGet
 .text.SDHostBlockSizeSet
                0x0000000020004fe4       0x10 /opt/cc3200/eclipse//../CC3200-Linux-SDK/lib/libdriver.a(sdhost.o)
                0x0000000020004fe4                SDHostBlockSizeSet
 .text.SDHostBlockCountSet
                0x0000000020004ff4       0x10 /opt/cc3200/eclipse//../CC3200-Linux-SDK/lib/libdriver.a(sdhost.o)
                0x0000000020004ff4                SDHostBlockCountSet
 .text.UARTEnable
                0x0000000020005004       0x16 /opt/cc3200/eclipse//../CC3200-Linux-SDK/lib/libdriver.a(uart.o)
                0x0000000020005004                UARTEnable
 .text.UARTDisable
                0x000000002000501a       0x1c /opt/cc3200/eclipse//../CC3200-Linux-SDK/lib/libdriver.a(uart.o)
                0x000000002000501a                UARTDisable
 .text.UARTConfigSetExpClk
                0x0000000020005036       0x48 /opt/cc3200/eclipse//../CC3200-Linux-SDK/lib/libdriver.a(uart.o)
                0x0000000020005036                UARTConfigSetExpClk
 .text.UARTCharPut
                0x000000002000507e        0xa /opt/cc3200/eclipse//../CC3200-Linux-SDK/lib/libdriver.a(uart.o)
                0x000000002000507e                UARTCharPut
 .text.UtilsDelay
                0x0000000020005088        0x8 /opt/cc3200/eclipse//../CC3200-Linux-SDK/lib/libdriver.a(utils.o)
                0x0000000020005088                UtilsDelay
 .text.CPUcpsie
                0x0000000020005090       0x10 /opt/cc3200/eclipse//../CC3200-Linux-SDK/lib/libdriver.a(cpu.o)
                0x0000000020005090                CPUcpsie
 .text          0x00000000200050a0       0x30 /usr/bin/../lib/gcc/arm-none-eabi/4.9.3/armv7e-m/libgcc.a(_aeabi_uldivmod.o)
                0x00000000200050a0                __aeabi_uldivmod
 .text          0x00000000200050d0       0x60 /usr/bin/../lib/gcc/arm-none-eabi/4.9.3/armv7e-m/libgcc.a(bpabi.o)
                0x00000000200050d0                __gnu_ldivmod_helper
                0x0000000020005100                __gnu_uldivmod_helper
 .text          0x0000000020005130        0x4 /usr/bin/../lib/gcc/arm-none-eabi/4.9.3/armv7e-m/libgcc.a(_dvmd_tls.o)
                0x0000000020005130                __aeabi_ldiv0
                0x0000000020005130                __aeabi_idiv0
 .text          0x0000000020005134      0x29c /usr/bin/../lib/gcc/arm-none-eabi/4.9.3/armv7e-m/libgcc.a(_divdi3.o)
                0x0000000020005134                __divdi3
 .text          0x00000000200053d0      0x26c /usr/bin/../lib/gcc/arm-none-eabi/4.9.3/armv7e-m/libgcc.a(_udivdi3.o)
                0x00000000200053d0                __udivdi3
 .text.malloc   0x000000002000563c       0x10 /usr/bin/../lib/gcc/arm-none-eabi/4.9.3/../../../../arm-none-eabi/lib/armv7e-m/libg.a(lib_a-malloc.o)
                0x000000002000563c                malloc
 .text.free     0x000000002000564c       0x10 /usr/bin/../lib/gcc/arm-none-eabi/4.9.3/../../../../arm-none-eabi/lib/armv7e-m/libg.a(lib_a-malloc.o)
                0x000000002000564c                free
 .text._malloc_r
                0x000000002000565c      0x524 /usr/bin/../lib/gcc/arm-none-eabi/4.9.3/../../../../arm-none-eabi/lib/armv7e-m/libg.a(lib_a-mallocr.o)
                0x000000002000565c                _malloc_r
 .text.memmove  0x0000000020005b80       0xc8 /usr/bin/../lib/gcc/arm-none-eabi/4.9.3/../../../../arm-none-eabi/lib/armv7e-m/libg.a(lib_a-memmove.o)
                0x0000000020005b80                memmove
 .text.memset   0x0000000020005c48       0x9c /usr/bin/../lib/gcc/arm-none-eabi/4.9.3/../../../../arm-none-eabi/lib/armv7e-m/libg.a(lib_a-memset.o)
                0x0000000020005c48                memset
 .text.__malloc_lock
                0x0000000020005ce4        0x4 /usr/bin/../lib/gcc/arm-none-eabi/4.9.3/../../../../arm-none-eabi/lib/armv7e-m/libg.a(lib_a-mlock.o)
                0x0000000020005ce4                __malloc_lock
 .text.__malloc_unlock
                0x0000000020005ce8        0x4 /usr/bin/../lib/gcc/arm-none-eabi/4.9.3/../../../../arm-none-eabi/lib/armv7e-m/libg.a(lib_a-mlock.o)
                0x0000000020005ce8                __malloc_unlock
 .text.realloc  0x0000000020005cec       0x10 /usr/bin/../lib/gcc/arm-none-eabi/4.9.3/../../../../arm-none-eabi/lib/armv7e-m/libg.a(lib_a-realloc.o)
                0x0000000020005cec                realloc
 .text._realloc_r
                0x0000000020005cfc      0x3ec /usr/bin/../lib/gcc/arm-none-eabi/4.9.3/../../../../arm-none-eabi/lib/armv7e-m/libg.a(lib_a-reallocr.o)
                0x0000000020005cfc                _realloc_r
 .text._sbrk_r  0x00000000200060e8       0x24 /usr/bin/../lib/gcc/arm-none-eabi/4.9.3/../../../../arm-none-eabi/lib/armv7e-m/libg.a(lib_a-sbrkr.o)
                0x00000000200060e8                _sbrk_r
 .text.strlen   0x000000002000610c       0x5c /usr/bin/../lib/gcc/arm-none-eabi/4.9.3/../../../../arm-none-eabi/lib/armv7e-m/libg.a(lib_a-strlen.o)
                0x000000002000610c                strlen
 .text._vsnprintf_r
                0x0000000020006168       0x74 /usr/bin/../lib/gcc/arm-none-eabi/4.9.3/../../../../arm-none-eabi/lib/armv7e-m/libg.a(lib_a-vsnprintf.o)
                0x0000000020006168                _vsnprintf_r
 .text.vsnprintf
                0x00000000200061dc       0x20 /usr/bin/../lib/gcc/arm-none-eabi/4.9.3/../../../../arm-none-eabi/lib/armv7e-m/libg.a(lib_a-vsnprintf.o)
                0x00000000200061dc                vsnprintf
 .text._malloc_trim_r
                0x00000000200061fc       0x9c /usr/bin/../lib/gcc/arm-none-eabi/4.9.3/../../../../arm-none-eabi/lib/armv7e-m/libg.a(lib_a-freer.o)
                0x00000000200061fc                _malloc_trim_r
 .text._free_r  0x0000000020006298      0x1b0 /usr/bin/../lib/gcc/arm-none-eabi/4.9.3/../../../../arm-none-eabi/lib/armv7e-m/libg.a(lib_a-freer.o)
                0x0000000020006298                _free_r
 .text._svfprintf_r
                0x0000000020006448     0x1494 /usr/bin/../lib/gcc/arm-none-eabi/4.9.3/../../../../arm-none-eabi/lib/armv7e-m/libg.a(lib_a-svfprintf.o)
                0x0000000020006448                _svfprintf_r
 .text.quorem   0x00000000200078dc      0x12c /usr/bin/../lib/gcc/arm-none-eabi/4.9.3/../../../../arm-none-eabi/lib/armv7e-m/libg.a(lib_a-dtoa.o)
 .text._dtoa_r  0x0000000020007a08      0xe94 /usr/bin/../lib/gcc/arm-none-eabi/4.9.3/../../../../arm-none-eabi/lib/armv7e-m/libg.a(lib_a-dtoa.o)
                0x0000000020007a08                _dtoa_r
 .text._localeconv_r
                0x000000002000889c        0x8 /usr/bin/../lib/gcc/arm-none-eabi/4.9.3/../../../../arm-none-eabi/lib/armv7e-m/libg.a(lib_a-locale.o)
                0x000000002000889c                _localeconv_r
 .text.memchr   0x00000000200088a4       0x94 /usr/bin/../lib/gcc/arm-none-eabi/4.9.3/../../../../arm-none-eabi/lib/armv7e-m/libg.a(lib_a-memchr.o)
                0x00000000200088a4                memchr
 .text          0x0000000020008938      0x134 /usr/bin/../lib/gcc/arm-none-eabi/4.9.3/../../../../arm-none-eabi/lib/armv7e-m/libg.a(lib_a-memcpy.o)
                0x0000000020008938                memcpy
 .text._Balloc  0x0000000020008a6c       0x4c /usr/bin/../lib/gcc/arm-none-eabi/4.9.3/../../../../arm-none-eabi/lib/armv7e-m/libg.a(lib_a-mprec.o)
                0x0000000020008a6c                _Balloc
 .text._Bfree   0x0000000020008ab8       0x14 /usr/bin/../lib/gcc/arm-none-eabi/4.9.3/../../../../arm-none-eabi/lib/armv7e-m/libg.a(lib_a-mprec.o)
                0x0000000020008ab8                _Bfree
 .text.__multadd
                0x0000000020008acc       0x84 /usr/bin/../lib/gcc/arm-none-eabi/4.9.3/../../../../arm-none-eabi/lib/armv7e-m/libg.a(lib_a-mprec.o)
                0x0000000020008acc                __multadd
 .text.__hi0bits
                0x0000000020008b50       0x40 /usr/bin/../lib/gcc/arm-none-eabi/4.9.3/../../../../arm-none-eabi/lib/armv7e-m/libg.a(lib_a-mprec.o)
                0x0000000020008b50                __hi0bits
 .text.__lo0bits
                0x0000000020008b90       0x5c /usr/bin/../lib/gcc/arm-none-eabi/4.9.3/../../../../arm-none-eabi/lib/armv7e-m/libg.a(lib_a-mprec.o)
                0x0000000020008b90                __lo0bits
 .text.__i2b    0x0000000020008bec       0x14 /usr/bin/../lib/gcc/arm-none-eabi/4.9.3/../../../../arm-none-eabi/lib/armv7e-m/libg.a(lib_a-mprec.o)
                0x0000000020008bec                __i2b
 .text.__multiply
                0x0000000020008c00      0x134 /usr/bin/../lib/gcc/arm-none-eabi/4.9.3/../../../../arm-none-eabi/lib/armv7e-m/libg.a(lib_a-mprec.o)
                0x0000000020008c00                __multiply
 .text.__pow5mult
                0x0000000020008d34       0xa0 /usr/bin/../lib/gcc/arm-none-eabi/4.9.3/../../../../arm-none-eabi/lib/armv7e-m/libg.a(lib_a-mprec.o)
                0x0000000020008d34                __pow5mult
 .text.__lshift
                0x0000000020008dd4       0xac /usr/bin/../lib/gcc/arm-none-eabi/4.9.3/../../../../arm-none-eabi/lib/armv7e-m/libg.a(lib_a-mprec.o)
                0x0000000020008dd4                __lshift
 .text.__mcmp   0x0000000020008e80       0x48 /usr/bin/../lib/gcc/arm-none-eabi/4.9.3/../../../../arm-none-eabi/lib/armv7e-m/libg.a(lib_a-mprec.o)
                0x0000000020008e80                __mcmp
 .text.__mdiff  0x0000000020008ec8       0xd4 /usr/bin/../lib/gcc/arm-none-eabi/4.9.3/../../../../arm-none-eabi/lib/armv7e-m/libg.a(lib_a-mprec.o)
                0x0000000020008ec8                __mdiff
 .text.__d2b    0x0000000020008f9c       0xb8 /usr/bin/../lib/gcc/arm-none-eabi/4.9.3/../../../../arm-none-eabi/lib/armv7e-m/libg.a(lib_a-mprec.o)
                0x0000000020008f9c                __d2b
 .text.__fpclassifyd
                0x0000000020009054       0x58 /usr/bin/../lib/gcc/arm-none-eabi/4.9.3/../../../../arm-none-eabi/lib/armv7e-m/libg.a(lib_a-s_fpclassify.o)
                0x0000000020009054                __fpclassifyd
 .text.__ssprint_r
                0x00000000200090ac      0x104 /usr/bin/../lib/gcc/arm-none-eabi/4.9.3/../../../../arm-none-eabi/lib/armv7e-m/libg.a(lib_a-svfiprintf.o)
                0x00000000200090ac                __ssprint_r
 .text._calloc_r
                0x00000000200091b0       0x60 /usr/bin/../lib/gcc/arm-none-eabi/4.9.3/../../../../arm-none-eabi/lib/armv7e-m/libg.a(lib_a-callocr.o)
                0x00000000200091b0                _calloc_r
 .text          0x0000000020009210      0x370 /usr/bin/../lib/gcc/arm-none-eabi/4.9.3/armv7e-m/libgcc.a(_arm_addsubdf3.o)
                0x0000000020009210                __aeabi_drsub
                0x0000000020009218                __aeabi_dsub
                0x0000000020009218                __subdf3
                0x000000002000921c                __adddf3
                0x000000002000921c                __aeabi_dadd
                0x0000000020009494                __aeabi_ui2d
                0x0000000020009494                __floatunsidf
                0x00000000200094b4                __floatsidf
                0x00000000200094b4                __aeabi_i2d
                0x00000000200094d8                __extendsfdf2
                0x00000000200094d8                __aeabi_f2d
                0x0000000020009514                __aeabi_ul2d
                0x0000000020009514                __floatundidf
                0x0000000020009524                __floatdidf
                0x0000000020009524                __aeabi_l2d
 .text          0x0000000020009580      0x424 /usr/bin/../lib/gcc/arm-none-eabi/4.9.3/armv7e-m/libgcc.a(_arm_muldivdf3.o)
                0x0000000020009580                __aeabi_dmul
                0x0000000020009580                __muldf3
                0x00000000200097d4                __aeabi_ddiv
                0x00000000200097d4                __divdf3
 .text          0x00000000200099a4      0x110 /usr/bin/../lib/gcc/arm-none-eabi/4.9.3/armv7e-m/libgcc.a(_arm_cmpdf2.o)
                0x00000000200099a4                __gtdf2
                0x00000000200099a4                __gedf2
                0x00000000200099ac                __ltdf2
                0x00000000200099ac                __ledf2
                0x00000000200099b4                __cmpdf2
                0x00000000200099b4                __eqdf2
                0x00000000200099b4                __nedf2
                0x0000000020009a30                __aeabi_cdrcmple
                0x0000000020009a40                __aeabi_cdcmple
                0x0000000020009a40                __aeabi_cdcmpeq
                0x0000000020009a50                __aeabi_dcmpeq
                0x0000000020009a64                __aeabi_dcmplt
                0x0000000020009a78                __aeabi_dcmple
                0x0000000020009a8c                __aeabi_dcmpge
                0x0000000020009aa0                __aeabi_dcmpgt
 .text          0x0000000020009ab4       0x50 /usr/bin/../lib/gcc/arm-none-eabi/4.9.3/armv7e-m/libgcc.a(_arm_fixdfsi.o)
                0x0000000020009ab4                __fixdfsi
                0x0000000020009ab4                __aeabi_d2iz
 *(.rodata*)
 .rodata        0x0000000020009b04      0x18f ./main.o
 *fill*         0x0000000020009c93        0x1 
 .rodata        0x0000000020009c94       0x2a ./uart_if.o
 *fill*         0x0000000020009cbe        0x2 
 .rodata.g_pulEnRegs
                0x0000000020009cc0       0x18 /opt/cc3200/eclipse//../CC3200-Linux-SDK/lib/libdriver.a(interrupt.o)
 .rodata.g_ulPinToPadMap
                0x0000000020009cd8      0x100 /opt/cc3200/eclipse//../CC3200-Linux-SDK/lib/libdriver.a(pin.o)
 .rodata.PRCM_PeriphRegsList
                0x0000000020009dd8       0xa8 /opt/cc3200/eclipse//../CC3200-Linux-SDK/lib/libdriver.a(prcm.o)
 .rodata.str1.4
                0x0000000020009e80        0x2 /usr/bin/../lib/gcc/arm-none-eabi/4.9.3/../../../../arm-none-eabi/lib/armv7e-m/libg.a(lib_a-impure.o)
 *fill*         0x0000000020009e82        0x2 
 .rodata.zeroes.6911
                0x0000000020009e84       0x10 /usr/bin/../lib/gcc/arm-none-eabi/4.9.3/../../../../arm-none-eabi/lib/armv7e-m/libg.a(lib_a-svfprintf.o)
 .rodata.blanks.6910
                0x0000000020009e94       0x10 /usr/bin/../lib/gcc/arm-none-eabi/4.9.3/../../../../arm-none-eabi/lib/armv7e-m/libg.a(lib_a-svfprintf.o)
 .rodata.str1.4
                0x0000000020009ea4       0x42 /usr/bin/../lib/gcc/arm-none-eabi/4.9.3/../../../../arm-none-eabi/lib/armv7e-m/libg.a(lib_a-svfprintf.o)
 *fill*         0x0000000020009ee6        0x2 
 .rodata.str1.4
                0x0000000020009ee8       0x10 /usr/bin/../lib/gcc/arm-none-eabi/4.9.3/../../../../arm-none-eabi/lib/armv7e-m/libg.a(lib_a-dtoa.o)
                                         0x12 (size before relaxing)
 .rodata.str1.4
                0x0000000020009ef8        0xc /usr/bin/../lib/gcc/arm-none-eabi/4.9.3/../../../../arm-none-eabi/lib/armv7e-m/libg.a(lib_a-locale.o)
                                         0x12 (size before relaxing)
 *fill*         0x0000000020009f04        0x4 
 .rodata.__mprec_tens
                0x0000000020009f08       0xc8 /usr/bin/../lib/gcc/arm-none-eabi/4.9.3/../../../../arm-none-eabi/lib/armv7e-m/libg.a(lib_a-mprec.o)
                0x0000000020009f08                __mprec_tens
 .rodata.p05.5302
                0x0000000020009fd0        0xc /usr/bin/../lib/gcc/arm-none-eabi/4.9.3/../../../../arm-none-eabi/lib/armv7e-m/libg.a(lib_a-mprec.o)
 *fill*         0x0000000020009fdc        0x4 
 .rodata.__mprec_bigtens
                0x0000000020009fe0       0x28 /usr/bin/../lib/gcc/arm-none-eabi/4.9.3/../../../../arm-none-eabi/lib/armv7e-m/libg.a(lib_a-mprec.o)
                0x0000000020009fe0                __mprec_bigtens
 *(.ARM.extab* .gnu.linkonce.armextab.*)
                0x000000002000a008                . = ALIGN (0x8)
                0x000000002000a008                _etext = .

.glue_7         0x000000002000a008        0x0
 .glue_7        0x0000000000000000        0x0 linker stubs

.glue_7t        0x000000002000a008        0x0
 .glue_7t       0x0000000000000000        0x0 linker stubs

.vfp11_veneer   0x000000002000a008        0x0
 .vfp11_veneer  0x0000000000000000        0x0 linker stubs

.v4_bx          0x000000002000a008        0x0
 .v4_bx         0x0000000000000000        0x0 linker stubs

.iplt           0x000000002000a008        0x0
 .iplt          0x0000000000000000        0x0 /usr/bin/../lib/gcc/arm-none-eabi/4.9.3/armv7e-m/crtbegin.o

.ARM            0x000000002000a008        0x8
                0x000000002000a008                __exidx_start = .
 *(.ARM.exidx*)
 .ARM.exidx     0x000000002000a008        0x8 /usr/bin/../lib/gcc/arm-none-eabi/4.9.3/armv7e-m/libgcc.a(_divdi3.o)
 .ARM.exidx     0x000000002000a010        0x0 /usr/bin/../lib/gcc/arm-none-eabi/4.9.3/armv7e-m/libgcc.a(_udivdi3.o)
                                          0x8 (size before relaxing)
                0x000000002000a010                __exidx_end = .
                0x000000002000a010                __init_data = .

.rel.dyn        0x000000002000a010        0x0
 .rel.iplt      0x0000000000000000        0x0 /usr/bin/../lib/gcc/arm-none-eabi/4.9.3/armv7e-m/crtbegin.o

.data           0x000000002000a010      0x878
                0x000000002000a010                _data = .
 *(.data*)
 .data.impure_data
                0x000000002000a010      0x428 /usr/bin/../lib/gcc/arm-none-eabi/4.9.3/../../../../arm-none-eabi/lib/armv7e-m/libg.a(lib_a-impure.o)
 .data._impure_ptr
                0x000000002000a438        0x4 /usr/bin/../lib/gcc/arm-none-eabi/4.9.3/../../../../arm-none-eabi/lib/armv7e-m/libg.a(lib_a-impure.o)
                0x000000002000a438                _impure_ptr
 .data.__malloc_av_
                0x000000002000a43c      0x408 /usr/bin/../lib/gcc/arm-none-eabi/4.9.3/../../../../arm-none-eabi/lib/armv7e-m/libg.a(lib_a-mallocr.o)
                0x000000002000a43c                __malloc_av_
 .data.__malloc_trim_threshold
                0x000000002000a844        0x4 /usr/bin/../lib/gcc/arm-none-eabi/4.9.3/../../../../arm-none-eabi/lib/armv7e-m/libg.a(lib_a-mallocr.o)
                0x000000002000a844                __malloc_trim_threshold
 .data.__malloc_sbrk_base
                0x000000002000a848        0x4 /usr/bin/../lib/gcc/arm-none-eabi/4.9.3/../../../../arm-none-eabi/lib/armv7e-m/libg.a(lib_a-mallocr.o)
                0x000000002000a848                __malloc_sbrk_base
 .data.lconv    0x000000002000a84c       0x38 /usr/bin/../lib/gcc/arm-none-eabi/4.9.3/../../../../arm-none-eabi/lib/armv7e-m/libg.a(lib_a-locale.o)
                0x000000002000a888                . = ALIGN (0x8)
 *fill*         0x000000002000a884        0x4 
                0x000000002000a888                _edata = .

.igot.plt       0x000000002000a888        0x0
 .igot.plt      0x0000000000000000        0x0 /usr/bin/../lib/gcc/arm-none-eabi/4.9.3/armv7e-m/crtbegin.o

.bss            0x000000002000a888     0x1240
                0x000000002000a888                _bss = .
 *(.bss*)
 .bss.g_ucDataBuff
                0x000000002000a888      0x200 ./main.o
 .bss.heap_end  0x000000002000aa88        0x4 ./startup_gcc.o
 .bss.pui32Stack
                0x000000002000aa8c     0x1000 ./startup_gcc.o
 .bss.__Errorlog
                0x000000002000ba8c        0x4 ./uart_if.o
 .bss.__malloc_max_total_mem
                0x000000002000ba90        0x4 /usr/bin/../lib/gcc/arm-none-eabi/4.9.3/../../../../arm-none-eabi/lib/armv7e-m/libg.a(lib_a-mallocr.o)
                0x000000002000ba90                __malloc_max_total_mem
 .bss.__malloc_max_sbrked_mem
                0x000000002000ba94        0x4 /usr/bin/../lib/gcc/arm-none-eabi/4.9.3/../../../../arm-none-eabi/lib/armv7e-m/libg.a(lib_a-mallocr.o)
                0x000000002000ba94                __malloc_max_sbrked_mem
 .bss.__malloc_top_pad
                0x000000002000ba98        0x4 /usr/bin/../lib/gcc/arm-none-eabi/4.9.3/../../../../arm-none-eabi/lib/armv7e-m/libg.a(lib_a-mallocr.o)
                0x000000002000ba98                __malloc_top_pad
 .bss.__malloc_current_mallinfo
                0x000000002000ba9c       0x28 /usr/bin/../lib/gcc/arm-none-eabi/4.9.3/../../../../arm-none-eabi/lib/armv7e-m/libg.a(lib_a-mallocr.o)
                0x000000002000ba9c                __malloc_current_mallinfo
 *(COMMON)
 COMMON         0x000000002000bac4        0x4 /usr/bin/../lib/gcc/arm-none-eabi/4.9.3/../../../../arm-none-eabi/lib/armv7e-m/libg.a(lib_a-reent.o)
                0x000000002000bac4                errno
                0x000000002000bac8                _ebss = .

.heap           0x000000002000bac8    0x10000
                0x000000002000bac8                _heap = .
                0x000000002001bac8                . = (. + HEAP_SIZE)
 *fill*         0x000000002000bac8    0x10000 
                0x000000002001bac8                . = ALIGN (0x8)
                0x000000002001bac8                _eheap = .
OUTPUT(sdhost.elf elf32-littlearm)

.debug_info     0x0000000000000000     0x372b
 .debug_info    0x0000000000000000      0x300 ./main.o
 .debug_info    0x0000000000000300       0x49 ./pinmux.o
 .debug_info    0x0000000000000349      0x1eb ./startup_gcc.o
 .debug_info    0x0000000000000534      0x2b7 ./uart_if.o
 .debug_info    0x00000000000007eb      0x3f0 /opt/cc3200/eclipse//../CC3200-Linux-SDK/lib/libdriver.a(interrupt.o)
 .debug_info    0x0000000000000bdb      0x5cc /opt/cc3200/eclipse//../CC3200-Linux-SDK/lib/libdriver.a(pin.o)
 .debug_info    0x00000000000011a7     0x162c /opt/cc3200/eclipse//../CC3200-Linux-SDK/lib/libdriver.a(prcm.o)
 .debug_info    0x00000000000027d3      0x4e5 /opt/cc3200/eclipse//../CC3200-Linux-SDK/lib/libdriver.a(sdhost.o)
 .debug_info    0x0000000000002cb8      0x92d /opt/cc3200/eclipse//../CC3200-Linux-SDK/lib/libdriver.a(uart.o)
 .debug_info    0x00000000000035e5       0x50 /opt/cc3200/eclipse//../CC3200-Linux-SDK/lib/libdriver.a(utils.o)
 .debug_info    0x0000000000003635       0xf6 /opt/cc3200/eclipse//../CC3200-Linux-SDK/lib/libdriver.a(cpu.o)

.debug_abbrev   0x0000000000000000      0xe00
 .debug_abbrev  0x0000000000000000      0x12e ./main.o
 .debug_abbrev  0x000000000000012e       0x3a ./pinmux.o
 .debug_abbrev  0x0000000000000168      0x124 ./startup_gcc.o
 .debug_abbrev  0x000000000000028c      0x14a ./uart_if.o
 .debug_abbrev  0x00000000000003d6      0x191 /opt/cc3200/eclipse//../CC3200-Linux-SDK/lib/libdriver.a(interrupt.o)
 .debug_abbrev  0x0000000000000567      0x139 /opt/cc3200/eclipse//../CC3200-Linux-SDK/lib/libdriver.a(pin.o)
 .debug_abbrev  0x00000000000006a0      0x335 /opt/cc3200/eclipse//../CC3200-Linux-SDK/lib/libdriver.a(prcm.o)
 .debug_abbrev  0x00000000000009d5      0x152 /opt/cc3200/eclipse//../CC3200-Linux-SDK/lib/libdriver.a(sdhost.o)
 .debug_abbrev  0x0000000000000b27      0x1e1 /opt/cc3200/eclipse//../CC3200-Linux-SDK/lib/libdriver.a(uart.o)
 .debug_abbrev  0x0000000000000d08       0x48 /opt/cc3200/eclipse//../CC3200-Linux-SDK/lib/libdriver.a(utils.o)
 .debug_abbrev  0x0000000000000d50       0xb0 /opt/cc3200/eclipse//../CC3200-Linux-SDK/lib/libdriver.a(cpu.o)

.debug_aranges  0x0000000000000000      0x620
 .debug_aranges
                0x0000000000000000       0x58 ./main.o
 .debug_aranges
                0x0000000000000058       0x20 ./pinmux.o
 .debug_aranges
                0x0000000000000078       0x48 ./startup_gcc.o
 .debug_aranges
                0x00000000000000c0       0x50 ./uart_if.o
 .debug_aranges
                0x0000000000000110       0x98 /opt/cc3200/eclipse//../CC3200-Linux-SDK/lib/libdriver.a(interrupt.o)
 .debug_aranges
                0x00000000000001a8       0x90 /opt/cc3200/eclipse//../CC3200-Linux-SDK/lib/libdriver.a(pin.o)
 .debug_aranges
                0x0000000000000238      0x198 /opt/cc3200/eclipse//../CC3200-Linux-SDK/lib/libdriver.a(prcm.o)
 .debug_aranges
                0x00000000000003d0       0xb0 /opt/cc3200/eclipse//../CC3200-Linux-SDK/lib/libdriver.a(sdhost.o)
 .debug_aranges
                0x0000000000000480      0x138 /opt/cc3200/eclipse//../CC3200-Linux-SDK/lib/libdriver.a(uart.o)
 .debug_aranges
                0x00000000000005b8       0x20 /opt/cc3200/eclipse//../CC3200-Linux-SDK/lib/libdriver.a(utils.o)
 .debug_aranges
                0x00000000000005d8       0x48 /opt/cc3200/eclipse//../CC3200-Linux-SDK/lib/libdriver.a(cpu.o)

.debug_ranges   0x0000000000000000      0x890
 .debug_ranges  0x0000000000000000       0x48 ./main.o
 .debug_ranges  0x0000000000000048       0x10 ./pinmux.o
 .debug_ranges  0x0000000000000058       0x38 ./startup_gcc.o
 .debug_ranges  0x0000000000000090       0x40 ./uart_if.o
 .debug_ranges  0x00000000000000d0       0x88 /opt/cc3200/eclipse//../CC3200-Linux-SDK/lib/libdriver.a(interrupt.o)
 .debug_ranges  0x0000000000000158       0x80 /opt/cc3200/eclipse//../CC3200-Linux-SDK/lib/libdriver.a(pin.o)
 .debug_ranges  0x00000000000001d8      0x478 /opt/cc3200/eclipse//../CC3200-Linux-SDK/lib/libdriver.a(prcm.o)
 .debug_ranges  0x0000000000000650       0xa0 /opt/cc3200/eclipse//../CC3200-Linux-SDK/lib/libdriver.a(sdhost.o)
 .debug_ranges  0x00000000000006f0      0x158 /opt/cc3200/eclipse//../CC3200-Linux-SDK/lib/libdriver.a(uart.o)
 .debug_ranges  0x0000000000000848       0x10 /opt/cc3200/eclipse//../CC3200-Linux-SDK/lib/libdriver.a(utils.o)
 .debug_ranges  0x0000000000000858       0x38 /opt/cc3200/eclipse//../CC3200-Linux-SDK/lib/libdriver.a(cpu.o)

.debug_macro    0x0000000000000000     0x54f2
 .debug_macro   0x0000000000000000       0xb5 ./main.o
 .debug_macro   0x00000000000000b5      0x87a ./main.o
 .debug_macro   0x000000000000092f      0x42b ./main.o
 .debug_macro   0x0000000000000d5a       0x3a ./main.o
 .debug_macro   0x0000000000000d94       0xe8 ./main.o
 .debug_macro   0x0000000000000e7c      0x11e ./main.o
 .debug_macro   0x0000000000000f9a      0x23e ./main.o
 .debug_macro   0x00000000000011d8       0x9a ./main.o
 .debug_macro   0x0000000000001272      0x136 ./main.o
 .debug_macro   0x00000000000013a8      0xba7 ./main.o
 .debug_macro   0x0000000000001f4f      0x1c6 ./main.o
 .debug_macro   0x0000000000002115      0x1a7 ./main.o
 .debug_macro   0x00000000000022bc       0x40 ./main.o
 .debug_macro   0x00000000000022fc       0x28 ./main.o
 .debug_macro   0x0000000000002324       0x3a ./main.o
 .debug_macro   0x000000000000235e       0x6a ./main.o
 .debug_macro   0x00000000000023c8       0x72 ./pinmux.o
 .debug_macro   0x000000000000243a      0x35b ./pinmux.o
 .debug_macro   0x0000000000002795       0x9a ./pinmux.o
 .debug_macro   0x000000000000282f       0x66 ./startup_gcc.o
 .debug_macro   0x0000000000002895       0x22 ./startup_gcc.o
 .debug_macro   0x00000000000028b7       0x44 ./startup_gcc.o
 .debug_macro   0x00000000000028fb       0x58 ./startup_gcc.o
 .debug_macro   0x0000000000002953       0x22 ./startup_gcc.o
 .debug_macro   0x0000000000002975      0x1df ./startup_gcc.o
 .debug_macro   0x0000000000002b54     0x1afd ./startup_gcc.o
 .debug_macro   0x0000000000004651      0x1b8 ./uart_if.o
 .debug_macro   0x0000000000004809       0x58 ./uart_if.o
 .debug_macro   0x0000000000004861       0x58 ./uart_if.o
 .debug_macro   0x00000000000048b9       0x35 ./uart_if.o
 .debug_macro   0x00000000000048ee       0x9c ./uart_if.o
 .debug_macro   0x000000000000498a       0x16 ./uart_if.o
 .debug_macro   0x00000000000049a0      0x10e ./uart_if.o
 .debug_macro   0x0000000000004aae       0x86 ./uart_if.o
 .debug_macro   0x0000000000004b34       0x4a ./uart_if.o
 .debug_macro   0x0000000000004b7e       0x52 ./uart_if.o
 .debug_macro   0x0000000000004bd0       0x16 ./uart_if.o
 .debug_macro   0x0000000000004be6       0x43 ./uart_if.o
 .debug_macro   0x0000000000004c29      0x180 ./uart_if.o
 .debug_macro   0x0000000000004da9      0x27a ./uart_if.o
 .debug_macro   0x0000000000005023       0x16 ./uart_if.o
 .debug_macro   0x0000000000005039       0x29 ./uart_if.o
 .debug_macro   0x0000000000005062       0x1c ./uart_if.o
 .debug_macro   0x000000000000507e       0x35 ./uart_if.o
 .debug_macro   0x00000000000050b3       0x10 ./uart_if.o
 .debug_macro   0x00000000000050c3       0x22 ./uart_if.o
 .debug_macro   0x00000000000050e5       0xbe ./uart_if.o
 .debug_macro   0x00000000000051a3       0x16 ./uart_if.o
 .debug_macro   0x00000000000051b9      0x197 ./uart_if.o
 .debug_macro   0x0000000000005350       0x16 ./uart_if.o
 .debug_macro   0x0000000000005366       0x22 ./uart_if.o
 .debug_macro   0x0000000000005388       0x2e ./uart_if.o
 .debug_macro   0x00000000000053b6      0x13c ./uart_if.o

.debug_line     0x0000000000000000     0x1a55
 .debug_line    0x0000000000000000      0x34d ./main.o
 .debug_line    0x000000000000034d      0x123 ./pinmux.o
 .debug_line    0x0000000000000470      0x1e0 ./startup_gcc.o
 .debug_line    0x0000000000000650      0x3cc ./uart_if.o
 .debug_line    0x0000000000000a1c      0x1bf /opt/cc3200/eclipse//../CC3200-Linux-SDK/lib/libdriver.a(interrupt.o)
 .debug_line    0x0000000000000bdb      0x186 /opt/cc3200/eclipse//../CC3200-Linux-SDK/lib/libdriver.a(pin.o)
 .debug_line    0x0000000000000d61      0x6a2 /opt/cc3200/eclipse//../CC3200-Linux-SDK/lib/libdriver.a(prcm.o)
 .debug_line    0x0000000000001403      0x1f8 /opt/cc3200/eclipse//../CC3200-Linux-SDK/lib/libdriver.a(sdhost.o)
 .debug_line    0x00000000000015fb      0x388 /opt/cc3200/eclipse//../CC3200-Linux-SDK/lib/libdriver.a(uart.o)
 .debug_line    0x0000000000001983       0x39 /opt/cc3200/eclipse//../CC3200-Linux-SDK/lib/libdriver.a(utils.o)
 .debug_line    0x00000000000019bc       0x99 /opt/cc3200/eclipse//../CC3200-Linux-SDK/lib/libdriver.a(cpu.o)

.debug_str      0x0000000000000000    0x17883
 .debug_str     0x0000000000000000     0xb35c ./main.o
                                       0xb3ab (size before relaxing)
 .debug_str     0x000000000000b35c     0x1086 ./pinmux.o
                                       0x8f5e (size before relaxing)
 .debug_str     0x000000000000c3e2     0x76ec ./startup_gcc.o
                                       0x9f09 (size before relaxing)
 .debug_str     0x0000000000013ace     0x37cc ./uart_if.o
                                       0xba70 (size before relaxing)
 .debug_str     0x000000000001729a      0x1b7 /opt/cc3200/eclipse//../CC3200-Linux-SDK/lib/libdriver.a(interrupt.o)
                                        0x2e6 (size before relaxing)
 .debug_str     0x0000000000017451       0x59 /opt/cc3200/eclipse//../CC3200-Linux-SDK/lib/libdriver.a(pin.o)
                                        0x21c (size before relaxing)
 .debug_str     0x00000000000174aa      0x294 /opt/cc3200/eclipse//../CC3200-Linux-SDK/lib/libdriver.a(prcm.o)
                                        0x798 (size before relaxing)
 .debug_str     0x000000000001773e       0x69 /opt/cc3200/eclipse//../CC3200-Linux-SDK/lib/libdriver.a(sdhost.o)
                                        0x331 (size before relaxing)
 .debug_str     0x00000000000177a7       0xae /opt/cc3200/eclipse//../CC3200-Linux-SDK/lib/libdriver.a(uart.o)
                                        0x481 (size before relaxing)
 .debug_str     0x0000000000017855       0x10 /opt/cc3200/eclipse//../CC3200-Linux-SDK/lib/libdriver.a(utils.o)
                                         0xed (size before relaxing)
 .debug_str     0x0000000000017865       0x1e /opt/cc3200/eclipse//../CC3200-Linux-SDK/lib/libdriver.a(cpu.o)
                                        0x12b (size before relaxing)

.comment        0x0000000000000000       0x70
 .comment       0x0000000000000000       0x70 ./main.o
                                         0x71 (size before relaxing)
 .comment       0x0000000000000000       0x71 ./pinmux.o
 .comment       0x0000000000000000       0x71 ./startup_gcc.o
 .comment       0x0000000000000000       0x71 ./uart_if.o
 .comment       0x0000000000000000       0x71 /opt/cc3200/eclipse//../CC3200-Linux-SDK/lib/libdriver.a(interrupt.o)
 .comment       0x0000000000000000       0x71 /opt/cc3200/eclipse//../CC3200-Linux-SDK/lib/libdriver.a(pin.o)
 .comment       0x0000000000000000       0x71 /opt/cc3200/eclipse//../CC3200-Linux-SDK/lib/libdriver.a(prcm.o)
 .comment       0x0000000000000000       0x71 /opt/cc3200/eclipse//../CC3200-Linux-SDK/lib/libdriver.a(sdhost.o)
 .comment       0x0000000000000000       0x71 /opt/cc3200/eclipse//../CC3200-Linux-SDK/lib/libdriver.a(uart.o)
 .comment       0x0000000000000000       0x71 /opt/cc3200/eclipse//../CC3200-Linux-SDK/lib/libdriver.a(utils.o)
 .comment       0x0000000000000000       0x71 /opt/cc3200/eclipse//../CC3200-Linux-SDK/lib/libdriver.a(cpu.o)

.ARM.attributes
                0x0000000000000000       0x2a
 .ARM.attributes
                0x0000000000000000       0x33 ./main.o
 .ARM.attributes
                0x0000000000000033       0x33 ./pinmux.o
 .ARM.attributes
                0x0000000000000066       0x33 ./startup_gcc.o
 .ARM.attributes
                0x0000000000000099       0x33 ./uart_if.o
 .ARM.attributes
                0x00000000000000cc       0x33 /opt/cc3200/eclipse//../CC3200-Linux-SDK/lib/libdriver.a(interrupt.o)
 .ARM.attributes
                0x00000000000000ff       0x33 /opt/cc3200/eclipse//../CC3200-Linux-SDK/lib/libdriver.a(pin.o)
 .ARM.attributes
                0x0000000000000132       0x33 /opt/cc3200/eclipse//../CC3200-Linux-SDK/lib/libdriver.a(prcm.o)
 .ARM.attributes
                0x0000000000000165       0x33 /opt/cc3200/eclipse//../CC3200-Linux-SDK/lib/libdriver.a(sdhost.o)
 .ARM.attributes
                0x0000000000000198       0x33 /opt/cc3200/eclipse//../CC3200-Linux-SDK/lib/libdriver.a(uart.o)
 .ARM.attributes
                0x00000000000001cb       0x33 /opt/cc3200/eclipse//../CC3200-Linux-SDK/lib/libdriver.a(utils.o)
 .ARM.attributes
                0x00000000000001fe       0x33 /opt/cc3200/eclipse//../CC3200-Linux-SDK/lib/libdriver.a(cpu.o)
 .ARM.attributes
                0x0000000000000231       0x1e /usr/bin/../lib/gcc/arm-none-eabi/4.9.3/armv7e-m/libgcc.a(_aeabi_uldivmod.o)
 .ARM.attributes
                0x000000000000024f       0x2e /usr/bin/../lib/gcc/arm-none-eabi/4.9.3/armv7e-m/libgcc.a(bpabi.o)
 .ARM.attributes
                0x000000000000027d       0x1e /usr/bin/../lib/gcc/arm-none-eabi/4.9.3/armv7e-m/libgcc.a(_dvmd_tls.o)
 .ARM.attributes
                0x000000000000029b       0x2e /usr/bin/../lib/gcc/arm-none-eabi/4.9.3/armv7e-m/libgcc.a(_divdi3.o)
 .ARM.attributes
                0x00000000000002c9       0x2e /usr/bin/../lib/gcc/arm-none-eabi/4.9.3/armv7e-m/libgcc.a(_udivdi3.o)
 .ARM.attributes
                0x00000000000002f7       0x2e /usr/bin/../lib/gcc/arm-none-eabi/4.9.3/../../../../arm-none-eabi/lib/armv7e-m/libg.a(lib_a-impure.o)
 .ARM.attributes
                0x0000000000000325       0x2e /usr/bin/../lib/gcc/arm-none-eabi/4.9.3/../../../../arm-none-eabi/lib/armv7e-m/libg.a(lib_a-malloc.o)
 .ARM.attributes
                0x0000000000000353       0x2e /usr/bin/../lib/gcc/arm-none-eabi/4.9.3/../../../../arm-none-eabi/lib/armv7e-m/libg.a(lib_a-mallocr.o)
 .ARM.attributes
                0x0000000000000381       0x2e /usr/bin/../lib/gcc/arm-none-eabi/4.9.3/../../../../arm-none-eabi/lib/armv7e-m/libg.a(lib_a-memmove.o)
 .ARM.attributes
                0x00000000000003af       0x2e /usr/bin/../lib/gcc/arm-none-eabi/4.9.3/../../../../arm-none-eabi/lib/armv7e-m/libg.a(lib_a-memset.o)
 .ARM.attributes
                0x00000000000003dd       0x2e /usr/bin/../lib/gcc/arm-none-eabi/4.9.3/../../../../arm-none-eabi/lib/armv7e-m/libg.a(lib_a-mlock.o)
 .ARM.attributes
                0x000000000000040b       0x2e /usr/bin/../lib/gcc/arm-none-eabi/4.9.3/../../../../arm-none-eabi/lib/armv7e-m/libg.a(lib_a-realloc.o)
 .ARM.attributes
                0x0000000000000439       0x2e /usr/bin/../lib/gcc/arm-none-eabi/4.9.3/../../../../arm-none-eabi/lib/armv7e-m/libg.a(lib_a-reallocr.o)
 .ARM.attributes
                0x0000000000000467       0x2e /usr/bin/../lib/gcc/arm-none-eabi/4.9.3/../../../../arm-none-eabi/lib/armv7e-m/libg.a(lib_a-sbrkr.o)
 .ARM.attributes
                0x0000000000000495       0x2e /usr/bin/../lib/gcc/arm-none-eabi/4.9.3/../../../../arm-none-eabi/lib/armv7e-m/libg.a(lib_a-strlen.o)
 .ARM.attributes
                0x00000000000004c3       0x2e /usr/bin/../lib/gcc/arm-none-eabi/4.9.3/../../../../arm-none-eabi/lib/armv7e-m/libg.a(lib_a-vsnprintf.o)
 .ARM.attributes
                0x00000000000004f1       0x2e /usr/bin/../lib/gcc/arm-none-eabi/4.9.3/../../../../arm-none-eabi/lib/armv7e-m/libg.a(lib_a-freer.o)
 .ARM.attributes
                0x000000000000051f       0x2e /usr/bin/../lib/gcc/arm-none-eabi/4.9.3/../../../../arm-none-eabi/lib/armv7e-m/libg.a(lib_a-reent.o)
 .ARM.attributes
                0x000000000000054d       0x2e /usr/bin/../lib/gcc/arm-none-eabi/4.9.3/../../../../arm-none-eabi/lib/armv7e-m/libg.a(lib_a-svfprintf.o)
 .ARM.attributes
                0x000000000000057b       0x2e /usr/bin/../lib/gcc/arm-none-eabi/4.9.3/../../../../arm-none-eabi/lib/armv7e-m/libg.a(lib_a-dtoa.o)
 .ARM.attributes
                0x00000000000005a9       0x2e /usr/bin/../lib/gcc/arm-none-eabi/4.9.3/../../../../arm-none-eabi/lib/armv7e-m/libg.a(lib_a-locale.o)
 .ARM.attributes
                0x00000000000005d7       0x2e /usr/bin/../lib/gcc/arm-none-eabi/4.9.3/../../../../arm-none-eabi/lib/armv7e-m/libg.a(lib_a-memchr.o)
 .ARM.attributes
                0x0000000000000605       0x1c /usr/bin/../lib/gcc/arm-none-eabi/4.9.3/../../../../arm-none-eabi/lib/armv7e-m/libg.a(lib_a-memcpy.o)
 .ARM.attributes
                0x0000000000000621       0x2e /usr/bin/../lib/gcc/arm-none-eabi/4.9.3/../../../../arm-none-eabi/lib/armv7e-m/libg.a(lib_a-mprec.o)
 .ARM.attributes
                0x000000000000064f       0x2e /usr/bin/../lib/gcc/arm-none-eabi/4.9.3/../../../../arm-none-eabi/lib/armv7e-m/libg.a(lib_a-s_fpclassify.o)
 .ARM.attributes
                0x000000000000067d       0x2e /usr/bin/../lib/gcc/arm-none-eabi/4.9.3/../../../../arm-none-eabi/lib/armv7e-m/libg.a(lib_a-svfiprintf.o)
 .ARM.attributes
                0x00000000000006ab       0x2e /usr/bin/../lib/gcc/arm-none-eabi/4.9.3/../../../../arm-none-eabi/lib/armv7e-m/libg.a(lib_a-callocr.o)
 .ARM.attributes
                0x00000000000006d9       0x1e /usr/bin/../lib/gcc/arm-none-eabi/4.9.3/armv7e-m/libgcc.a(_arm_addsubdf3.o)
 .ARM.attributes
                0x00000000000006f7       0x1e /usr/bin/../lib/gcc/arm-none-eabi/4.9.3/armv7e-m/libgcc.a(_arm_muldivdf3.o)
 .ARM.attributes
                0x0000000000000715       0x1e /usr/bin/../lib/gcc/arm-none-eabi/4.9.3/armv7e-m/libgcc.a(_arm_cmpdf2.o)
 .ARM.attributes
                0x0000000000000733       0x1e /usr/bin/../lib/gcc/arm-none-eabi/4.9.3/armv7e-m/libgcc.a(_arm_fixdfsi.o)

.debug_frame    0x0000000000000000     0x17c4
 .debug_frame   0x0000000000000000      0x124 ./main.o
 .debug_frame   0x0000000000000124       0x2c ./pinmux.o
 .debug_frame   0x0000000000000150       0xbc ./startup_gcc.o
 .debug_frame   0x000000000000020c      0x12c ./uart_if.o
 .debug_frame   0x0000000000000338      0x128 /opt/cc3200/eclipse//../CC3200-Linux-SDK/lib/libdriver.a(interrupt.o)
 .debug_frame   0x0000000000000460      0x17c /opt/cc3200/eclipse//../CC3200-Linux-SDK/lib/libdriver.a(pin.o)
 .debug_frame   0x00000000000005dc      0x4a0 /opt/cc3200/eclipse//../CC3200-Linux-SDK/lib/libdriver.a(prcm.o)
 .debug_frame   0x0000000000000a7c      0x160 /opt/cc3200/eclipse//../CC3200-Linux-SDK/lib/libdriver.a(sdhost.o)
 .debug_frame   0x0000000000000bdc      0x28c /opt/cc3200/eclipse//../CC3200-Linux-SDK/lib/libdriver.a(uart.o)
 .debug_frame   0x0000000000000e68       0x20 /opt/cc3200/eclipse//../CC3200-Linux-SDK/lib/libdriver.a(utils.o)
 .debug_frame   0x0000000000000e88       0x70 /opt/cc3200/eclipse//../CC3200-Linux-SDK/lib/libdriver.a(cpu.o)
 .debug_frame   0x0000000000000ef8       0x28 /usr/bin/../lib/gcc/arm-none-eabi/4.9.3/armv7e-m/libgcc.a(_aeabi_uldivmod.o)
 .debug_frame   0x0000000000000f20       0x50 /usr/bin/../lib/gcc/arm-none-eabi/4.9.3/armv7e-m/libgcc.a(bpabi.o)
 .debug_frame   0x0000000000000f70       0x34 /usr/bin/../lib/gcc/arm-none-eabi/4.9.3/armv7e-m/libgcc.a(_divdi3.o)
 .debug_frame   0x0000000000000fa4       0x30 /usr/bin/../lib/gcc/arm-none-eabi/4.9.3/armv7e-m/libgcc.a(_udivdi3.o)
 .debug_frame   0x0000000000000fd4       0x30 /usr/bin/../lib/gcc/arm-none-eabi/4.9.3/../../../../arm-none-eabi/lib/armv7e-m/libg.a(lib_a-malloc.o)
 .debug_frame   0x0000000000001004       0x58 /usr/bin/../lib/gcc/arm-none-eabi/4.9.3/../../../../arm-none-eabi/lib/armv7e-m/libg.a(lib_a-mallocr.o)
 .debug_frame   0x000000000000105c       0x30 /usr/bin/../lib/gcc/arm-none-eabi/4.9.3/../../../../arm-none-eabi/lib/armv7e-m/libg.a(lib_a-memmove.o)
 .debug_frame   0x000000000000108c       0x34 /usr/bin/../lib/gcc/arm-none-eabi/4.9.3/../../../../arm-none-eabi/lib/armv7e-m/libg.a(lib_a-memset.o)
 .debug_frame   0x00000000000010c0       0x30 /usr/bin/../lib/gcc/arm-none-eabi/4.9.3/../../../../arm-none-eabi/lib/armv7e-m/libg.a(lib_a-mlock.o)
 .debug_frame   0x00000000000010f0       0x20 /usr/bin/../lib/gcc/arm-none-eabi/4.9.3/../../../../arm-none-eabi/lib/armv7e-m/libg.a(lib_a-realloc.o)
 .debug_frame   0x0000000000001110       0x60 /usr/bin/../lib/gcc/arm-none-eabi/4.9.3/../../../../arm-none-eabi/lib/armv7e-m/libg.a(lib_a-reallocr.o)
 .debug_frame   0x0000000000001170       0x2c /usr/bin/../lib/gcc/arm-none-eabi/4.9.3/../../../../arm-none-eabi/lib/armv7e-m/libg.a(lib_a-sbrkr.o)
 .debug_frame   0x000000000000119c       0x20 /usr/bin/../lib/gcc/arm-none-eabi/4.9.3/../../../../arm-none-eabi/lib/armv7e-m/libg.a(lib_a-strlen.o)
 .debug_frame   0x00000000000011bc       0x60 /usr/bin/../lib/gcc/arm-none-eabi/4.9.3/../../../../arm-none-eabi/lib/armv7e-m/libg.a(lib_a-vsnprintf.o)
 .debug_frame   0x000000000000121c       0x74 /usr/bin/../lib/gcc/arm-none-eabi/4.9.3/../../../../arm-none-eabi/lib/armv7e-m/libg.a(lib_a-freer.o)
 .debug_frame   0x0000000000001290       0x58 /usr/bin/../lib/gcc/arm-none-eabi/4.9.3/../../../../arm-none-eabi/lib/armv7e-m/libg.a(lib_a-reent.o)
 .debug_frame   0x00000000000012e8       0x40 /usr/bin/../lib/gcc/arm-none-eabi/4.9.3/../../../../arm-none-eabi/lib/armv7e-m/libg.a(lib_a-svfprintf.o)
 .debug_frame   0x0000000000001328       0x88 /usr/bin/../lib/gcc/arm-none-eabi/4.9.3/../../../../arm-none-eabi/lib/armv7e-m/libg.a(lib_a-dtoa.o)
 .debug_frame   0x00000000000013b0       0x9c /usr/bin/../lib/gcc/arm-none-eabi/4.9.3/../../../../arm-none-eabi/lib/armv7e-m/libg.a(lib_a-locale.o)
 .debug_frame   0x000000000000144c       0x3c /usr/bin/../lib/gcc/arm-none-eabi/4.9.3/../../../../arm-none-eabi/lib/armv7e-m/libg.a(lib_a-memchr.o)
 .debug_frame   0x0000000000001488      0x268 /usr/bin/../lib/gcc/arm-none-eabi/4.9.3/../../../../arm-none-eabi/lib/armv7e-m/libg.a(lib_a-mprec.o)
 .debug_frame   0x00000000000016f0       0x34 /usr/bin/../lib/gcc/arm-none-eabi/4.9.3/../../../../arm-none-eabi/lib/armv7e-m/libg.a(lib_a-s_fpclassify.o)
 .debug_frame   0x0000000000001724       0x78 /usr/bin/../lib/gcc/arm-none-eabi/4.9.3/../../../../arm-none-eabi/lib/armv7e-m/libg.a(lib_a-svfiprintf.o)
 .debug_frame   0x000000000000179c       0x28 /usr/bin/../lib/gcc/arm-none-eabi/4.9.3/../../../../arm-none-eabi/lib/armv7e-m/libg.a(lib_a-callocr.o)

.debug_loc      0x0000000000000000     0x1ea3
 .debug_loc     0x0000000000000000      0x165 /opt/cc3200/eclipse//../CC3200-Linux-SDK/lib/libdriver.a(interrupt.o)
 .debug_loc     0x0000000000000165      0x661 /opt/cc3200/eclipse//../CC3200-Linux-SDK/lib/libdriver.a(pin.o)
 .debug_loc     0x00000000000007c6      0xebc /opt/cc3200/eclipse//../CC3200-Linux-SDK/lib/libdriver.a(prcm.o)
 .debug_loc     0x0000000000001682      0x21b /opt/cc3200/eclipse//../CC3200-Linux-SDK/lib/libdriver.a(sdhost.o)
 .debug_loc     0x000000000000189d      0x606 /opt/cc3200/eclipse//../CC3200-Linux-SDK/lib/libdriver.a(uart.o)
